Archive member included to satisfy reference by file (symbol)

c:/nxp/mcuxpressoide_11.6.0_8187/ide/plugins/com.nxp.mcuxpresso.tools.win32_11.6.0.202112161359/tools/bin/../lib/gcc/arm-none-eabi/10.3.1/../../../../arm-none-eabi/lib/thumb/v7e-m+fp/hard\libcr_nohost_nf.a(_cr__main.o)
                              ./startup/startup_mk64f12.o (__main)
c:/nxp/mcuxpressoide_11.6.0_8187/ide/plugins/com.nxp.mcuxpresso.tools.win32_11.6.0.202112161359/tools/bin/../lib/gcc/arm-none-eabi/10.3.1/../../../../arm-none-eabi/lib/thumb/v7e-m+fp/hard\libcr_c.a(memcpy.o)
                              ./utilities/fsl_str.o (memcpy)
c:/nxp/mcuxpressoide_11.6.0_8187/ide/plugins/com.nxp.mcuxpresso.tools.win32_11.6.0.202112161359/tools/bin/../lib/gcc/arm-none-eabi/10.3.1/../../../../arm-none-eabi/lib/thumb/v7e-m+fp/hard\libcr_c.a(memset.o)
                              ./utilities/fsl_debug_console.o (memset)
c:/nxp/mcuxpressoide_11.6.0_8187/ide/plugins/com.nxp.mcuxpresso.tools.win32_11.6.0.202112161359/tools/bin/../lib/gcc/arm-none-eabi/10.3.1/../../../../arm-none-eabi/lib/thumb/v7e-m+fp/hard\libcr_c.a(alloc.o)
                              ./source/A7_modem.o (malloc)
c:/nxp/mcuxpressoide_11.6.0_8187/ide/plugins/com.nxp.mcuxpresso.tools.win32_11.6.0.202112161359/tools/bin/../lib/gcc/arm-none-eabi/10.3.1/../../../../arm-none-eabi/lib/thumb/v7e-m+fp/hard\libcr_c.a(ctype.o)
                              ./drivers/re.o (__ctype)
c:/nxp/mcuxpressoide_11.6.0_8187/ide/plugins/com.nxp.mcuxpresso.tools.win32_11.6.0.202112161359/tools/bin/../lib/gcc/arm-none-eabi/10.3.1/../../../../arm-none-eabi/lib/thumb/v7e-m+fp/hard\libcr_c.a(errno.o)
                              ./utilities/fsl_str.o (errno)
c:/nxp/mcuxpressoide_11.6.0_8187/ide/plugins/com.nxp.mcuxpresso.tools.win32_11.6.0.202112161359/tools/bin/../lib/gcc/arm-none-eabi/10.3.1/../../../../arm-none-eabi/lib/thumb/v7e-m+fp/hard\libcr_c.a(floor.o)
                              ./source/A7_modem.o (floor)
c:/nxp/mcuxpressoide_11.6.0_8187/ide/plugins/com.nxp.mcuxpresso.tools.win32_11.6.0.202112161359/tools/bin/../lib/gcc/arm-none-eabi/10.3.1/../../../../arm-none-eabi/lib/thumb/v7e-m+fp/hard\libcr_c.a(fpprintf.o)
                              ./source/A7_modem.o (sprintf)
c:/nxp/mcuxpressoide_11.6.0_8187/ide/plugins/com.nxp.mcuxpresso.tools.win32_11.6.0.202112161359/tools/bin/../lib/gcc/arm-none-eabi/10.3.1/../../../../arm-none-eabi/lib/thumb/v7e-m+fp/hard\libcr_c.a(initio.o)
                              c:/nxp/mcuxpressoide_11.6.0_8187/ide/plugins/com.nxp.mcuxpresso.tools.win32_11.6.0.202112161359/tools/bin/../lib/gcc/arm-none-eabi/10.3.1/../../../../arm-none-eabi/lib/thumb/v7e-m+fp/hard\libcr_nohost_nf.a(_cr__main.o) (_initio)
c:/nxp/mcuxpressoide_11.6.0_8187/ide/plugins/com.nxp.mcuxpresso.tools.win32_11.6.0.202112161359/tools/bin/../lib/gcc/arm-none-eabi/10.3.1/../../../../arm-none-eabi/lib/thumb/v7e-m+fp/hard\libcr_c.a(modf.o)
                              ./utilities/fsl_str.o (modf)
c:/nxp/mcuxpressoide_11.6.0_8187/ide/plugins/com.nxp.mcuxpresso.tools.win32_11.6.0.202112161359/tools/bin/../lib/gcc/arm-none-eabi/10.3.1/../../../../arm-none-eabi/lib/thumb/v7e-m+fp/hard\libcr_c.a(pow.o)
                              ./utilities/fsl_str.o (pow)
c:/nxp/mcuxpressoide_11.6.0_8187/ide/plugins/com.nxp.mcuxpresso.tools.win32_11.6.0.202112161359/tools/bin/../lib/gcc/arm-none-eabi/10.3.1/../../../../arm-none-eabi/lib/thumb/v7e-m+fp/hard\libcr_c.a(printf.o)
                              c:/nxp/mcuxpressoide_11.6.0_8187/ide/plugins/com.nxp.mcuxpresso.tools.win32_11.6.0.202112161359/tools/bin/../lib/gcc/arm-none-eabi/10.3.1/../../../../arm-none-eabi/lib/thumb/v7e-m+fp/hard\libcr_c.a(fpprintf.o) (__vfprintf)
c:/nxp/mcuxpressoide_11.6.0_8187/ide/plugins/com.nxp.mcuxpresso.tools.win32_11.6.0.202112161359/tools/bin/../lib/gcc/arm-none-eabi/10.3.1/../../../../arm-none-eabi/lib/thumb/v7e-m+fp/hard\libcr_c.a(scanf.o)
                              ./source/A7_modem.o (sscanf)
c:/nxp/mcuxpressoide_11.6.0_8187/ide/plugins/com.nxp.mcuxpresso.tools.win32_11.6.0.202112161359/tools/bin/../lib/gcc/arm-none-eabi/10.3.1/../../../../arm-none-eabi/lib/thumb/v7e-m+fp/hard\libcr_c.a(setvbuf.o)
                              c:/nxp/mcuxpressoide_11.6.0_8187/ide/plugins/com.nxp.mcuxpresso.tools.win32_11.6.0.202112161359/tools/bin/../lib/gcc/arm-none-eabi/10.3.1/../../../../arm-none-eabi/lib/thumb/v7e-m+fp/hard\libcr_c.a(initio.o) (setvbuf)
c:/nxp/mcuxpressoide_11.6.0_8187/ide/plugins/com.nxp.mcuxpresso.tools.win32_11.6.0.202112161359/tools/bin/../lib/gcc/arm-none-eabi/10.3.1/../../../../arm-none-eabi/lib/thumb/v7e-m+fp/hard\libcr_c.a(strcmp.o)
                              ./source/A7_modem.o (strcmp)
c:/nxp/mcuxpressoide_11.6.0_8187/ide/plugins/com.nxp.mcuxpresso.tools.win32_11.6.0.202112161359/tools/bin/../lib/gcc/arm-none-eabi/10.3.1/../../../../arm-none-eabi/lib/thumb/v7e-m+fp/hard\libcr_c.a(strlen.o)
                              ./utilities/fsl_str.o (strlen)
[...]
Memory Configuration

Name             Origin             Length             Attributes
PROGRAM_FLASH    0x00000000         0x00100000         xr
SRAM_UPPER       0x20000000         0x00030000         xrw
SRAM_LOWER       0x1fff0000         0x00010000         xrw
FLEX_RAM         0x14000000         0x00001000         xrw
*default*        0x00000000         0xffffffff

Linker script and memory map

LOAD ./utilities/fsl_assert.o
LOAD ./utilities/fsl_debug_console.o
LOAD ./utilities/fsl_str.o
LOAD ./startup/startup_mk64f12.o
LOAD ./source/A7_modem.o
LOAD ./source/semihost_hardfault.o
LOAD ./freertos/freertos_kernel/portable/MemMang/heap_4.o
LOAD ./freertos/freertos_kernel/portable/GCC/ARM_CM4F/port.o
LOAD ./freertos/freertos_kernel/croutine.o
LOAD ./freertos/freertos_kernel/event_groups.o
LOAD ./freertos/freertos_kernel/list.o
LOAD ./freertos/freertos_kernel/queue.o
LOAD ./freertos/freertos_kernel/stream_buffer.o
LOAD ./freertos/freertos_kernel/tasks.o
LOAD ./freertos/freertos_kernel/timers.o
LOAD ./drivers/freertos/fsl_uart_freertos.o
LOAD ./drivers/fsl_clock.o
LOAD ./drivers/fsl_common.o
LOAD ./drivers/fsl_common_arm.o
LOAD ./drivers/fsl_ftfx_cache.o
LOAD ./drivers/fsl_ftfx_controller.o
LOAD ./drivers/fsl_ftfx_flash.o
LOAD ./drivers/fsl_ftfx_flexnvm.o
LOAD ./drivers/fsl_gpio.o
LOAD ./drivers/fsl_smc.o
LOAD ./drivers/fsl_uart.o
LOAD ./drivers/re.o
LOAD ./device/system_MK64F12.o
LOAD ./component/uart/fsl_adapter_uart.o
LOAD ./component/serial_manager/fsl_component_serial_manager.o
LOAD ./component/serial_manager/fsl_component_serial_port_uart.o
LOAD ./component/lists/fsl_component_generic_list.o
LOAD ./board/board.o
LOAD ./board/clock_config.o
LOAD ./board/pin_mux.o
START GROUP
LOAD c:/nxp/mcuxpressoide_11.6.0_8187/ide/plugins/com.nxp.mcuxpresso.tools.win32_11.6.0.202112161359/tools/bin/../lib/gcc/arm-none-eabi/10.3.1/../../../../arm-none-eabi/lib/thumb/v7e-m+fp/hard\libcr_nohost_nf.a
LOAD c:/nxp/mcuxpressoide_11.6.0_8187/ide/plugins/com.nxp.mcuxpresso.tools.win32_11.6.0.202112161359/tools/bin/../lib/gcc/arm-none-eabi/10.3.1/../../../../arm-none-eabi/lib/thumb/v7e-m+fp/hard\libcr_c.a
LOAD c:/nxp/mcuxpressoide_11.6.0_8187/ide/plugins/com.nxp.mcuxpresso.tools.win32_11.6.0.202112161359/tools/bin/../lib/gcc/arm-none-eabi/10.3.1/thumb/v7e-m+fp/hard\libcr_eabihelpers.a
LOAD c:/nxp/mcuxpressoide_11.6.0_8187/ide/plugins/com.nxp.mcuxpresso.tools.win32_11.6.0.202112161359/tools/bin/../lib/gcc/arm-none-eabi/10.3.1/thumb/v7e-m+fp/hard\libgcc.a
END GROUP
                0x00000000                __base_PROGRAM_FLASH = 0x0
                0x00000000                __base_Flash = 0x0
                0x00100000                __top_PROGRAM_FLASH = 0x100000
                0x00100000                __top_Flash = 0x100000
                0x20000000                __base_SRAM_UPPER = 0x20000000
                0x20000000                __base_RAM = 0x20000000
                0x20030000                __top_SRAM_UPPER = 0x20030000
                0x20030000                __top_RAM = 0x20030000
                0x1fff0000                __base_SRAM_LOWER = 0x1fff0000
                0x1fff0000                __base_RAM2 = 0x1fff0000
                0x20000000                __top_SRAM_LOWER = 0x20000000
                0x20000000                __top_RAM2 = 0x20000000
                0x14000000                __base_FLEX_RAM = 0x14000000
                0x14000000                __base_RAM3 = 0x14000000
                0x14001000                __top_FLEX_RAM = 0x14001000
                0x14001000                __top_RAM3 = 0x14001000

.text           0x00000000     0xac68
 FILL mask 0xff
                0x00000000                __vectors_start__ = ABSOLUTE (.)
 *(SORT_BY_ALIGNMENT(.isr_vector))
 .isr_vector    0x00000000      0x198 ./startup/startup_mk64f12.o
                0x00000000                g_pfnVectors
                0x00000000                __Vectors
                0x00000198                . = ALIGN (0x4)
                0x00000198                __section_table_start = .
                0x00000198                __data_section_table = .
                0x00000198        0x4 LONG 0xac68 LOADADDR (.data)
                0x0000019c        0x4 LONG 0x20000000 ADDR (.data)
                0x000001a0        0x4 LONG 0x20 SIZEOF (.data)
                0x000001a4        0x4 LONG 0xac68 LOADADDR (.data_RAM2)
                0x000001a8        0x4 LONG 0x1fff0000 ADDR (.data_RAM2)
                0x000001ac        0x4 LONG 0x0 SIZEOF (.data_RAM2)
                0x000001b0        0x4 LONG 0xac68 LOADADDR (.data_RAM3)
                0x000001b4        0x4 LONG 0x14000000 ADDR (.data_RAM3)
                0x000001b8        0x4 LONG 0x0 SIZEOF (.data_RAM3)
                0x000001bc                __data_section_table_end = .
                0x000001bc                __bss_section_table = .
                0x000001bc        0x4 LONG 0x20000020 ADDR (.bss)
                0x000001c0        0x4 LONG 0x2cb8 SIZEOF (.bss)
                0x000001c4        0x4 LONG 0x1fff0000 ADDR (.bss_RAM2)
                0x000001c8        0x4 LONG 0x0 SIZEOF (.bss_RAM2)
                0x000001cc        0x4 LONG 0x14000000 ADDR (.bss_RAM3)
                0x000001d0        0x4 LONG 0x0 SIZEOF (.bss_RAM3)
                0x000001d4                __bss_section_table_end = .
                0x000001d4                __section_table_end = .
 *(SORT_BY_ALIGNMENT(.after_vectors*))
 .after_vectors.reset
                0x000001d4       0x4c ./startup/startup_mk64f12.o
                0x000001d4                ResetISR
 .after_vectors.init_data
                0x00000220       0x1e ./startup/startup_mk64f12.o
                0x00000220                data_init
 .after_vectors.init_bss
                0x0000023e       0x12 ./startup/startup_mk64f12.o
                0x0000023e                bss_init
 .after_vectors
                0x00000250       0x14 ./startup/startup_mk64f12.o
                0x00000250                NMI_Handler
                0x00000254                MemManage_Handler
                0x00000256                BusFault_Handler
                0x00000258                UsageFault_Handler
                0x0000025c                DebugMon_Handler
                0x00000262                LPTMR0_DriverIRQHandler
                0x00000262                DMA_Error_DriverIRQHandler
                0x00000262                SPI1_DriverIRQHandler
                0x00000262                FTM1_DriverIRQHandler
                0x00000262                FTM2_DriverIRQHandler
                0x00000262                PIT2_DriverIRQHandler
                0x00000262                SDHC_DriverIRQHandler
                0x00000262                I2S0_Tx_DriverIRQHandler
                0x00000262                RTC_Seconds_DriverIRQHandler
                0x00000262                DMA6_DriverIRQHandler
                0x00000262                LLWU_DriverIRQHandler
                0x00000262                MCM_DriverIRQHandler
                0x00000262                MCG_DriverIRQHandler
                0x00000262                ENET_1588_Timer_DriverIRQHandler
                0x00000262                I2C2_DriverIRQHandler
                0x00000262                DAC1_DriverIRQHandler
                0x00000262                DMA12_DriverIRQHandler
                0x00000262                CMP1_DriverIRQHandler
                0x00000262                FTM0_DriverIRQHandler
                0x00000262                IntDefaultHandler
                0x00000262                USB0_DriverIRQHandler
                0x00000262                UART5_ERR_DriverIRQHandler
                0x00000262                PORTC_DriverIRQHandler
                0x00000262                DMA11_DriverIRQHandler
                0x00000262                DAC0_DriverIRQHandler
                0x00000262                DMA10_DriverIRQHandler
                0x00000262                CMP2_DriverIRQHandler
                0x00000262                UART2_ERR_DriverIRQHandler
                0x00000262                SPI2_DriverIRQHandler
                0x00000262                LVD_LVW_DriverIRQHandler
                0x00000262                PIT0_DriverIRQHandler
                0x00000262                PORTB_DriverIRQHandler
                0x00000262                DMA5_DriverIRQHandler
                0x00000262                DMA4_DriverIRQHandler
                0x00000262                USBDCD_DriverIRQHandler
                0x00000262                UART3_ERR_DriverIRQHandler
                0x00000262                DMA3_DriverIRQHandler
                0x00000262                DMA8_DriverIRQHandler
                0x00000262                DMA9_DriverIRQHandler
                0x00000262                UART0_ERR_DriverIRQHandler
                0x00000262                CMT_DriverIRQHandler
                0x00000262                Reserved71_DriverIRQHandler
                0x00000262                ADC1_DriverIRQHandler
                0x00000262                PORTA_DriverIRQHandler
                0x00000262                DMA14_DriverIRQHandler
                0x00000262                PIT3_DriverIRQHandler
                0x00000262                PIT1_DriverIRQHandler
                0x00000262                WDOG_EWM_DriverIRQHandler
                0x00000262                PDB0_DriverIRQHandler
                0x00000262                RTC_DriverIRQHandler
                0x00000262                I2S0_Rx_DriverIRQHandler
                0x00000262                Read_Collision_DriverIRQHandler
                0x00000262                SWI_DriverIRQHandler
                0x00000262                UART4_ERR_DriverIRQHandler
                0x00000262                DMA0_DriverIRQHandler
                0x00000262                UART0_LON_DriverIRQHandler
                0x00000262                DMA1_DriverIRQHandler
                0x00000262                I2C1_DriverIRQHandler
                0x00000262                ENET_Receive_DriverIRQHandler
                0x00000262                DMA13_DriverIRQHandler
                0x00000262                ENET_Error_DriverIRQHandler
                0x00000262                DMA15_DriverIRQHandler
                0x00000262                SPI0_DriverIRQHandler
                0x00000262                ADC0_DriverIRQHandler
                0x00000262                CMP0_DriverIRQHandler
                0x00000262                CAN0_DriverIRQHandler
                0x00000262                FTM3_DriverIRQHandler
                0x00000262                RNG_DriverIRQHandler
                0x00000262                UART1_ERR_DriverIRQHandler
                0x00000262                DMA2_DriverIRQHandler
                0x00000262                ENET_Transmit_DriverIRQHandler
                0x00000262                PORTD_DriverIRQHandler
                0x00000262                PORTE_DriverIRQHandler
                0x00000262                FTFE_DriverIRQHandler
                0x00000262                I2C0_DriverIRQHandler
                0x00000262                DMA7_DriverIRQHandler
                0x00000400                . = 0x400
 *fill*         0x00000264      0x19c ff
                0x00000400                PROVIDE (__FLASH_CONFIG_START__ = .)
 *(SORT_BY_ALIGNMENT(.FlashConfig))
 .FlashConfig   0x00000400       0x10 ./startup/startup_mk64f12.o
                0x00000400                Flash_Config
                0x00000410                PROVIDE (__FLASH_CONFIG_END__ = .)
                0x00000001                ASSERT (! ((__FLASH_CONFIG_START__ == __FLASH_CONFIG_END__)), Linker Flash Config Support Enabled, but no .FlashConfig section provided within application)
 *(SORT_BY_ALIGNMENT(.text*))
 .text.SVC_Handler
                0x00000410       0x28 ./freertos/freertos_kernel/portable/GCC/ARM_CM4F/port.o
                0x00000410                SVC_Handler
 *fill*         0x00000438        0x8 ff
 .text.PendSV_Handler
                0x00000440       0x68 ./freertos/freertos_kernel/portable/GCC/ARM_CM4F/port.o
                0x00000440                PendSV_Handler
 .text.ConvertFloatRadixNumToString
                0x000004a8      0x2c8 ./utilities/fsl_str.o
 .text.fp_display
                0x00000770      0x964 c:/nxp/mcuxpressoide_11.6.0_8187/ide/plugins/com.nxp.mcuxpresso.tools.win32_11.6.0.202112161359/tools/bin/../lib/gcc/arm-none-eabi/10.3.1/../../../../arm-none-eabi/lib/thumb/v7e-m+fp/hard\libcr_c.a(fpprintf.o)
 *fill*         0x000010d4        0x4 ff
 .text.pow      0x000010d8      0x564 c:/nxp/mcuxpressoide_11.6.0_8187/ide/plugins/com.nxp.mcuxpresso.tools.win32_11.6.0.202112161359/tools/bin/../lib/gcc/arm-none-eabi/10.3.1/../../../../arm-none-eabi/lib/thumb/v7e-m+fp/hard\libcr_c.a(pow.o)
                0x000010d8                pow
 *fill*         0x0000163c        0x4 ff
 .text.vfscanf  0x00001640      0x990 c:/nxp/mcuxpressoide_11.6.0_8187/ide/plugins/com.nxp.mcuxpresso.tools.win32_11.6.0.202112161359/tools/bin/../lib/gcc/arm-none-eabi/10.3.1/../../../../arm-none-eabi/lib/thumb/v7e-m+fp/hard\libcr_c.a(scanf.o)
                0x00001640                vfscanf
 .text._frexpl  0x00001fd0       0x68 c:/nxp/mcuxpressoide_11.6.0_8187/ide/plugins/com.nxp.mcuxpresso.tools.win32_11.6.0.202112161359/tools/bin/../lib/gcc/arm-none-eabi/10.3.1/../../../../arm-none-eabi/lib/thumb/v7e-m+fp/hard\libcr_c.a(_frexpl.o)
                0x00001fd0                _frexpl
 .text._ldexpl  0x00002038       0x5c c:/nxp/mcuxpressoide_11.6.0_8187/ide/plugins/com.nxp.mcuxpresso.tools.win32_11.6.0.202112161359/tools/bin/../lib/gcc/arm-none-eabi/10.3.1/../../../../arm-none-eabi/lib/thumb/v7e-m+fp/hard\libcr_c.a(_ldexpl.o)
                0x00002038                _ldexpl
 *fill*         0x00002094        0x4 ff
 .text.frexp    0x00002098       0x68 c:/nxp/mcuxpressoide_11.6.0_8187/ide/plugins/com.nxp.mcuxpresso.tools.win32_11.6.0.202112161359/tools/bin/../lib/gcc/arm-none-eabi/10.3.1/../../../../arm-none-eabi/lib/thumb/v7e-m+fp/hard\libcr_c.a(frexp.o)
                0x00002098                frexp
 .text.ldexp    0x00002100       0x5c c:/nxp/mcuxpressoide_11.6.0_8187/ide/plugins/com.nxp.mcuxpresso.tools.win32_11.6.0.202112161359/tools/bin/../lib/gcc/arm-none-eabi/10.3.1/../../../../arm-none-eabi/lib/thumb/v7e-m+fp/hard\libcr_c.a(ldexp.o)
                0x00002100                ldexp
 .text.__assertion_failed
                0x0000215c       0x18 ./utilities/fsl_assert.o
                0x0000215c                __assertion_failed
 .text.DbgConsole_SendDataReliable
                0x00002174       0x54 ./utilities/fsl_debug_console.o
                0x00002174                DbgConsole_SendDataReliable
 .text.DbgConsole_Init
                0x000021c8      0x118 ./utilities/fsl_debug_console.o
                0x000021c8                DbgConsole_Init
 .text.DbgConsole_Vprintf
                0x000022e0       0x6c ./utilities/fsl_debug_console.o
                0x000022e0                DbgConsole_Vprintf
 .text.main     0x0000234c       0x78 ./source/A7_modem.o
                0x0000234c                main
 .text.modem_uart_init
                0x000023c4       0x60 ./source/A7_modem.o
                0x000023c4                modem_uart_init
 .text.check_modem_result
                0x00002424       0x40 ./source/A7_modem.o
                0x00002424                check_modem_result
 .text.readByteToBuffer
                0x00002464      0x130 ./source/A7_modem.o
                0x00002464                readByteToBuffer
 .text.send_at_commands
                0x00002594      0x184 ./source/A7_modem.o
                0x00002594                send_at_commands
 .text.send_at_command_sms
                0x00002718      0x208 ./source/A7_modem.o
                0x00002718                send_at_command_sms
 .text.clear_modem_buffer
                0x00002920       0x18 ./source/A7_modem.o
                0x00002920                clear_modem_buffer
 .text.get_modem_response_uart
                0x00002938       0x58 ./source/A7_modem.o
                0x00002938                get_modem_response_uart
 .text.check_modem_state
                0x00002990       0xdc ./source/A7_modem.o
                0x00002990                check_modem_state
 .text.get_network_state
                0x00002a6c       0x7c ./source/A7_modem.o
                0x00002a6c                get_network_state
 .text.ddm_to_dd
                0x00002ae8       0x94 ./source/A7_modem.o
                0x00002ae8                ddm_to_dd
 .text.get_gps_info
                0x00002b7c      0x19c ./source/A7_modem.o
                0x00002b7c                get_gps_info
 .text.network_scan
                0x00002d18       0x88 ./source/A7_modem.o
                0x00002d18                network_scan
 .text.modem_task
                0x00002da0      0x138 ./source/A7_modem.o
 .text.pvPortMalloc
                0x00002ed8      0x1c0 ./freertos/freertos_kernel/portable/MemMang/heap_4.o
                0x00002ed8                pvPortMalloc
 .text.vPortFree
                0x00003098       0xc4 ./freertos/freertos_kernel/portable/MemMang/heap_4.o
                0x00003098                vPortFree
 .text.prvHeapInit
                0x0000315c       0xc4 ./freertos/freertos_kernel/portable/MemMang/heap_4.o
 .text.prvInsertBlockIntoFreeList
                0x00003220       0xb4 ./freertos/freertos_kernel/portable/MemMang/heap_4.o
 .text.pxPortInitialiseStack
                0x000032d4       0x68 ./freertos/freertos_kernel/portable/GCC/ARM_CM4F/port.o
                0x000032d4                pxPortInitialiseStack
 .text.prvTaskExitError
                0x0000333c       0x58 ./freertos/freertos_kernel/portable/GCC/ARM_CM4F/port.o
 .text.prvPortStartFirstTask
                0x00003394       0x2c ./freertos/freertos_kernel/portable/GCC/ARM_CM4F/port.o
 .text.xPortStartScheduler
                0x000033c0      0x144 ./freertos/freertos_kernel/portable/GCC/ARM_CM4F/port.o
                0x000033c0                xPortStartScheduler
 .text.vPortEnterCritical
                0x00003504       0x60 ./freertos/freertos_kernel/portable/GCC/ARM_CM4F/port.o
                0x00003504                vPortEnterCritical
 .text.vPortExitCritical
                0x00003564       0x54 ./freertos/freertos_kernel/portable/GCC/ARM_CM4F/port.o
                0x00003564                vPortExitCritical
 .text.SysTick_Handler
                0x000035b8       0x44 ./freertos/freertos_kernel/portable/GCC/ARM_CM4F/port.o
                0x000035b8                SysTick_Handler
 .text.vPortSetupTimerInterrupt
                0x000035fc       0x48 ./freertos/freertos_kernel/portable/GCC/ARM_CM4F/port.o
                0x000035fc                vPortSetupTimerInterrupt
 .text.vPortEnableVFP
                0x00003644       0x18 ./freertos/freertos_kernel/portable/GCC/ARM_CM4F/port.o
 .text.vPortValidateInterruptPriority
                0x0000365c       0x80 ./freertos/freertos_kernel/portable/GCC/ARM_CM4F/port.o
                0x0000365c                vPortValidateInterruptPriority
 .text.xQueueGenericReset
                0x000036dc       0xd0 ./freertos/freertos_kernel/queue.o
                0x000036dc                xQueueGenericReset
 .text.xQueueGenericSend
                0x000037ac      0x1fc ./freertos/freertos_kernel/queue.o
                0x000037ac                xQueueGenericSend
 .text.xQueueReceive
                0x000039a8      0x1c0 ./freertos/freertos_kernel/queue.o
                0x000039a8                xQueueReceive
 .text.vQueueAddToRegistry
                0x00003b68       0x54 ./freertos/freertos_kernel/queue.o
                0x00003b68                vQueueAddToRegistry
 .text.prvAddNewTaskToReadyList
                0x00003bbc       0xdc ./freertos/freertos_kernel/tasks.o
 .text.vTaskDelay
                0x00003c98       0x68 ./freertos/freertos_kernel/tasks.o
                0x00003c98                vTaskDelay
 .text.vTaskSuspend
                0x00003d00      0x140 ./freertos/freertos_kernel/tasks.o
                0x00003d00                vTaskSuspend
 .text.vTaskStartScheduler
                0x00003e40       0xa4 ./freertos/freertos_kernel/tasks.o
                0x00003e40                vTaskStartScheduler
 .text.vTaskSuspendAll
                0x00003ee4       0x1c ./freertos/freertos_kernel/tasks.o
                0x00003ee4                vTaskSuspendAll
 .text.xTaskResumeAll
                0x00003f00      0x138 ./freertos/freertos_kernel/tasks.o
                0x00003f00                xTaskResumeAll
 .text.xTaskGetTickCount
                0x00004038       0x20 ./freertos/freertos_kernel/tasks.o
                0x00004038                xTaskGetTickCount
 .text.xTaskIncrementTick
                0x00004058      0x154 ./freertos/freertos_kernel/tasks.o
                0x00004058                xTaskIncrementTick
 .text.vTaskSwitchContext
                0x000041ac       0xb8 ./freertos/freertos_kernel/tasks.o
                0x000041ac                vTaskSwitchContext
 .text.vTaskPlaceOnEventList
                0x00004264       0x48 ./freertos/freertos_kernel/tasks.o
                0x00004264                vTaskPlaceOnEventList
 .text.vTaskPlaceOnEventListRestricted
                0x000042ac       0x58 ./freertos/freertos_kernel/tasks.o
                0x000042ac                vTaskPlaceOnEventListRestricted
 .text.xTaskRemoveFromEventList
                0x00004304       0xc4 ./freertos/freertos_kernel/tasks.o
                0x00004304                xTaskRemoveFromEventList
 .text.vTaskInternalSetTimeOutState
                0x000043c8       0x2c ./freertos/freertos_kernel/tasks.o
                0x000043c8                vTaskInternalSetTimeOutState
 .text.xTaskCheckForTimeOut
                0x000043f4       0xcc ./freertos/freertos_kernel/tasks.o
                0x000043f4                xTaskCheckForTimeOut
 .text.vTaskMissedYield
                0x000044c0       0x18 ./freertos/freertos_kernel/tasks.o
                0x000044c0                vTaskMissedYield
 .text.prvIdleTask
                0x000044d8       0x30 ./freertos/freertos_kernel/tasks.o
 .text.prvInitialiseTaskLists
                0x00004508       0x80 ./freertos/freertos_kernel/tasks.o
 .text.prvCheckTasksWaitingTermination
                0x00004588       0x5c ./freertos/freertos_kernel/tasks.o
 .text.prvResetNextTaskUnblockTime
                0x000045e4       0x38 ./freertos/freertos_kernel/tasks.o
 .text.xTaskGetSchedulerState
                0x0000461c       0x3c ./freertos/freertos_kernel/tasks.o
                0x0000461c                xTaskGetSchedulerState
 .text.xTaskPriorityDisinherit
                0x00004658       0xf4 ./freertos/freertos_kernel/tasks.o
                0x00004658                xTaskPriorityDisinherit
 .text.prvAddCurrentTaskToDelayedList
                0x0000474c       0xcc ./freertos/freertos_kernel/tasks.o
 .text.xTimerCreateTimerTask
                0x00004818       0x64 ./freertos/freertos_kernel/timers.o
                0x00004818                xTimerCreateTimerTask
 .text.xTimerGenericCommand
                0x0000487c       0x9c ./freertos/freertos_kernel/timers.o
                0x0000487c                xTimerGenericCommand
 .text.prvProcessExpiredTimer
                0x00004918       0x98 ./freertos/freertos_kernel/timers.o
 .text.prvProcessTimerOrBlockTask
                0x000049b0       0x9c ./freertos/freertos_kernel/timers.o
 .text.prvGetNextExpireTime
                0x00004a4c       0x48 ./freertos/freertos_kernel/timers.o
 .text.prvSampleTimeNow
                0x00004a94       0x40 ./freertos/freertos_kernel/timers.o
 .text.prvInsertTimerInActiveList
                0x00004ad4       0x84 ./freertos/freertos_kernel/timers.o
 .text.prvProcessReceivedCommands
                0x00004b58      0x1c4 ./freertos/freertos_kernel/timers.o
 .text.prvSwitchTimerLists
                0x00004d1c       0xc8 ./freertos/freertos_kernel/timers.o
 .text.prvCheckForValidListAndQueue
                0x00004de4       0x6c ./freertos/freertos_kernel/timers.o
 .text.CLOCK_SetEr32kClock
                0x00004e50       0x30 ./drivers/fsl_clock.o
 .text.CLOCK_SetPllFllSelClock
                0x00004e80       0x38 ./drivers/fsl_clock.o
 .text.CLOCK_GetMcgExtClkFreq
                0x00004eb8       0x7c ./drivers/fsl_clock.o
 .text.CLOCK_GetFllExtRefClkFreq
                0x00004f34       0xb0 ./drivers/fsl_clock.o
 .text.CLOCK_GetInternalRefClkSelectFreq
                0x00004fe4       0x4c ./drivers/fsl_clock.o
 .text.CLOCK_GetFllRefClkFreq
                0x00005030       0x34 ./drivers/fsl_clock.o
 .text.CLOCK_GetOscRangeFromFreq
                0x00005064       0x3c ./drivers/fsl_clock.o
 .text.CLOCK_GetOsc0ErClkFreq
                0x000050a0       0x44 ./drivers/fsl_clock.o
                0x000050a0                CLOCK_GetOsc0ErClkFreq
 .text.CLOCK_GetEr32kClkFreq
                0x000050e4       0x74 ./drivers/fsl_clock.o
                0x000050e4                CLOCK_GetEr32kClkFreq
 .text.CLOCK_GetPllFllSelClkFreq
                0x00005158       0x54 ./drivers/fsl_clock.o
                0x00005158                CLOCK_GetPllFllSelClkFreq
 .text.CLOCK_GetCoreSysClkFreq
                0x000051ac       0x28 ./drivers/fsl_clock.o
                0x000051ac                CLOCK_GetCoreSysClkFreq
 .text.CLOCK_GetFreq
                0x000051d4      0x140 ./drivers/fsl_clock.o
                0x000051d4                CLOCK_GetFreq
 .text.CLOCK_SetSimConfig
                0x00005314       0x34 ./drivers/fsl_clock.o
                0x00005314                CLOCK_SetSimConfig
 .text.CLOCK_GetOutClkFreq
                0x00005348       0x64 ./drivers/fsl_clock.o
                0x00005348                CLOCK_GetOutClkFreq
 .text.CLOCK_GetFllFreq
                0x000053ac       0x84 ./drivers/fsl_clock.o
                0x000053ac                CLOCK_GetFllFreq
 .text.CLOCK_GetInternalRefClkFreq
                0x00005430       0x30 ./drivers/fsl_clock.o
                0x00005430                CLOCK_GetInternalRefClkFreq
 .text.CLOCK_GetPll0Freq
                0x00005460       0x78 ./drivers/fsl_clock.o
                0x00005460                CLOCK_GetPll0Freq
 .text.CLOCK_SetExternalRefClkConfig
                0x000054d8       0x6c ./drivers/fsl_clock.o
                0x000054d8                CLOCK_SetExternalRefClkConfig
 .text.CLOCK_SetInternalRefClkConfig
                0x00005544      0x104 ./drivers/fsl_clock.o
                0x00005544                CLOCK_SetInternalRefClkConfig
 .text.CLOCK_EnablePll0
                0x00005648       0x88 ./drivers/fsl_clock.o
                0x00005648                CLOCK_EnablePll0
 .text.CLOCK_InitOsc0
                0x000056d0       0x8c ./drivers/fsl_clock.o
                0x000056d0                CLOCK_InitOsc0
 .text.CLOCK_SetPbeMode
                0x0000575c       0xa8 ./drivers/fsl_clock.o
                0x0000575c                CLOCK_SetPbeMode
 .text.CLOCK_BootToPeeMode
                0x00005804       0x64 ./drivers/fsl_clock.o
                0x00005804                CLOCK_BootToPeeMode
 .text.UART_GetInstance
                0x00005868       0x54 ./drivers/fsl_uart.o
                0x00005868                UART_GetInstance
 .text.UART_Init
                0x000058bc      0x2f4 ./drivers/fsl_uart.o
                0x000058bc                UART_Init
 .text.UART_Deinit
                0x00005bb0       0x4c ./drivers/fsl_uart.o
                0x00005bb0                UART_Deinit
 .text.UART_GetDefaultConfig
                0x00005bfc       0x68 ./drivers/fsl_uart.o
                0x00005bfc                UART_GetDefaultConfig
 .text.UART_ReadBlocking
                0x00005c64       0xfc ./drivers/fsl_uart.o
                0x00005c64                UART_ReadBlocking
 .text.UART0_DriverIRQHandler
                0x00005d60       0x28 ./drivers/fsl_uart.o
                0x00005d60                UART0_DriverIRQHandler
 .text.UART1_DriverIRQHandler
                0x00005d88       0x28 ./drivers/fsl_uart.o
                0x00005d88                UART1_DriverIRQHandler
 .text.UART2_DriverIRQHandler
                0x00005db0       0x28 ./drivers/fsl_uart.o
                0x00005db0                UART2_DriverIRQHandler
 .text.UART3_DriverIRQHandler
                0x00005dd8       0x28 ./drivers/fsl_uart.o
                0x00005dd8                UART3_DriverIRQHandler
 .text.UART4_DriverIRQHandler
                0x00005e00       0x28 ./drivers/fsl_uart.o
                0x00005e00                UART4_DriverIRQHandler
 .text.UART5_DriverIRQHandler
                0x00005e28       0x28 ./drivers/fsl_uart.o
                0x00005e28                UART5_DriverIRQHandler
 .text.SystemInit
                0x00005e50       0x3c ./device/system_MK64F12.o
                0x00005e50                SystemInit
 .text.HAL_UartInit
                0x00005e8c      0x128 ./component/uart/fsl_adapter_uart.o
                0x00005e8c                HAL_UartInit
 .text.HAL_UartSendBlocking
                0x00005fb4       0x64 ./component/uart/fsl_adapter_uart.o
                0x00005fb4                HAL_UartSendBlocking
 .text.CLOCK_SetSimSafeDivs
                0x00006018       0x20 ./board/clock_config.o
 .text.CLOCK_SetXtal0Freq
                0x00006038       0x20 ./board/clock_config.o
 .text.CLOCK_CONFIG_SetFllExtRefDiv
                0x00006058       0x3c ./board/clock_config.o
 .text.BOARD_BootClockRUN
                0x00006094       0x60 ./board/clock_config.o
                0x00006094                BOARD_BootClockRUN
 .text.BOARD_InitPins
                0x000060f4       0x78 ./board/pin_mux.o
                0x000060f4                BOARD_InitPins
 .text.malloc   0x0000616c       0xc8 c:/nxp/mcuxpressoide_11.6.0_8187/ide/plugins/com.nxp.mcuxpresso.tools.win32_11.6.0.202112161359/tools/bin/../lib/gcc/arm-none-eabi/10.3.1/../../../../arm-none-eabi/lib/thumb/v7e-m+fp/hard\libcr_c.a(alloc.o)
                0x0000616c                malloc
 .text._Csys_alloc
                0x00006234       0x20 c:/nxp/mcuxpressoide_11.6.0_8187/ide/plugins/com.nxp.mcuxpresso.tools.win32_11.6.0.202112161359/tools/bin/../lib/gcc/arm-none-eabi/10.3.1/../../../../arm-none-eabi/lib/thumb/v7e-m+fp/hard\libcr_c.a(alloc.o)
                0x00006234                _Csys_alloc
 .text.floor    0x00006254       0x98 c:/nxp/mcuxpressoide_11.6.0_8187/ide/plugins/com.nxp.mcuxpresso.tools.win32_11.6.0.202112161359/tools/bin/../lib/gcc/arm-none-eabi/10.3.1/../../../../arm-none-eabi/lib/thumb/v7e-m+fp/hard\libcr_c.a(floor.o)
                0x00006254                floor
 .text.sprintf  0x000062ec       0x6c c:/nxp/mcuxpressoide_11.6.0_8187/ide/plugins/com.nxp.mcuxpresso.tools.win32_11.6.0.202112161359/tools/bin/../lib/gcc/arm-none-eabi/10.3.1/../../../../arm-none-eabi/lib/thumb/v7e-m+fp/hard\libcr_c.a(fpprintf.o)
                0x000062ec                sprintf
 .text._initio  0x00006358       0x78 c:/nxp/mcuxpressoide_11.6.0_8187/ide/plugins/com.nxp.mcuxpresso.tools.win32_11.6.0.202112161359/tools/bin/../lib/gcc/arm-none-eabi/10.3.1/../../../../arm-none-eabi/lib/thumb/v7e-m+fp/hard\libcr_c.a(initio.o)
                0x00006358                _initio
 .text.modf     0x000063d0       0x8c c:/nxp/mcuxpressoide_11.6.0_8187/ide/plugins/com.nxp.mcuxpresso.tools.win32_11.6.0.202112161359/tools/bin/../lib/gcc/arm-none-eabi/10.3.1/../../../../arm-none-eabi/lib/thumb/v7e-m+fp/hard\libcr_c.a(modf.o)
                0x000063d0                modf
 .text.__vfprintf
                0x0000645c      0xbf8 c:/nxp/mcuxpressoide_11.6.0_8187/ide/plugins/com.nxp.mcuxpresso.tools.win32_11.6.0.202112161359/tools/bin/../lib/gcc/arm-none-eabi/10.3.1/../../../../arm-none-eabi/lib/thumb/v7e-m+fp/hard\libcr_c.a(printf.o)
                0x0000645c                __vfprintf
 .text.ch_val   0x00007054       0x30 c:/nxp/mcuxpressoide_11.6.0_8187/ide/plugins/com.nxp.mcuxpresso.tools.win32_11.6.0.202112161359/tools/bin/../lib/gcc/arm-none-eabi/10.3.1/../../../../arm-none-eabi/lib/thumb/v7e-m+fp/hard\libcr_c.a(scanf.o)
 .text.cr_rd_int
                0x00007084      0x1a8 c:/nxp/mcuxpressoide_11.6.0_8187/ide/plugins/com.nxp.mcuxpresso.tools.win32_11.6.0.202112161359/tools/bin/../lib/gcc/arm-none-eabi/10.3.1/../../../../arm-none-eabi/lib/thumb/v7e-m+fp/hard\libcr_c.a(scanf.o)
 .text.__filbuf
                0x0000722c      0x178 c:/nxp/mcuxpressoide_11.6.0_8187/ide/plugins/com.nxp.mcuxpresso.tools.win32_11.6.0.202112161359/tools/bin/../lib/gcc/arm-none-eabi/10.3.1/../../../../arm-none-eabi/lib/thumb/v7e-m+fp/hard\libcr_c.a(__fillbuf.o)
                0x0000722c                __filbuf
 .text._sbrk    0x000073a4       0x3c c:/nxp/mcuxpressoide_11.6.0_8187/ide/plugins/com.nxp.mcuxpresso.tools.win32_11.6.0.202112161359/tools/bin/../lib/gcc/arm-none-eabi/10.3.1/../../../../arm-none-eabi/lib/thumb/v7e-m+fp/hard\libcr_c.a(_cr_sbrk.o)
                0x000073a4                _sbrk
 .text._Cwritebuf
                0x000073e0       0x6c c:/nxp/mcuxpressoide_11.6.0_8187/ide/plugins/com.nxp.mcuxpresso.tools.win32_11.6.0.202112161359/tools/bin/../lib/gcc/arm-none-eabi/10.3.1/../../../../arm-none-eabi/lib/thumb/v7e-m+fp/hard\libcr_c.a(_writebuf.o)
                0x000073e0                _Cwritebuf
 .text.fflush   0x0000744c       0x3c c:/nxp/mcuxpressoide_11.6.0_8187/ide/plugins/com.nxp.mcuxpresso.tools.win32_11.6.0.202112161359/tools/bin/../lib/gcc/arm-none-eabi/10.3.1/../../../../arm-none-eabi/lib/thumb/v7e-m+fp/hard\libcr_c.a(fflush.o)
                0x0000744c                fflush
 .text.fseek    0x00007488       0xfc c:/nxp/mcuxpressoide_11.6.0_8187/ide/plugins/com.nxp.mcuxpresso.tools.win32_11.6.0.202112161359/tools/bin/../lib/gcc/arm-none-eabi/10.3.1/../../../../arm-none-eabi/lib/thumb/v7e-m+fp/hard\libcr_c.a(fseek.o)
                0x00007488                fseek
 .text.ftell    0x00007584       0x44 c:/nxp/mcuxpressoide_11.6.0_8187/ide/plugins/com.nxp.mcuxpresso.tools.win32_11.6.0.202112161359/tools/bin/../lib/gcc/arm-none-eabi/10.3.1/../../../../arm-none-eabi/lib/thumb/v7e-m+fp/hard\libcr_c.a(ftell.o)
                0x00007584                ftell
 .text.__check_heap_overflow
                0x000075c8       0x18 c:/nxp/mcuxpressoide_11.6.0_8187/ide/plugins/com.nxp.mcuxpresso.tools.win32_11.6.0.202112161359/tools/bin/../lib/gcc/arm-none-eabi/10.3.1/../../../../arm-none-eabi/lib/thumb/v7e-m+fp/hard\libcr_c.a(_cr_check_heap.o)
                0x000075c8                __check_heap_overflow
 .text.__aeabi_dmul
                0x000075e0       0xfc c:/nxp/mcuxpressoide_11.6.0_8187/ide/plugins/com.nxp.mcuxpresso.tools.win32_11.6.0.202112161359/tools/bin/../lib/gcc/arm-none-eabi/10.3.1/thumb/v7e-m+fp/hard\libcr_eabihelpers.a(double.o)
                0x000075e0                __aeabi_dmul
 .text.__aeabi_ddiv
                0x000076dc      0x138 c:/nxp/mcuxpressoide_11.6.0_8187/ide/plugins/com.nxp.mcuxpresso.tools.win32_11.6.0.202112161359/tools/bin/../lib/gcc/arm-none-eabi/10.3.1/thumb/v7e-m+fp/hard\libcr_eabihelpers.a(double.o)
                0x000076dc                __aeabi_ddiv
 .text.__aeabi_dsub
                0x00007814      0x1ac c:/nxp/mcuxpressoide_11.6.0_8187/ide/plugins/com.nxp.mcuxpresso.tools.win32_11.6.0.202112161359/tools/bin/../lib/gcc/arm-none-eabi/10.3.1/thumb/v7e-m+fp/hard\libcr_eabihelpers.a(double.o)
                0x00007814                __aeabi_dsub
 .text.__aeabi_dadd
                0x000079c0      0x114 c:/nxp/mcuxpressoide_11.6.0_8187/ide/plugins/com.nxp.mcuxpresso.tools.win32_11.6.0.202112161359/tools/bin/../lib/gcc/arm-none-eabi/10.3.1/thumb/v7e-m+fp/hard\libcr_eabihelpers.a(double.o)
                0x000079c0                __aeabi_dadd
 .text.__aeabi_d2f
                0x00007ad4       0x58 c:/nxp/mcuxpressoide_11.6.0_8187/ide/plugins/com.nxp.mcuxpresso.tools.win32_11.6.0.202112161359/tools/bin/../lib/gcc/arm-none-eabi/10.3.1/thumb/v7e-m+fp/hard\libcr_eabihelpers.a(double.o)
                0x00007ad4                __aeabi_d2f
 .text.DbgConsole_PrintCallback
                0x00007b2c       0x66 ./utilities/fsl_debug_console.o
 .text.DbgConsole_Printf
                0x00007b92       0x2c ./utilities/fsl_debug_console.o
                0x00007b92                DbgConsole_Printf
 .text.PrintGetWidth
                0x00007bbe       0x6a ./utilities/fsl_str.o
 .text.PrintGetPrecision
                0x00007c28       0x8c ./utilities/fsl_str.o
 .text.PrintIsobpu
                0x00007cb4       0x38 ./utilities/fsl_str.o
 .text.PrintIsdi
                0x00007cec       0x2c ./utilities/fsl_str.o
 .text.PrintOutputdifFobpu
                0x00007d18       0x44 ./utilities/fsl_str.o
 .text.PrintOutputxX
                0x00007d5c       0x44 ./utilities/fsl_str.o
 .text.PrintIsfF
                0x00007da0       0x2c ./utilities/fsl_str.o
 .text.PrintIsxX
                0x00007dcc       0x2c ./utilities/fsl_str.o
 .text.PrintFilterLengthFlag
                0x00007df8       0x3e ./utilities/fsl_str.o
 .text.PrintGetRadixFromobpu
                0x00007e36       0x40 ./utilities/fsl_str.o
 .text.ConvertRadixNumToString
                0x00007e76       0xc2 ./utilities/fsl_str.o
 .text.StrFormatPrintf
                0x00007f38      0x2f0 ./utilities/fsl_str.o
                0x00007f38                StrFormatPrintf
 .text.DMA0_IRQHandler
                0x00008228        0x8 ./startup/startup_mk64f12.o
                0x00008228                DMA0_IRQHandler
 .text.DMA1_IRQHandler
                0x00008230        0x8 ./startup/startup_mk64f12.o
                0x00008230                DMA1_IRQHandler
 .text.DMA2_IRQHandler
                0x00008238        0x8 ./startup/startup_mk64f12.o
                0x00008238                DMA2_IRQHandler
 .text.DMA3_IRQHandler
                0x00008240        0x8 ./startup/startup_mk64f12.o
                0x00008240                DMA3_IRQHandler
 .text.DMA4_IRQHandler
                0x00008248        0x8 ./startup/startup_mk64f12.o
                0x00008248                DMA4_IRQHandler
 .text.DMA5_IRQHandler
                0x00008250        0x8 ./startup/startup_mk64f12.o
                0x00008250                DMA5_IRQHandler
 .text.DMA6_IRQHandler
                0x00008258        0x8 ./startup/startup_mk64f12.o
                0x00008258                DMA6_IRQHandler
 .text.DMA7_IRQHandler
                0x00008260        0x8 ./startup/startup_mk64f12.o
                0x00008260                DMA7_IRQHandler
 .text.DMA8_IRQHandler
                0x00008268        0x8 ./startup/startup_mk64f12.o
                0x00008268                DMA8_IRQHandler
 .text.DMA9_IRQHandler
                0x00008270        0x8 ./startup/startup_mk64f12.o
                0x00008270                DMA9_IRQHandler
 .text.DMA10_IRQHandler
                0x00008278        0x8 ./startup/startup_mk64f12.o
                0x00008278                DMA10_IRQHandler
 .text.DMA11_IRQHandler
                0x00008280        0x8 ./startup/startup_mk64f12.o
                0x00008280                DMA11_IRQHandler
 .text.DMA12_IRQHandler
                0x00008288        0x8 ./startup/startup_mk64f12.o
                0x00008288                DMA12_IRQHandler
 .text.DMA13_IRQHandler
                0x00008290        0x8 ./startup/startup_mk64f12.o
                0x00008290                DMA13_IRQHandler
 .text.DMA14_IRQHandler
                0x00008298        0x8 ./startup/startup_mk64f12.o
                0x00008298                DMA14_IRQHandler
 .text.DMA15_IRQHandler
                0x000082a0        0x8 ./startup/startup_mk64f12.o
                0x000082a0                DMA15_IRQHandler
 .text.DMA_Error_IRQHandler
                0x000082a8        0x8 ./startup/startup_mk64f12.o
                0x000082a8                DMA_Error_IRQHandler
 .text.MCM_IRQHandler
                0x000082b0        0x8 ./startup/startup_mk64f12.o
                0x000082b0                MCM_IRQHandler
 .text.FTFE_IRQHandler
                0x000082b8        0x8 ./startup/startup_mk64f12.o
                0x000082b8                FTFE_IRQHandler
 .text.Read_Collision_IRQHandler
                0x000082c0        0x8 ./startup/startup_mk64f12.o
                0x000082c0                Read_Collision_IRQHandler
 .text.LVD_LVW_IRQHandler
                0x000082c8        0x8 ./startup/startup_mk64f12.o
                0x000082c8                LVD_LVW_IRQHandler
 .text.LLWU_IRQHandler
                0x000082d0        0x8 ./startup/startup_mk64f12.o
                0x000082d0                LLWU_IRQHandler
 .text.WDOG_EWM_IRQHandler
                0x000082d8        0x8 ./startup/startup_mk64f12.o
                0x000082d8                WDOG_EWM_IRQHandler
 .text.RNG_IRQHandler
                0x000082e0        0x8 ./startup/startup_mk64f12.o
                0x000082e0                RNG_IRQHandler
 .text.I2C0_IRQHandler
                0x000082e8        0x8 ./startup/startup_mk64f12.o
                0x000082e8                I2C0_IRQHandler
 .text.I2C1_IRQHandler
                0x000082f0        0x8 ./startup/startup_mk64f12.o
                0x000082f0                I2C1_IRQHandler
 .text.SPI0_IRQHandler
                0x000082f8        0x8 ./startup/startup_mk64f12.o
                0x000082f8                SPI0_IRQHandler
 .text.SPI1_IRQHandler
                0x00008300        0x8 ./startup/startup_mk64f12.o
                0x00008300                SPI1_IRQHandler
 .text.I2S0_Tx_IRQHandler
                0x00008308        0x8 ./startup/startup_mk64f12.o
                0x00008308                I2S0_Tx_IRQHandler
 .text.I2S0_Rx_IRQHandler
                0x00008310        0x8 ./startup/startup_mk64f12.o
                0x00008310                I2S0_Rx_IRQHandler
 .text.UART0_LON_IRQHandler
                0x00008318        0x8 ./startup/startup_mk64f12.o
                0x00008318                UART0_LON_IRQHandler
 .text.UART0_RX_TX_IRQHandler
                0x00008320        0x8 ./startup/startup_mk64f12.o
                0x00008320                UART0_RX_TX_IRQHandler
 .text.UART0_ERR_IRQHandler
                0x00008328        0x8 ./startup/startup_mk64f12.o
                0x00008328                UART0_ERR_IRQHandler
 .text.UART1_RX_TX_IRQHandler
                0x00008330        0x8 ./startup/startup_mk64f12.o
                0x00008330                UART1_RX_TX_IRQHandler
 .text.UART1_ERR_IRQHandler
                0x00008338        0x8 ./startup/startup_mk64f12.o
                0x00008338                UART1_ERR_IRQHandler
 .text.UART2_RX_TX_IRQHandler
                0x00008340        0x8 ./startup/startup_mk64f12.o
                0x00008340                UART2_RX_TX_IRQHandler
 .text.UART2_ERR_IRQHandler
                0x00008348        0x8 ./startup/startup_mk64f12.o
                0x00008348                UART2_ERR_IRQHandler
 .text.UART3_RX_TX_IRQHandler
                0x00008350        0x8 ./startup/startup_mk64f12.o
                0x00008350                UART3_RX_TX_IRQHandler
 .text.UART3_ERR_IRQHandler
                0x00008358        0x8 ./startup/startup_mk64f12.o
                0x00008358                UART3_ERR_IRQHandler
 .text.ADC0_IRQHandler
                0x00008360        0x8 ./startup/startup_mk64f12.o
                0x00008360                ADC0_IRQHandler
 .text.CMP0_IRQHandler
                0x00008368        0x8 ./startup/startup_mk64f12.o
                0x00008368                CMP0_IRQHandler
 .text.CMP1_IRQHandler
                0x00008370        0x8 ./startup/startup_mk64f12.o
                0x00008370                CMP1_IRQHandler
 .text.FTM0_IRQHandler
                0x00008378        0x8 ./startup/startup_mk64f12.o
                0x00008378                FTM0_IRQHandler
 .text.FTM1_IRQHandler
                0x00008380        0x8 ./startup/startup_mk64f12.o
                0x00008380                FTM1_IRQHandler
 .text.FTM2_IRQHandler
                0x00008388        0x8 ./startup/startup_mk64f12.o
                0x00008388                FTM2_IRQHandler
 .text.CMT_IRQHandler
                0x00008390        0x8 ./startup/startup_mk64f12.o
                0x00008390                CMT_IRQHandler
 .text.RTC_IRQHandler
                0x00008398        0x8 ./startup/startup_mk64f12.o
                0x00008398                RTC_IRQHandler
 .text.RTC_Seconds_IRQHandler
                0x000083a0        0x8 ./startup/startup_mk64f12.o
                0x000083a0                RTC_Seconds_IRQHandler
 .text.PIT0_IRQHandler
                0x000083a8        0x8 ./startup/startup_mk64f12.o
                0x000083a8                PIT0_IRQHandler
 .text.PIT1_IRQHandler
                0x000083b0        0x8 ./startup/startup_mk64f12.o
                0x000083b0                PIT1_IRQHandler
 .text.PIT2_IRQHandler
                0x000083b8        0x8 ./startup/startup_mk64f12.o
                0x000083b8                PIT2_IRQHandler
 .text.PIT3_IRQHandler
                0x000083c0        0x8 ./startup/startup_mk64f12.o
                0x000083c0                PIT3_IRQHandler
 .text.PDB0_IRQHandler
                0x000083c8        0x8 ./startup/startup_mk64f12.o
                0x000083c8                PDB0_IRQHandler
 .text.USB0_IRQHandler
                0x000083d0        0x8 ./startup/startup_mk64f12.o
                0x000083d0                USB0_IRQHandler
 .text.USBDCD_IRQHandler
                0x000083d8        0x8 ./startup/startup_mk64f12.o
                0x000083d8                USBDCD_IRQHandler
 .text.Reserved71_IRQHandler
                0x000083e0        0x8 ./startup/startup_mk64f12.o
                0x000083e0                Reserved71_IRQHandler
 .text.DAC0_IRQHandler
                0x000083e8        0x8 ./startup/startup_mk64f12.o
                0x000083e8                DAC0_IRQHandler
 .text.MCG_IRQHandler
                0x000083f0        0x8 ./startup/startup_mk64f12.o
                0x000083f0                MCG_IRQHandler
 .text.LPTMR0_IRQHandler
                0x000083f8        0x8 ./startup/startup_mk64f12.o
                0x000083f8                LPTMR0_IRQHandler
 .text.PORTA_IRQHandler
                0x00008400        0x8 ./startup/startup_mk64f12.o
                0x00008400                PORTA_IRQHandler
 .text.PORTB_IRQHandler
                0x00008408        0x8 ./startup/startup_mk64f12.o
                0x00008408                PORTB_IRQHandler
 .text.PORTC_IRQHandler
                0x00008410        0x8 ./startup/startup_mk64f12.o
                0x00008410                PORTC_IRQHandler
 .text.PORTD_IRQHandler
                0x00008418        0x8 ./startup/startup_mk64f12.o
                0x00008418                PORTD_IRQHandler
 .text.PORTE_IRQHandler
                0x00008420        0x8 ./startup/startup_mk64f12.o
                0x00008420                PORTE_IRQHandler
 .text.SWI_IRQHandler
                0x00008428        0x8 ./startup/startup_mk64f12.o
                0x00008428                SWI_IRQHandler
 .text.SPI2_IRQHandler
                0x00008430        0x8 ./startup/startup_mk64f12.o
                0x00008430                SPI2_IRQHandler
 .text.UART4_RX_TX_IRQHandler
                0x00008438        0x8 ./startup/startup_mk64f12.o
                0x00008438                UART4_RX_TX_IRQHandler
 .text.UART4_ERR_IRQHandler
                0x00008440        0x8 ./startup/startup_mk64f12.o
                0x00008440                UART4_ERR_IRQHandler
 .text.UART5_RX_TX_IRQHandler
                0x00008448        0x8 ./startup/startup_mk64f12.o
                0x00008448                UART5_RX_TX_IRQHandler
 .text.UART5_ERR_IRQHandler
                0x00008450        0x8 ./startup/startup_mk64f12.o
                0x00008450                UART5_ERR_IRQHandler
 .text.CMP2_IRQHandler
                0x00008458        0x8 ./startup/startup_mk64f12.o
                0x00008458                CMP2_IRQHandler
 .text.FTM3_IRQHandler
                0x00008460        0x8 ./startup/startup_mk64f12.o
                0x00008460                FTM3_IRQHandler
 .text.DAC1_IRQHandler
                0x00008468        0x8 ./startup/startup_mk64f12.o
                0x00008468                DAC1_IRQHandler
 .text.ADC1_IRQHandler
                0x00008470        0x8 ./startup/startup_mk64f12.o
                0x00008470                ADC1_IRQHandler
 .text.I2C2_IRQHandler
                0x00008478        0x8 ./startup/startup_mk64f12.o
                0x00008478                I2C2_IRQHandler
 .text.CAN0_ORed_Message_buffer_IRQHandler
                0x00008480        0x8 ./startup/startup_mk64f12.o
                0x00008480                CAN0_ORed_Message_buffer_IRQHandler
 .text.CAN0_Bus_Off_IRQHandler
                0x00008488        0x8 ./startup/startup_mk64f12.o
                0x00008488                CAN0_Bus_Off_IRQHandler
 .text.CAN0_Error_IRQHandler
                0x00008490        0x8 ./startup/startup_mk64f12.o
                0x00008490                CAN0_Error_IRQHandler
 .text.CAN0_Tx_Warning_IRQHandler
                0x00008498        0x8 ./startup/startup_mk64f12.o
                0x00008498                CAN0_Tx_Warning_IRQHandler
 .text.CAN0_Rx_Warning_IRQHandler
                0x000084a0        0x8 ./startup/startup_mk64f12.o
                0x000084a0                CAN0_Rx_Warning_IRQHandler
 .text.CAN0_Wake_Up_IRQHandler
                0x000084a8        0x8 ./startup/startup_mk64f12.o
                0x000084a8                CAN0_Wake_Up_IRQHandler
 .text.SDHC_IRQHandler
                0x000084b0        0x8 ./startup/startup_mk64f12.o
                0x000084b0                SDHC_IRQHandler
 .text.ENET_1588_Timer_IRQHandler
                0x000084b8        0x8 ./startup/startup_mk64f12.o
                0x000084b8                ENET_1588_Timer_IRQHandler
 .text.ENET_Transmit_IRQHandler
                0x000084c0        0x8 ./startup/startup_mk64f12.o
                0x000084c0                ENET_Transmit_IRQHandler
 .text.ENET_Receive_IRQHandler
                0x000084c8        0x8 ./startup/startup_mk64f12.o
                0x000084c8                ENET_Receive_IRQHandler
 .text.ENET_Error_IRQHandler
                0x000084d0        0x8 ./startup/startup_mk64f12.o
                0x000084d0                ENET_Error_IRQHandler
 .text.HardFault_Handler
                0x000084d8       0x2c ./source/semihost_hardfault.o
                0x000084d8                HardFault_Handler
 .text.vListInitialise
                0x00008504       0x40 ./freertos/freertos_kernel/list.o
                0x00008504                vListInitialise
 .text.vListInitialiseItem
                0x00008544       0x1a ./freertos/freertos_kernel/list.o
                0x00008544                vListInitialiseItem
 .text.vListInsertEnd
                0x0000855e       0x48 ./freertos/freertos_kernel/list.o
                0x0000855e                vListInsertEnd
 .text.vListInsert
                0x000085a6       0x72 ./freertos/freertos_kernel/list.o
                0x000085a6                vListInsert
 .text.uxListRemove
                0x00008618       0x54 ./freertos/freertos_kernel/list.o
                0x00008618                uxListRemove
 .text.xQueueGenericCreate
                0x0000866c       0xbe ./freertos/freertos_kernel/queue.o
                0x0000866c                xQueueGenericCreate
 .text.prvInitialiseNewQueue
                0x0000872a       0x46 ./freertos/freertos_kernel/queue.o
 .text.xQueueGenericSendFromISR
                0x00008770      0x154 ./freertos/freertos_kernel/queue.o
                0x00008770                xQueueGenericSendFromISR
 .text.prvCopyDataToQueue
                0x000088c4       0xd4 ./freertos/freertos_kernel/queue.o
 .text.prvCopyDataFromQueue
                0x00008998       0x4c ./freertos/freertos_kernel/queue.o
 .text.prvUnlockQueue
                0x000089e4       0xa4 ./freertos/freertos_kernel/queue.o
 .text.prvIsQueueEmpty
                0x00008a88       0x2c ./freertos/freertos_kernel/queue.o
 .text.prvIsQueueFull
                0x00008ab4       0x30 ./freertos/freertos_kernel/queue.o
 .text.vQueueWaitForMessageRestricted
                0x00008ae4       0x68 ./freertos/freertos_kernel/queue.o
                0x00008ae4                vQueueWaitForMessageRestricted
 .text.xTaskCreate
                0x00008b4c       0x82 ./freertos/freertos_kernel/tasks.o
                0x00008b4c                xTaskCreate
 .text.prvInitialiseNewTask
                0x00008bce      0x140 ./freertos/freertos_kernel/tasks.o
 .text.prvDeleteTCB
                0x00008d0e       0x20 ./freertos/freertos_kernel/tasks.o
 .text.prvTimerTask
                0x00008d2e       0x24 ./freertos/freertos_kernel/timers.o
 .text.OSC_SetExtRefClkConfig
                0x00008d52       0x34 ./drivers/fsl_clock.o
 .text.OSC_SetCapLoad
                0x00008d86       0x34 ./drivers/fsl_clock.o
 .text.CLOCK_GetPll0RefFreq
                0x00008dba        0xe ./drivers/fsl_clock.o
 .text.CLOCK_GetFixedFreqClkFreq
                0x00008dc8       0x34 ./drivers/fsl_clock.o
                0x00008dc8                CLOCK_GetFixedFreqClkFreq
 .text.CLOCK_EnableClock
                0x00008dfc       0x34 ./drivers/fsl_uart.o
 .text.CLOCK_DisableClock
                0x00008e30       0x38 ./drivers/fsl_uart.o
 .text.UART_GetStatusFlags
                0x00008e68       0x48 ./drivers/fsl_uart.o
                0x00008e68                UART_GetStatusFlags
 .text.UART_ClearStatusFlags
                0x00008eb0       0x80 ./drivers/fsl_uart.o
                0x00008eb0                UART_ClearStatusFlags
 .text.UART_WriteBlocking
                0x00008f30       0x50 ./drivers/fsl_uart.o
                0x00008f30                UART_WriteBlocking
 .text.UART0_RX_TX_DriverIRQHandler
                0x00008f80       0x12 ./drivers/fsl_uart.o
                0x00008f80                UART0_RX_TX_DriverIRQHandler
 .text.UART1_RX_TX_DriverIRQHandler
                0x00008f92       0x12 ./drivers/fsl_uart.o
                0x00008f92                UART1_RX_TX_DriverIRQHandler
 .text.UART2_RX_TX_DriverIRQHandler
                0x00008fa4       0x12 ./drivers/fsl_uart.o
                0x00008fa4                UART2_RX_TX_DriverIRQHandler
 .text.UART3_RX_TX_DriverIRQHandler
                0x00008fb6       0x12 ./drivers/fsl_uart.o
                0x00008fb6                UART3_RX_TX_DriverIRQHandler
 .text.UART4_RX_TX_DriverIRQHandler
                0x00008fc8       0x12 ./drivers/fsl_uart.o
                0x00008fc8                UART4_RX_TX_DriverIRQHandler
 .text.UART5_RX_TX_DriverIRQHandler
                0x00008fda       0x12 ./drivers/fsl_uart.o
                0x00008fda                UART5_RX_TX_DriverIRQHandler
 .text.SystemInitHook
                0x00008fec        0xe ./device/system_MK64F12.o
                0x00008fec                SystemInitHook
 .text.HAL_UartGetStatus
                0x00008ffa       0x22 ./component/uart/fsl_adapter_uart.o
 .text.DisableGlobalIRQ
                0x0000901c       0x22 ./component/serial_manager/fsl_component_serial_manager.o
 .text.EnableGlobalIRQ
                0x0000903e       0x20 ./component/serial_manager/fsl_component_serial_manager.o
 .text.SerialManager_StartWriting
                0x0000905e       0x38 ./component/serial_manager/fsl_component_serial_manager.o
 .text.SerialManager_Write
                0x00009096       0x44 ./component/serial_manager/fsl_component_serial_manager.o
 .text.SerialManager_Init
                0x000090da       0x60 ./component/serial_manager/fsl_component_serial_manager.o
                0x000090da                SerialManager_Init
 .text.SerialManager_OpenWriteHandle
                0x0000913a       0x50 ./component/serial_manager/fsl_component_serial_manager.o
                0x0000913a                SerialManager_OpenWriteHandle
 .text.SerialManager_OpenReadHandle
                0x0000918a       0x60 ./component/serial_manager/fsl_component_serial_manager.o
                0x0000918a                SerialManager_OpenReadHandle
 .text.SerialManager_WriteBlocking
                0x000091ea       0x20 ./component/serial_manager/fsl_component_serial_manager.o
                0x000091ea                SerialManager_WriteBlocking
 .text.Serial_UartInit
                0x0000920a       0x3e ./component/serial_manager/fsl_component_serial_port_uart.o
                0x0000920a                Serial_UartInit
 .text.Serial_UartWrite
                0x00009248       0x38 ./component/serial_manager/fsl_component_serial_port_uart.o
                0x00009248                Serial_UartWrite
 .text.BOARD_InitDebugConsole
                0x00009280       0x22 ./board/board.o
                0x00009280                BOARD_InitDebugConsole
 .text.BOARD_InitBootClocks
                0x000092a2        0xc ./board/clock_config.o
                0x000092a2                BOARD_InitBootClocks
 .text.CLOCK_EnableClock
                0x000092ae       0x34 ./board/pin_mux.o
 .text.PORT_SetPinMux
                0x000092e2       0x3a ./board/pin_mux.o
 .text.BOARD_InitBootPins
                0x0000931c        0xc ./board/pin_mux.o
                0x0000931c                BOARD_InitBootPins
 .text.__main   0x00009328        0xe c:/nxp/mcuxpressoide_11.6.0_8187/ide/plugins/com.nxp.mcuxpresso.tools.win32_11.6.0.202112161359/tools/bin/../lib/gcc/arm-none-eabi/10.3.1/../../../../arm-none-eabi/lib/thumb/v7e-m+fp/hard\libcr_nohost_nf.a(_cr__main.o)
                0x00009328                __main
 .text.memcpy   0x00009336        0x4 c:/nxp/mcuxpressoide_11.6.0_8187/ide/plugins/com.nxp.mcuxpresso.tools.win32_11.6.0.202112161359/tools/bin/../lib/gcc/arm-none-eabi/10.3.1/../../../../arm-none-eabi/lib/thumb/v7e-m+fp/hard\libcr_c.a(memcpy.o)
                0x00009336                memcpy
 .text.memset   0x0000933a        0x4 c:/nxp/mcuxpressoide_11.6.0_8187/ide/plugins/com.nxp.mcuxpresso.tools.win32_11.6.0.202112161359/tools/bin/../lib/gcc/arm-none-eabi/10.3.1/../../../../arm-none-eabi/lib/thumb/v7e-m+fp/hard\libcr_c.a(memset.o)
                0x0000933a                memset
 .text.free     0x0000933e       0x30 c:/nxp/mcuxpressoide_11.6.0_8187/ide/plugins/com.nxp.mcuxpresso.tools.win32_11.6.0.202112161359/tools/bin/../lib/gcc/arm-none-eabi/10.3.1/../../../../arm-none-eabi/lib/thumb/v7e-m+fp/hard\libcr_c.a(alloc.o)
                0x0000933e                free
 .text.fp_round
                0x0000936e       0x4e c:/nxp/mcuxpressoide_11.6.0_8187/ide/plugins/com.nxp.mcuxpresso.tools.win32_11.6.0.202112161359/tools/bin/../lib/gcc/arm-none-eabi/10.3.1/../../../../arm-none-eabi/lib/thumb/v7e-m+fp/hard\libcr_c.a(fpprintf.o)
 .text.pr_dec.constprop.0
                0x000093bc       0x26 c:/nxp/mcuxpressoide_11.6.0_8187/ide/plugins/com.nxp.mcuxpresso.tools.win32_11.6.0.202112161359/tools/bin/../lib/gcc/arm-none-eabi/10.3.1/../../../../arm-none-eabi/lib/thumb/v7e-m+fp/hard\libcr_c.a(fpprintf.o)
 .text.sscanf   0x000093e2       0x3e c:/nxp/mcuxpressoide_11.6.0_8187/ide/plugins/com.nxp.mcuxpresso.tools.win32_11.6.0.202112161359/tools/bin/../lib/gcc/arm-none-eabi/10.3.1/../../../../arm-none-eabi/lib/thumb/v7e-m+fp/hard\libcr_c.a(scanf.o)
                0x000093e2                sscanf
 .text.setvbuf  0x00009420       0x3e c:/nxp/mcuxpressoide_11.6.0_8187/ide/plugins/com.nxp.mcuxpresso.tools.win32_11.6.0.202112161359/tools/bin/../lib/gcc/arm-none-eabi/10.3.1/../../../../arm-none-eabi/lib/thumb/v7e-m+fp/hard\libcr_c.a(setvbuf.o)
                0x00009420                setvbuf
 .text.strcmp   0x0000945e       0x46 c:/nxp/mcuxpressoide_11.6.0_8187/ide/plugins/com.nxp.mcuxpresso.tools.win32_11.6.0.202112161359/tools/bin/../lib/gcc/arm-none-eabi/10.3.1/../../../../arm-none-eabi/lib/thumb/v7e-m+fp/hard\libcr_c.a(strcmp.o)
                0x0000945e                strcmp
 .text.strlen   0x000094a4       0x48 c:/nxp/mcuxpressoide_11.6.0_8187/ide/plugins/com.nxp.mcuxpresso.tools.win32_11.6.0.202112161359/tools/bin/../lib/gcc/arm-none-eabi/10.3.1/../../../../arm-none-eabi/lib/thumb/v7e-m+fp/hard\libcr_c.a(strlen.o)
                0x000094a4                strlen
 .text.strncpy  0x000094ec       0x58 c:/nxp/mcuxpressoide_11.6.0_8187/ide/plugins/com.nxp.mcuxpresso.tools.win32_11.6.0.202112161359/tools/bin/../lib/gcc/arm-none-eabi/10.3.1/../../../../arm-none-eabi/lib/thumb/v7e-m+fp/hard\libcr_c.a(strncpy.o)
                0x000094ec                strncpy
 .text.strstr   0x00009544       0x20 c:/nxp/mcuxpressoide_11.6.0_8187/ide/plugins/com.nxp.mcuxpresso.tools.win32_11.6.0.202112161359/tools/bin/../lib/gcc/arm-none-eabi/10.3.1/../../../../arm-none-eabi/lib/thumb/v7e-m+fp/hard\libcr_c.a(strstr.o)
                0x00009544                strstr
 .text.ungetc   0x00009564       0x32 c:/nxp/mcuxpressoide_11.6.0_8187/ide/plugins/com.nxp.mcuxpresso.tools.win32_11.6.0.202112161359/tools/bin/../lib/gcc/arm-none-eabi/10.3.1/../../../../arm-none-eabi/lib/thumb/v7e-m+fp/hard\libcr_c.a(ungetc.o)
                0x00009564                ungetc
 .text._Csys_read_
                0x00009596       0x22 c:/nxp/mcuxpressoide_11.6.0_8187/ide/plugins/com.nxp.mcuxpresso.tools.win32_11.6.0.202112161359/tools/bin/../lib/gcc/arm-none-eabi/10.3.1/../../../../arm-none-eabi/lib/thumb/v7e-m+fp/hard\libcr_c.a(__fillbuf.o)
                0x00009596                _Csys_read_
 .text._deferredlazyseek
                0x000095b8       0x40 c:/nxp/mcuxpressoide_11.6.0_8187/ide/plugins/com.nxp.mcuxpresso.tools.win32_11.6.0.202112161359/tools/bin/../lib/gcc/arm-none-eabi/10.3.1/../../../../arm-none-eabi/lib/thumb/v7e-m+fp/hard\libcr_c.a(_deferredlazyseek.o)
                0x000095b8                _deferredlazyseek
 .text.__flsbuf
                0x000095f8      0x140 c:/nxp/mcuxpressoide_11.6.0_8187/ide/plugins/com.nxp.mcuxpresso.tools.win32_11.6.0.202112161359/tools/bin/../lib/gcc/arm-none-eabi/10.3.1/../../../../arm-none-eabi/lib/thumb/v7e-m+fp/hard\libcr_c.a(_deferredlazyseek.o)
                0x000095f8                __flsbuf
 .text._fdopen  0x00009738       0x68 c:/nxp/mcuxpressoide_11.6.0_8187/ide/plugins/com.nxp.mcuxpresso.tools.win32_11.6.0.202112161359/tools/bin/../lib/gcc/arm-none-eabi/10.3.1/../../../../arm-none-eabi/lib/thumb/v7e-m+fp/hard\libcr_c.a(_fdopen.o)
                0x00009738                _fdopen
 .text._fflush  0x000097a0       0x52 c:/nxp/mcuxpressoide_11.6.0_8187/ide/plugins/com.nxp.mcuxpresso.tools.win32_11.6.0.202112161359/tools/bin/../lib/gcc/arm-none-eabi/10.3.1/../../../../arm-none-eabi/lib/thumb/v7e-m+fp/hard\libcr_c.a(_fflush.o)
                0x000097a0                _fflush
 .text.fclose   0x000097f2       0x58 c:/nxp/mcuxpressoide_11.6.0_8187/ide/plugins/com.nxp.mcuxpresso.tools.win32_11.6.0.202112161359/tools/bin/../lib/gcc/arm-none-eabi/10.3.1/../../../../arm-none-eabi/lib/thumb/v7e-m+fp/hard\libcr_c.a(fclose.o)
                0x000097f2                fclose
 .text.remove   0x0000984a       0x14 c:/nxp/mcuxpressoide_11.6.0_8187/ide/plugins/com.nxp.mcuxpresso.tools.win32_11.6.0.202112161359/tools/bin/../lib/gcc/arm-none-eabi/10.3.1/../../../../arm-none-eabi/lib/thumb/v7e-m+fp/hard\libcr_c.a(remove.o)
                0x0000984a                remove
 .text._do_fflush
                0x0000985e       0x40 c:/nxp/mcuxpressoide_11.6.0_8187/ide/plugins/com.nxp.mcuxpresso.tools.win32_11.6.0.202112161359/tools/bin/../lib/gcc/arm-none-eabi/10.3.1/../../../../arm-none-eabi/lib/thumb/v7e-m+fp/hard\libcr_c.a(_do_fflush.o)
                0x0000985e                _do_fflush
 .text.__aeabi_d2iz
                0x0000989e       0x40 c:/nxp/mcuxpressoide_11.6.0_8187/ide/plugins/com.nxp.mcuxpresso.tools.win32_11.6.0.202112161359/tools/bin/../lib/gcc/arm-none-eabi/10.3.1/thumb/v7e-m+fp/hard\libcr_eabihelpers.a(double.o)
                0x0000989e                __aeabi_d2iz
 .text.__aeabi_d2lz
                0x000098de       0x74 c:/nxp/mcuxpressoide_11.6.0_8187/ide/plugins/com.nxp.mcuxpresso.tools.win32_11.6.0.202112161359/tools/bin/../lib/gcc/arm-none-eabi/10.3.1/thumb/v7e-m+fp/hard\libcr_eabihelpers.a(double.o)
                0x000098de                __aeabi_d2lz
 .text.__bhs_ui2d
                0x00009952       0x46 c:/nxp/mcuxpressoide_11.6.0_8187/ide/plugins/com.nxp.mcuxpresso.tools.win32_11.6.0.202112161359/tools/bin/../lib/gcc/arm-none-eabi/10.3.1/thumb/v7e-m+fp/hard\libcr_eabihelpers.a(double.o)
                0x00009952                __bhs_ui2d
 .text.__bhs_ul2d
                0x00009998       0x8a c:/nxp/mcuxpressoide_11.6.0_8187/ide/plugins/com.nxp.mcuxpresso.tools.win32_11.6.0.202112161359/tools/bin/../lib/gcc/arm-none-eabi/10.3.1/thumb/v7e-m+fp/hard\libcr_eabihelpers.a(double.o)
                0x00009998                __bhs_ul2d
 .text.__aeabi_i2d
                0x00009a22       0x12 c:/nxp/mcuxpressoide_11.6.0_8187/ide/plugins/com.nxp.mcuxpresso.tools.win32_11.6.0.202112161359/tools/bin/../lib/gcc/arm-none-eabi/10.3.1/thumb/v7e-m+fp/hard\libcr_eabihelpers.a(double.o)
                0x00009a22                __aeabi_i2d
 .text.__aeabi_ui2d
                0x00009a34        0x8 c:/nxp/mcuxpressoide_11.6.0_8187/ide/plugins/com.nxp.mcuxpresso.tools.win32_11.6.0.202112161359/tools/bin/../lib/gcc/arm-none-eabi/10.3.1/thumb/v7e-m+fp/hard\libcr_eabihelpers.a(double.o)
                0x00009a34                __aeabi_ui2d
 .text.__aeabi_l2d
                0x00009a3c       0x1c c:/nxp/mcuxpressoide_11.6.0_8187/ide/plugins/com.nxp.mcuxpresso.tools.win32_11.6.0.202112161359/tools/bin/../lib/gcc/arm-none-eabi/10.3.1/thumb/v7e-m+fp/hard\libcr_eabihelpers.a(double.o)
                0x00009a3c                __aeabi_l2d
 .text.__aeabi_dcmpeq
                0x00009a58       0x30 c:/nxp/mcuxpressoide_11.6.0_8187/ide/plugins/com.nxp.mcuxpresso.tools.win32_11.6.0.202112161359/tools/bin/../lib/gcc/arm-none-eabi/10.3.1/thumb/v7e-m+fp/hard\libcr_eabihelpers.a(double.o)
                0x00009a58                __aeabi_dcmpeq
 .text.__aeabi_dcmplt
                0x00009a88       0x56 c:/nxp/mcuxpressoide_11.6.0_8187/ide/plugins/com.nxp.mcuxpresso.tools.win32_11.6.0.202112161359/tools/bin/../lib/gcc/arm-none-eabi/10.3.1/thumb/v7e-m+fp/hard\libcr_eabihelpers.a(double.o)
                0x00009a88                __aeabi_dcmplt
 .text.__aeabi_dcmpgt
                0x00009ade       0x56 c:/nxp/mcuxpressoide_11.6.0_8187/ide/plugins/com.nxp.mcuxpresso.tools.win32_11.6.0.202112161359/tools/bin/../lib/gcc/arm-none-eabi/10.3.1/thumb/v7e-m+fp/hard\libcr_eabihelpers.a(double.o)
                0x00009ade                __aeabi_dcmpgt
 .text.__aeabi_dcmple
                0x00009b34       0x56 c:/nxp/mcuxpressoide_11.6.0_8187/ide/plugins/com.nxp.mcuxpresso.tools.win32_11.6.0.202112161359/tools/bin/../lib/gcc/arm-none-eabi/10.3.1/thumb/v7e-m+fp/hard\libcr_eabihelpers.a(double.o)
                0x00009b34                __aeabi_dcmple
 .text.__aeabi_dcmpge
                0x00009b8a       0x56 c:/nxp/mcuxpressoide_11.6.0_8187/ide/plugins/com.nxp.mcuxpresso.tools.win32_11.6.0.202112161359/tools/bin/../lib/gcc/arm-none-eabi/10.3.1/thumb/v7e-m+fp/hard\libcr_eabihelpers.a(double.o)
                0x00009b8a                __aeabi_dcmpge
 .text.__aeabi_memcpy
                0x00009be0       0x34 c:/nxp/mcuxpressoide_11.6.0_8187/ide/plugins/com.nxp.mcuxpresso.tools.win32_11.6.0.202112161359/tools/bin/../lib/gcc/arm-none-eabi/10.3.1/thumb/v7e-m+fp/hard\libcr_eabihelpers.a(memcpy.o)
                0x00009be0                __aeabi_memcpy
                0x00009bea                __aeabi_memcpy8
                0x00009bea                __aeabi_memcpy4
 .text.__aeabi_memset_lowlevel
                0x00009c14       0x32 c:/nxp/mcuxpressoide_11.6.0_8187/ide/plugins/com.nxp.mcuxpresso.tools.win32_11.6.0.202112161359/tools/bin/../lib/gcc/arm-none-eabi/10.3.1/thumb/v7e-m+fp/hard\libcr_eabihelpers.a(memcpy.o)
                0x00009c14                __aeabi_lowlevel_memset
 .text.__sys_appexit
                0x00009c46        0x2 c:/nxp/mcuxpressoide_11.6.0_8187/ide/plugins/com.nxp.mcuxpresso.tools.win32_11.6.0.202112161359/tools/bin/../lib/gcc/arm-none-eabi/10.3.1/../../../../arm-none-eabi/lib/thumb/v7e-m+fp/hard\libcr_nohost_nf.a(__sys_appexit.o)
                0x00009c46                __sys_appexit
                0x00009c46                __exit
 .text.__sys_close
                0x00009c48        0x6 c:/nxp/mcuxpressoide_11.6.0_8187/ide/plugins/com.nxp.mcuxpresso.tools.win32_11.6.0.202112161359/tools/bin/../lib/gcc/arm-none-eabi/10.3.1/../../../../arm-none-eabi/lib/thumb/v7e-m+fp/hard\libcr_nohost_nf.a(__sys_close.o)
                0x00009c48                __sys_close
 .text.__sys_flen
                0x00009c4e        0x6 c:/nxp/mcuxpressoide_11.6.0_8187/ide/plugins/com.nxp.mcuxpresso.tools.win32_11.6.0.202112161359/tools/bin/../lib/gcc/arm-none-eabi/10.3.1/../../../../arm-none-eabi/lib/thumb/v7e-m+fp/hard\libcr_nohost_nf.a(__sys_flen.o)
                0x00009c4e                __sys_flen
 .text.__sys_istty
                0x00009c54        0x6 c:/nxp/mcuxpressoide_11.6.0_8187/ide/plugins/com.nxp.mcuxpresso.tools.win32_11.6.0.202112161359/tools/bin/../lib/gcc/arm-none-eabi/10.3.1/../../../../arm-none-eabi/lib/thumb/v7e-m+fp/hard\libcr_nohost_nf.a(__sys_istty.o)
                0x00009c54                __sys_istty
 .text.__sys_read
                0x00009c5a        0x4 c:/nxp/mcuxpressoide_11.6.0_8187/ide/plugins/com.nxp.mcuxpresso.tools.win32_11.6.0.202112161359/tools/bin/../lib/gcc/arm-none-eabi/10.3.1/../../../../arm-none-eabi/lib/thumb/v7e-m+fp/hard\libcr_nohost_nf.a(__sys_read.o)
                0x00009c5a                __sys_read
 .text.__sys_readc
                0x00009c5e        0x6 c:/nxp/mcuxpressoide_11.6.0_8187/ide/plugins/com.nxp.mcuxpresso.tools.win32_11.6.0.202112161359/tools/bin/../lib/gcc/arm-none-eabi/10.3.1/../../../../arm-none-eabi/lib/thumb/v7e-m+fp/hard\libcr_nohost_nf.a(__sys_readc.o)
                0x00009c5e                __sys_readc
                0x00009c5e                __readc
 .text.__sys_remove
                0x00009c64        0x6 c:/nxp/mcuxpressoide_11.6.0_8187/ide/plugins/com.nxp.mcuxpresso.tools.win32_11.6.0.202112161359/tools/bin/../lib/gcc/arm-none-eabi/10.3.1/../../../../arm-none-eabi/lib/thumb/v7e-m+fp/hard\libcr_nohost_nf.a(__sys_remove.o)
                0x00009c64                __sys_remove
 .text.__sys_seek
                0x00009c6a        0x6 c:/nxp/mcuxpressoide_11.6.0_8187/ide/plugins/com.nxp.mcuxpresso.tools.win32_11.6.0.202112161359/tools/bin/../lib/gcc/arm-none-eabi/10.3.1/../../../../arm-none-eabi/lib/thumb/v7e-m+fp/hard\libcr_nohost_nf.a(__sys_seek.o)
                0x00009c6a                __sys_seek
 .text.__sys_tmpnam
                0x00009c70        0x6 c:/nxp/mcuxpressoide_11.6.0_8187/ide/plugins/com.nxp.mcuxpresso.tools.win32_11.6.0.202112161359/tools/bin/../lib/gcc/arm-none-eabi/10.3.1/../../../../arm-none-eabi/lib/thumb/v7e-m+fp/hard\libcr_nohost_nf.a(__sys_tmpnam.o)
                0x00009c70                __sys_tmpnam
 .text.__sys_write
                0x00009c76        0x4 c:/nxp/mcuxpressoide_11.6.0_8187/ide/plugins/com.nxp.mcuxpresso.tools.win32_11.6.0.202112161359/tools/bin/../lib/gcc/arm-none-eabi/10.3.1/../../../../arm-none-eabi/lib/thumb/v7e-m+fp/hard\libcr_nohost_nf.a(__sys_write.o)
                0x00009c76                __sys_write
 *freertos*/tasks.o(SORT_BY_ALIGNMENT(.rodata*))
 *fill*         0x00009c7a        0x2 ff
 .rodata.vTaskStartScheduler.str1.4
                0x00009c7c        0x5 ./freertos/freertos_kernel/tasks.o
 *fill*         0x00009c81        0x3 ff
 .rodata        0x00009c84       0x1c ./freertos/freertos_kernel/tasks.o
                0x00009c84                portArch_Name
                0x00009c88                FreeRTOSDebugConfig
 *(SORT_BY_ALIGNMENT(.rodata) SORT_BY_ALIGNMENT(.rodata.*) SORT_BY_ALIGNMENT(.constdata) SORT_BY_ALIGNMENT(.constdata.*))
 .rodata.a1.1   0x00009ca0       0x88 c:/nxp/mcuxpressoide_11.6.0_8187/ide/plugins/com.nxp.mcuxpresso.tools.win32_11.6.0.202112161359/tools/bin/../lib/gcc/arm-none-eabi/10.3.1/../../../../arm-none-eabi/lib/thumb/v7e-m+fp/hard\libcr_c.a(pow.o)
 .rodata.a2.0   0x00009d28       0x40 c:/nxp/mcuxpressoide_11.6.0_8187/ide/plugins/com.nxp.mcuxpresso.tools.win32_11.6.0.202112161359/tools/bin/../lib/gcc/arm-none-eabi/10.3.1/../../../../arm-none-eabi/lib/thumb/v7e-m+fp/hard\libcr_c.a(pow.o)
 .rodata.__assertion_failed.str1.4
                0x00009d68       0x14 ./utilities/fsl_assert.o
 .rodata.SWARM_RX_FAILURE
                0x00009d7c       0x1c ./source/A7_modem.o
                0x00009d7c                SWARM_RX_FAILURE
 .rodata.LOCATION_TEST
                0x00009d98       0x21 ./source/A7_modem.o
                0x00009d98                LOCATION_TEST
 *fill*         0x00009db9        0x3 ff
 .rodata.R_OK   0x00009dbc        0x3 ./source/A7_modem.o
                0x00009dbc                R_OK
 *fill*         0x00009dbf        0x1 ff
 .rodata.R_ERROR
                0x00009dc0        0x6 ./source/A7_modem.o
                0x00009dc0                R_ERROR
 *fill*         0x00009dc6        0x2 ff
 .rodata.R_READY
                0x00009dc8        0x6 ./source/A7_modem.o
                0x00009dc8                R_READY
 *fill*         0x00009dce        0x2 ff
 .rodata.R_BOOT
                0x00009dd0        0x8 ./source/A7_modem.o
                0x00009dd0                R_BOOT
 .rodata.MODEM_SIM_STATUS
                0x00009dd8        0x8 ./source/A7_modem.o
                0x00009dd8                MODEM_SIM_STATUS
 .rodata.MODEM_GET_PLMN
                0x00009de0        0x8 ./source/A7_modem.o
                0x00009de0                MODEM_GET_PLMN
 .rodata.MODEM_STATE
                0x00009de8        0x8 ./source/A7_modem.o
                0x00009de8                MODEM_STATE
 .rodata.MODEM_SEND_SMS
                0x00009df0        0x8 ./source/A7_modem.o
                0x00009df0                MODEM_SEND_SMS
 .rodata.MODEM_GPS_AUTO
                0x00009df8        0xc ./source/A7_modem.o
                0x00009df8                MODEM_GPS_AUTO
 .rodata.MODEM_GPS_INFO
                0x00009e04        0xc ./source/A7_modem.o
                0x00009e04                MODEM_GPS_INFO
 .rodata.EXTERNAL_PHONE_NUMBER
                0x00009e10        0xd ./source/A7_modem.o
                0x00009e10                EXTERNAL_PHONE_NUMBER
 *fill*         0x00009e1d        0x3 ff
 .rodata.MODEM_SET_ON
                0x00009e20        0x2 ./source/A7_modem.o
                0x00009e20                MODEM_SET_ON
 *fill*         0x00009e22        0x2 ff
 .rodata.MODEM_SET_OFF
                0x00009e24        0x2 ./source/A7_modem.o
                0x00009e24                MODEM_SET_OFF
 *fill*         0x00009e26        0x2 ff
 .rodata.MODEM_PARAM_EMPTY
                0x00009e28        0x1 ./source/A7_modem.o
                0x00009e28                MODEM_PARAM_EMPTY
 *fill*         0x00009e29        0x3 ff
 .rodata.main.str1.4
                0x00009e2c       0xb9 ./source/A7_modem.o
 *fill*         0x00009ee5        0x3 ff
 .rodata.modem_uart_init.str1.4
                0x00009ee8       0x77 ./source/A7_modem.o
 *fill*         0x00009f5f        0x1 ff
 .rodata.send_at_commands.str1.4
                0x00009f60      0x12a ./source/A7_modem.o
                                0x12e (size before relaxing)
 *fill*         0x0000a08a        0x2 ff
 .rodata.send_at_command_sms.str1.4
                0x0000a08c      0x110 ./source/A7_modem.o
 .rodata.get_modem_response_uart.str1.4
                0x0000a19c       0x33 ./source/A7_modem.o
 *fill*         0x0000a1cf        0x1 ff
 .rodata.check_modem_state.str1.4
                0x0000a1d0      0x131 ./source/A7_modem.o
 *fill*         0x0000a301        0x3 ff
 .rodata.get_network_state.str1.4
                0x0000a304       0xd9 ./source/A7_modem.o
 *fill*         0x0000a3dd        0x3 ff
 .rodata.get_gps_info.str1.4
                0x0000a3e0       0xcb ./source/A7_modem.o
 *fill*         0x0000a4ab        0x1 ff
 .rodata.network_scan.str1.4
                0x0000a4ac       0x81 ./source/A7_modem.o
 *fill*         0x0000a52d        0x3 ff
 .rodata.modem_task.str1.4
                0x0000a530       0xfd ./source/A7_modem.o
 *fill*         0x0000a62d        0x3 ff
 .rodata.xTimerCreateTimerTask.str1.4
                0x0000a630        0x8 ./freertos/freertos_kernel/timers.o
 .rodata.prvCheckForValidListAndQueue.str1.4
                0x0000a638        0x5 ./freertos/freertos_kernel/timers.o
 *fill*         0x0000a63d        0x3 ff
 .rodata.CLOCK_GetMcgExtClkFreq.str1.4
                0x0000a640       0x49 ./drivers/fsl_clock.o
 *fill*         0x0000a689        0x3 ff
 .rodata.CLOCK_GetOsc0ErClkFreq.str1.4
                0x0000a68c       0x1e ./drivers/fsl_clock.o
 *fill*         0x0000a6aa        0x2 ff
 .rodata.CLOCK_GetEr32kClkFreq.str1.4
                0x0000a6ac       0x1f ./drivers/fsl_clock.o
 *fill*         0x0000a6cb        0x1 ff
 .rodata.CLOCK_GetPll0Freq.str1.4
                0x0000a6cc       0x1d ./drivers/fsl_clock.o
 *fill*         0x0000a6e9        0x3 ff
 .rodata.CLOCK_EnablePll0.str1.4
                0x0000a6ec       0x1a ./drivers/fsl_clock.o
 *fill*         0x0000a706        0x2 ff
 .rodata.CLOCK_SetPbeMode.str1.4
                0x0000a708       0x1a ./drivers/fsl_clock.o
 *fill*         0x0000a722        0x2 ff
 .rodata.CLOCK_BootToPeeMode.str1.4
                0x0000a724       0x1a ./drivers/fsl_clock.o
 *fill*         0x0000a73e        0x2 ff
 .rodata.fllFactorTable.1
                0x0000a740       0x10 ./drivers/fsl_clock.o
 .rodata.s_uartBases
                0x0000a750       0x18 ./drivers/fsl_uart.o
 .rodata.s_uartClock
                0x0000a768       0x18 ./drivers/fsl_uart.o
 .rodata.UART_GetInstance.str1.4
                0x0000a780       0x2b ./drivers/fsl_uart.o
 *fill*         0x0000a7ab        0x1 ff
 .rodata.UART_Init.str1.4
                0x0000a7ac       0xfb ./drivers/fsl_uart.o
 *fill*         0x0000a8a7        0x1 ff
 .rodata.UART_GetDefaultConfig.str1.4
                0x0000a8a8       0x20 ./drivers/fsl_uart.o
 .rodata.UART_ReadBlocking.str1.4
                0x0000a8c8       0x1e ./drivers/fsl_uart.o
 *fill*         0x0000a8e6        0x2 ff
 .rodata.s_UartAdapterBase
                0x0000a8e8       0x18 ./component/uart/fsl_adapter_uart.o
 .rodata.HAL_UartInit.str1.4
                0x0000a900       0xdd ./component/uart/fsl_adapter_uart.o
 *fill*         0x0000a9dd        0x3 ff
 .rodata.HAL_UartSendBlocking.str1.4
                0x0000a9e0       0x60 ./component/uart/fsl_adapter_uart.o
 .rodata.mcgConfig_BOARD_BootClockRUN
                0x0000aa40        0xb ./board/clock_config.o
                0x0000aa40                mcgConfig_BOARD_BootClockRUN
 *fill*         0x0000aa4b        0x1 ff
 .rodata.simConfig_BOARD_BootClockRUN
                0x0000aa4c        0x8 ./board/clock_config.o
                0x0000aa4c                simConfig_BOARD_BootClockRUN
 .rodata.oscConfig_BOARD_BootClockRUN
                0x0000aa54        0x8 ./board/clock_config.o
                0x0000aa54                oscConfig_BOARD_BootClockRUN
 .rodata.__num_Ciob_streams
                0x0000aa5c        0x4 c:/nxp/mcuxpressoide_11.6.0_8187/ide/plugins/com.nxp.mcuxpresso.tools.win32_11.6.0.202112161359/tools/bin/../lib/gcc/arm-none-eabi/10.3.1/../../../../arm-none-eabi/lib/thumb/v7e-m+fp/hard\libcr_nohost_nf.a(__ciob.o)
                0x0000aa5c                __num_Ciob_streams
 .rodata._Csys_alloc.str1.1
                0x0000aa60       0x18 c:/nxp/mcuxpressoide_11.6.0_8187/ide/plugins/com.nxp.mcuxpresso.tools.win32_11.6.0.202112161359/tools/bin/../lib/gcc/arm-none-eabi/10.3.1/../../../../arm-none-eabi/lib/thumb/v7e-m+fp/hard\libcr_c.a(alloc.o)
 .rodata.__ctype
                0x0000aa78      0x180 c:/nxp/mcuxpressoide_11.6.0_8187/ide/plugins/com.nxp.mcuxpresso.tools.win32_11.6.0.202112161359/tools/bin/../lib/gcc/arm-none-eabi/10.3.1/../../../../arm-none-eabi/lib/thumb/v7e-m+fp/hard\libcr_c.a(ctype.o)
                0x0000aa78                __ctype
 .rodata.fp_display.str1.1
                0x0000abf8       0x34 c:/nxp/mcuxpressoide_11.6.0_8187/ide/plugins/com.nxp.mcuxpresso.tools.win32_11.6.0.202112161359/tools/bin/../lib/gcc/arm-none-eabi/10.3.1/../../../../arm-none-eabi/lib/thumb/v7e-m+fp/hard\libcr_c.a(fpprintf.o)
                                 0x35 (size before relaxing)
 .rodata._initio.str1.1
                0x0000ac2c        0x4 c:/nxp/mcuxpressoide_11.6.0_8187/ide/plugins/com.nxp.mcuxpresso.tools.win32_11.6.0.202112161359/tools/bin/../lib/gcc/arm-none-eabi/10.3.1/../../../../arm-none-eabi/lib/thumb/v7e-m+fp/hard\libcr_c.a(initio.o)
 .rodata.__vfprintf.str1.1
                0x0000ac30       0x31 c:/nxp/mcuxpressoide_11.6.0_8187/ide/plugins/com.nxp.mcuxpresso.tools.win32_11.6.0.202112161359/tools/bin/../lib/gcc/arm-none-eabi/10.3.1/../../../../arm-none-eabi/lib/thumb/v7e-m+fp/hard\libcr_c.a(printf.o)
                                 0x38 (size before relaxing)
                0x0000ac68                . = ALIGN (0x8)
 *fill*         0x0000ac61        0x7 ff
                0x0000ac68                _etext = .

.glue_7         0x0000ac68        0x0
 .glue_7        0x0000ac68        0x0 linker stubs

.glue_7t        0x0000ac68        0x0
 .glue_7t       0x0000ac68        0x0 linker stubs

.vfp11_veneer   0x0000ac68        0x0
 .vfp11_veneer  0x0000ac68        0x0 linker stubs

.v4_bx          0x0000ac68        0x0
 .v4_bx         0x0000ac68        0x0 linker stubs

.iplt           0x0000ac68        0x0
 .iplt          0x0000ac68        0x0 ./utilities/fsl_assert.o

.rel.dyn        0x0000ac68        0x0
 .rel.iplt      0x0000ac68        0x0 ./utilities/fsl_assert.o

.m_usb_data
 *(SORT_BY_ALIGNMENT(m_usb_bdt))

.data_RAM2      0x1fff0000        0x0 load address 0x0000ac68
 FILL mask 0xff
                [!provide]                PROVIDE (__start_data_RAM2 = .)
                [!provide]                PROVIDE (__start_data_SRAM_LOWER = .)
 *(SORT_BY_ALIGNMENT(.ramfunc.$RAM2))
 *(SORT_BY_ALIGNMENT(.ramfunc.$SRAM_LOWER))
 *(SORT_BY_ALIGNMENT(.data.$RAM2))
 *(SORT_BY_ALIGNMENT(.data.$SRAM_LOWER))
 *(SORT_BY_ALIGNMENT(.data.$RAM2.*))
 *(SORT_BY_ALIGNMENT(.data.$SRAM_LOWER.*))
                0x1fff0000                . = ALIGN (0x8)
                [!provide]                PROVIDE (__end_data_RAM2 = .)
                [!provide]                PROVIDE (__end_data_SRAM_LOWER = .)

.data_RAM3      0x14000000        0x0 load address 0x0000ac68
 FILL mask 0xff
                [!provide]                PROVIDE (__start_data_RAM3 = .)
                [!provide]                PROVIDE (__start_data_FLEX_RAM = .)
 *(SORT_BY_ALIGNMENT(.ramfunc.$RAM3))
 *(SORT_BY_ALIGNMENT(.ramfunc.$FLEX_RAM))
 *(SORT_BY_ALIGNMENT(.data.$RAM3))
 *(SORT_BY_ALIGNMENT(.data.$FLEX_RAM))
 *(SORT_BY_ALIGNMENT(.data.$RAM3.*))
 *(SORT_BY_ALIGNMENT(.data.$FLEX_RAM.*))
                0x14000000                . = ALIGN (0x8)
                [!provide]                PROVIDE (__end_data_RAM3 = .)
                [!provide]                PROVIDE (__end_data_FLEX_RAM = .)

.uninit_RESERVED
                0x20000000        0x0
                0x20000000                _start_uninit_RESERVED = .
 *(SORT_BY_ALIGNMENT(.bss.$RESERVED*))
                0x20000000                . = ALIGN (0x8)
                0x20000000                _end_uninit_RESERVED = .

.data           0x20000000       0x20 load address 0x0000ac68
 FILL mask 0xff
                0x20000000                _data = .
                [!provide]                PROVIDE (__start_data_RAM = .)
                [!provide]                PROVIDE (__start_data_SRAM_UPPER = .)
 *(SORT_BY_ALIGNMENT(vtable))
 *(SORT_BY_ALIGNMENT(.ramfunc*))
 *(SORT_BY_ALIGNMENT(CodeQuickAccess))
 *(SORT_BY_ALIGNMENT(DataQuickAccess))
 *(SORT_BY_ALIGNMENT(RamFunction))
 *(SORT_BY_ALIGNMENT(.data*))
 .data.uxCriticalNesting
                0x20000000        0x4 ./freertos/freertos_kernel/portable/GCC/ARM_CM4F/port.o
 .data.uxTopUsedPriority
                0x20000004        0x4 ./freertos/freertos_kernel/tasks.o
                0x20000004                uxTopUsedPriority
 .data.s_slowIrcFreq
                0x20000008        0x4 ./drivers/fsl_clock.o
 .data.s_fastIrcFreq
                0x2000000c        0x4 ./drivers/fsl_clock.o
 .data.SystemCoreClock
                0x20000010        0x4 ./device/system_MK64F12.o
                0x20000010                SystemCoreClock
 .data.neginf.0
                0x20000014        0x4 c:/nxp/mcuxpressoide_11.6.0_8187/ide/plugins/com.nxp.mcuxpresso.tools.win32_11.6.0.202112161359/tools/bin/../lib/gcc/arm-none-eabi/10.3.1/../../../../arm-none-eabi/lib/thumb/v7e-m+fp/hard\libcr_c.a(scanf.o)
 .data.posinf.1
                0x20000018        0x4 c:/nxp/mcuxpressoide_11.6.0_8187/ide/plugins/com.nxp.mcuxpresso.tools.win32_11.6.0.202112161359/tools/bin/../lib/gcc/arm-none-eabi/10.3.1/../../../../arm-none-eabi/lib/thumb/v7e-m+fp/hard\libcr_c.a(scanf.o)
                0x20000020                . = ALIGN (0x8)
 *fill*         0x2000001c        0x4 ff
                0x20000020                _edata = .
                [!provide]                PROVIDE (__end_data_RAM = .)
                [!provide]                PROVIDE (__end_data_SRAM_UPPER = .)

.igot.plt       0x20000020        0x0 load address 0x0000ac88
 .igot.plt      0x20000020        0x0 ./utilities/fsl_assert.o

.bss_RAM2       0x1fff0000        0x0
                [!provide]                PROVIDE (__start_bss_RAM2 = .)
                [!provide]                PROVIDE (__start_bss_SRAM_LOWER = .)
 *(SORT_BY_ALIGNMENT(.bss.$RAM2))
 *(SORT_BY_ALIGNMENT(.bss.$SRAM_LOWER))
 *(SORT_BY_ALIGNMENT(.bss.$RAM2.*))
 *(SORT_BY_ALIGNMENT(.bss.$SRAM_LOWER.*))
                0x1fff0000                . = ALIGN ((. != 0x0)?0x8:0x1)
                [!provide]                PROVIDE (__end_bss_RAM2 = .)
                [!provide]                PROVIDE (__end_bss_SRAM_LOWER = .)

.bss_RAM3       0x14000000        0x0
                [!provide]                PROVIDE (__start_bss_RAM3 = .)
                [!provide]                PROVIDE (__start_bss_FLEX_RAM = .)
 *(SORT_BY_ALIGNMENT(.bss.$RAM3))
 *(SORT_BY_ALIGNMENT(.bss.$FLEX_RAM))
 *(SORT_BY_ALIGNMENT(.bss.$RAM3.*))
 *(SORT_BY_ALIGNMENT(.bss.$FLEX_RAM.*))
                0x14000000                . = ALIGN ((. != 0x0)?0x8:0x1)
                [!provide]                PROVIDE (__end_bss_RAM3 = .)
                [!provide]                PROVIDE (__end_bss_FLEX_RAM = .)

.bss            0x20000020     0x2cb8
                0x20000020                _bss = .
                [!provide]                PROVIDE (__start_bss_RAM = .)
                [!provide]                PROVIDE (__start_bss_SRAM_UPPER = .)
 *(SORT_BY_ALIGNMENT(.bss*))
 .bss.s_debugConsoleState
                0x20000020       0x20 ./utilities/fsl_debug_console.o
 .bss.g_serialHandle
                0x20000040        0x4 ./utilities/fsl_debug_console.o
                0x20000040                g_serialHandle
 .bss.modem_rx_buffer
                0x20000044       0xff ./source/A7_modem.o
                0x20000044                modem_rx_buffer
 *fill*         0x20000143        0x1 
 .bss.gps_coordinates
                0x20000144       0xff ./source/A7_modem.o
                0x20000144                gps_coordinates
 *fill*         0x20000243        0x1 
 .bss.ucHeap    0x20000244     0x2800 ./freertos/freertos_kernel/portable/MemMang/heap_4.o
 .bss.xStart    0x20002a44        0x8 ./freertos/freertos_kernel/portable/MemMang/heap_4.o
 .bss.pxEnd     0x20002a4c        0x4 ./freertos/freertos_kernel/portable/MemMang/heap_4.o
 .bss.xFreeBytesRemaining
                0x20002a50        0x4 ./freertos/freertos_kernel/portable/MemMang/heap_4.o
 .bss.xMinimumEverFreeBytesRemaining
                0x20002a54        0x4 ./freertos/freertos_kernel/portable/MemMang/heap_4.o
 .bss.xNumberOfSuccessfulAllocations
                0x20002a58        0x4 ./freertos/freertos_kernel/portable/MemMang/heap_4.o
 .bss.xNumberOfSuccessfulFrees
                0x20002a5c        0x4 ./freertos/freertos_kernel/portable/MemMang/heap_4.o
 .bss.xBlockAllocatedBit
                0x20002a60        0x4 ./freertos/freertos_kernel/portable/MemMang/heap_4.o
 .bss.ulMaxPRIGROUPValue
                0x20002a64        0x4 ./freertos/freertos_kernel/portable/GCC/ARM_CM4F/port.o
 .bss.xQueueRegistry
                0x20002a68       0x40 ./freertos/freertos_kernel/queue.o
                0x20002a68                xQueueRegistry
 .bss.pxCurrentTCB
                0x20002aa8        0x4 ./freertos/freertos_kernel/tasks.o
                0x20002aa8                pxCurrentTCB
 .bss.pxReadyTasksLists
                0x20002aac       0x64 ./freertos/freertos_kernel/tasks.o
 .bss.xDelayedTaskList1
                0x20002b10       0x14 ./freertos/freertos_kernel/tasks.o
 .bss.xDelayedTaskList2
                0x20002b24       0x14 ./freertos/freertos_kernel/tasks.o
 .bss.pxDelayedTaskList
                0x20002b38        0x4 ./freertos/freertos_kernel/tasks.o
 .bss.pxOverflowDelayedTaskList
                0x20002b3c        0x4 ./freertos/freertos_kernel/tasks.o
 .bss.xPendingReadyList
                0x20002b40       0x14 ./freertos/freertos_kernel/tasks.o
 .bss.xTasksWaitingTermination
                0x20002b54       0x14 ./freertos/freertos_kernel/tasks.o
 .bss.uxDeletedTasksWaitingCleanUp
                0x20002b68        0x4 ./freertos/freertos_kernel/tasks.o
 .bss.xSuspendedTaskList
                0x20002b6c       0x14 ./freertos/freertos_kernel/tasks.o
 .bss.uxCurrentNumberOfTasks
                0x20002b80        0x4 ./freertos/freertos_kernel/tasks.o
 .bss.xTickCount
                0x20002b84        0x4 ./freertos/freertos_kernel/tasks.o
 .bss.uxTopReadyPriority
                0x20002b88        0x4 ./freertos/freertos_kernel/tasks.o
 .bss.xSchedulerRunning
                0x20002b8c        0x4 ./freertos/freertos_kernel/tasks.o
 .bss.xPendedTicks
                0x20002b90        0x4 ./freertos/freertos_kernel/tasks.o
 .bss.xYieldPending
                0x20002b94        0x4 ./freertos/freertos_kernel/tasks.o
 .bss.xNumOfOverflows
                0x20002b98        0x4 ./freertos/freertos_kernel/tasks.o
 .bss.uxTaskNumber
                0x20002b9c        0x4 ./freertos/freertos_kernel/tasks.o
 .bss.xNextTaskUnblockTime
                0x20002ba0        0x4 ./freertos/freertos_kernel/tasks.o
 .bss.xIdleTaskHandle
                0x20002ba4        0x4 ./freertos/freertos_kernel/tasks.o
 .bss.uxSchedulerSuspended
                0x20002ba8        0x4 ./freertos/freertos_kernel/tasks.o
 .bss.xActiveTimerList1
                0x20002bac       0x14 ./freertos/freertos_kernel/timers.o
 .bss.xActiveTimerList2
                0x20002bc0       0x14 ./freertos/freertos_kernel/timers.o
 .bss.pxCurrentTimerList
                0x20002bd4        0x4 ./freertos/freertos_kernel/timers.o
 .bss.pxOverflowTimerList
                0x20002bd8        0x4 ./freertos/freertos_kernel/timers.o
 .bss.xTimerQueue
                0x20002bdc        0x4 ./freertos/freertos_kernel/timers.o
 .bss.xTimerTaskHandle
                0x20002be0        0x4 ./freertos/freertos_kernel/timers.o
 .bss.xLastTime.0
                0x20002be4        0x4 ./freertos/freertos_kernel/timers.o
 .bss.g_xtal0Freq
                0x20002be8        0x4 ./drivers/fsl_clock.o
                0x20002be8                g_xtal0Freq
 .bss.g_xtal32Freq
                0x20002bec        0x4 ./drivers/fsl_clock.o
                0x20002bec                g_xtal32Freq
 .bss.s_uartHandle
                0x20002bf0       0x18 ./drivers/fsl_uart.o
                0x20002bf0                s_uartHandle
 .bss.s_uartIsr
                0x20002c08        0x4 ./drivers/fsl_uart.o
                0x20002c08                s_uartIsr
 .bss.errno     0x20002c0c        0x4 c:/nxp/mcuxpressoide_11.6.0_8187/ide/plugins/com.nxp.mcuxpresso.tools.win32_11.6.0.202112161359/tools/bin/../lib/gcc/arm-none-eabi/10.3.1/../../../../arm-none-eabi/lib/thumb/v7e-m+fp/hard\libcr_c.a(errno.o)
                0x20002c0c                errno
 .bss.__end_of_heap
                0x20002c10        0x4 c:/nxp/mcuxpressoide_11.6.0_8187/ide/plugins/com.nxp.mcuxpresso.tools.win32_11.6.0.202112161359/tools/bin/../lib/gcc/arm-none-eabi/10.3.1/../../../../arm-none-eabi/lib/thumb/v7e-m+fp/hard\libcr_c.a(__init_alloc.o)
                0x20002c10                __end_of_heap
 .bss.__heaps   0x20002c14        0x4 c:/nxp/mcuxpressoide_11.6.0_8187/ide/plugins/com.nxp.mcuxpresso.tools.win32_11.6.0.202112161359/tools/bin/../lib/gcc/arm-none-eabi/10.3.1/../../../../arm-none-eabi/lib/thumb/v7e-m+fp/hard\libcr_c.a(__init_alloc.o)
                0x20002c14                __heaps
 .bss.__Ciob    0x20002c18       0xb4 c:/nxp/mcuxpressoide_11.6.0_8187/ide/plugins/com.nxp.mcuxpresso.tools.win32_11.6.0.202112161359/tools/bin/../lib/gcc/arm-none-eabi/10.3.1/../../../../arm-none-eabi/lib/thumb/v7e-m+fp/hard\libcr_nohost_nf.a(__ciob.o)
                0x20002c18                __Ciob
 .bss.s_debugConsoleReadWaitSemaphore
                0x20002ccc        0x1 ./utilities/fsl_debug_console.o
 .bss.attempts_until_failed
                0x20002ccd        0x1 ./source/A7_modem.o
                0x20002ccd                attempts_until_failed
 .bss.ok_received
                0x20002cce        0x1 ./source/A7_modem.o
                0x20002cce                ok_received
 .bss.error_received
                0x20002ccf        0x1 ./source/A7_modem.o
                0x20002ccf                error_received
 .bss.ready_received
                0x20002cd0        0x1 ./source/A7_modem.o
                0x20002cd0                ready_received
 .bss.modem_boot
                0x20002cd1        0x1 ./source/A7_modem.o
                0x20002cd1                modem_boot
 .bss.ucMaxSysCallPriority
                0x20002cd2        0x1 ./freertos/freertos_kernel/portable/GCC/ARM_CM4F/port.o
 *(SORT_BY_ALIGNMENT(COMMON))
                0x20002cd8                . = ALIGN (0x8)
 *fill*         0x20002cd3        0x5 
                0x20002cd8                _ebss = .
                [!provide]                PROVIDE (__end_bss_RAM = .)
                [!provide]                PROVIDE (__end_bss_SRAM_UPPER = .)
                [!provide]                PROVIDE (end = .)

.noinit_RAM2    0x1fff0000        0x0
                [!provide]                PROVIDE (__start_noinit_RAM2 = .)
                [!provide]                PROVIDE (__start_noinit_SRAM_LOWER = .)
 *(SORT_BY_ALIGNMENT(.noinit.$RAM2))