Archive member included to satisfy reference by file (symbol)

c:/nxp/mcuxpressoide_11.6.0_8187/ide/plugins/com.nxp.mcuxpresso.tools.win32_11.6.0.202112161359/tools/bin/../lib/gcc/arm-none-eabi/10.3.1/../../../../arm-none-eabi/lib/thumb/v7e-m+fp/hard\libcr_nohost_nf.a(_cr__main.o)
                              ./startup/startup_mk64f12.o (__main)
c:/nxp/mcuxpressoide_11.6.0_8187/ide/plugins/com.nxp.mcuxpresso.tools.win32_11.6.0.202112161359/tools/bin/../lib/gcc/arm-none-eabi/10.3.1/../../../../arm-none-eabi/lib/thumb/v7e-m+fp/hard\libcr_c.a(memcpy.o)
                              ./utilities/fsl_str.o (memcpy)
c:/nxp/mcuxpressoide_11.6.0_8187/ide/plugins/com.nxp.mcuxpresso.tools.win32_11.6.0.202112161359/tools/bin/../lib/gcc/arm-none-eabi/10.3.1/../../../../arm-none-eabi/lib/thumb/v7e-m+fp/hard\libcr_c.a(memset.o)
                              ./utilities/fsl_debug_console.o (memset)
c:/nxp/mcuxpressoide_11.6.0_8187/ide/plugins/com.nxp.mcuxpresso.tools.win32_11.6.0.202112161359/tools/bin/../lib/gcc/arm-none-eabi/10.3.1/../../../../arm-none-eabi/lib/thumb/v7e-m+fp/hard\libcr_c.a(alloc.o)
                              ./source/freertos_uart.o (malloc)
c:/nxp/mcuxpressoide_11.6.0_8187/ide/plugins/com.nxp.mcuxpresso.tools.win32_11.6.0.202112161359/tools/bin/../lib/gcc/arm-none-eabi/10.3.1/../../../../arm-none-eabi/lib/thumb/v7e-m+fp/hard\libcr_c.a(errno.o)
                              ./utilities/fsl_str.o (errno)
c:/nxp/mcuxpressoide_11.6.0_8187/ide/plugins/com.nxp.mcuxpresso.tools.win32_11.6.0.202112161359/tools/bin/../lib/gcc/arm-none-eabi/10.3.1/../../../../arm-none-eabi/lib/thumb/v7e-m+fp/hard\libcr_c.a(fpprintf.o)
                              ./source/freertos_uart.o (sprintf)
c:/nxp/mcuxpressoide_11.6.0_8187/ide/plugins/com.nxp.mcuxpresso.tools.win32_11.6.0.202112161359/tools/bin/../lib/gcc/arm-none-eabi/10.3.1/../../../../arm-none-eabi/lib/thumb/v7e-m+fp/hard\libcr_c.a(initio.o)
                              c:/nxp/mcuxpressoide_11.6.0_8187/ide/plugins/com.nxp.mcuxpresso.tools.win32_11.6.0.202112161359/tools/bin/../lib/gcc/arm-none-eabi/10.3.1/../../../../arm-none-eabi/lib/thumb/v7e-m+fp/hard\libcr_nohost_nf.a(_cr__main.o) (_initio)
c:/nxp/mcuxpressoide_11.6.0_8187/ide/plugins/com.nxp.mcuxpresso.tools.win32_11.6.0.202112161359/tools/bin/../lib/gcc/arm-none-eabi/10.3.1/../../../../arm-none-eabi/lib/thumb/v7e-m+fp/hard\libcr_c.a(printf.o)
                              c:/nxp/mcuxpressoide_11.6.0_8187/ide/plugins/com.nxp.mcuxpresso.tools.win32_11.6.0.202112161359/tools/bin/../lib/gcc/arm-none-eabi/10.3.1/../../../../arm-none-eabi/lib/thumb/v7e-m+fp/hard\libcr_c.a(fpprintf.o) (__vfprintf)
c:/nxp/mcuxpressoide_11.6.0_8187/ide/plugins/com.nxp.mcuxpresso.tools.win32_11.6.0.202112161359/tools/bin/../lib/gcc/arm-none-eabi/10.3.1/../../../../arm-none-eabi/lib/thumb/v7e-m+fp/hard\libcr_c.a(scanf.o)
                              ./utilities/fsl_str.o (strtoul)
c:/nxp/mcuxpressoide_11.6.0_8187/ide/plugins/com.nxp.mcuxpresso.tools.win32_11.6.0.202112161359/tools/bin/../lib/gcc/arm-none-eabi/10.3.1/../../../../arm-none-eabi/lib/thumb/v7e-m+fp/hard\libcr_c.a(setvbuf.o)
                              c:/nxp/mcuxpressoide_11.6.0_8187/ide/plugins/com.nxp.mcuxpresso.tools.win32_11.6.0.202112161359/tools/bin/../lib/gcc/arm-none-eabi/10.3.1/../../../../arm-none-eabi/lib/thumb/v7e-m+fp/hard\libcr_c.a(initio.o) (setvbuf)
c:/nxp/mcuxpressoide_11.6.0_8187/ide/plugins/com.nxp.mcuxpresso.tools.win32_11.6.0.202112161359/tools/bin/../lib/gcc/arm-none-eabi/10.3.1/../../../../arm-none-eabi/lib/thumb/v7e-m+fp/hard\libcr_c.a(strlen.o)
                              ./utilities/fsl_str.o (strlen)
c:/nxp/mcuxpressoide_11.6.0_8187/ide/plugins/com.nxp.mcuxpresso.tools.win32_11.6.0.202112161359/tools/bin/../lib/gcc/arm-none-eabi/10.3.1/../../../../arm-none-eabi/lib/thumb/v7e-m+fp/hard\libcr_c.a(strstr.o)
                              ./source/freertos_uart.o (strstr)
c:/nxp/mcuxpressoide_11.6.0_8187/ide/plugins/com.nxp.mcuxpresso.tools.win32_11.6.0.202112161359/tools/bin/../lib/gcc/arm-none-eabi/10.3.1/../../../../arm-none-eabi/lib/thumb/v7e-m+fp/hard\libcr_c.a(ungetc.o)
                              c:/nxp/mcuxpressoide_11.6.0_8187/ide/plugins/com.nxp.mcuxpresso.tools.win32_11.6.0.202112161359/tools/bin/../lib/gcc/arm-none-eabi/10.3.1/../../../../arm-none-eabi/lib/thumb/v7e-m+fp/hard\libcr_c.a(scanf.o) (ungetc)
c:/nxp/mcuxpressoide_11.6.0_8187/ide/plugins/com.nxp.mcuxpresso.tools.win32_11.6.0.202112161359/tools/bin/../lib/gcc/arm-none-eabi/10.3.1/../../../../arm-none-eabi/lib/thumb/v7e-m+fp/hard\libcr_c.a(__fillbuf.o)
                              c:/nxp/mcuxpressoide_11.6.0_8187/ide/plugins/com.nxp.mcuxpresso.tools.win32_11.6.0.202112161359/tools/bin/../lib/gcc/arm-none-eabi/10.3.1/../../../../arm-none-eabi/lib/thumb/v7e-m+fp/hard\libcr_c.a(scanf.o) (__filbuf)
[...]
Memory Configuration

Name             Origin             Length             Attributes
PROGRAM_FLASH    0x00000000         0x00100000         xr
SRAM_UPPER       0x20000000         0x00030000         xrw
SRAM_LOWER       0x1fff0000         0x00010000         xrw
FLEX_RAM         0x14000000         0x00001000         xrw
*default*        0x00000000         0xffffffff

Linker script and memory map

LOAD ./utilities/fsl_assert.o
LOAD ./utilities/fsl_debug_console.o
LOAD ./utilities/fsl_str.o
LOAD ./startup/startup_mk64f12.o
LOAD ./source/freertos_uart.o
LOAD ./source/semihost_hardfault.o
LOAD ./freertos/freertos_kernel/portable/MemMang/heap_4.o
LOAD ./freertos/freertos_kernel/portable/GCC/ARM_CM4F/port.o
LOAD ./freertos/freertos_kernel/croutine.o
LOAD ./freertos/freertos_kernel/event_groups.o
LOAD ./freertos/freertos_kernel/list.o
LOAD ./freertos/freertos_kernel/queue.o
LOAD ./freertos/freertos_kernel/stream_buffer.o
LOAD ./freertos/freertos_kernel/tasks.o
LOAD ./freertos/freertos_kernel/timers.o
LOAD ./drivers/freertos/fsl_uart_freertos.o
LOAD ./drivers/fsl_clock.o
LOAD ./drivers/fsl_common.o
LOAD ./drivers/fsl_common_arm.o
LOAD ./drivers/fsl_ftfx_cache.o
LOAD ./drivers/fsl_ftfx_controller.o
LOAD ./drivers/fsl_ftfx_flash.o
LOAD ./drivers/fsl_ftfx_flexnvm.o
LOAD ./drivers/fsl_gpio.o
LOAD ./drivers/fsl_smc.o
LOAD ./drivers/fsl_uart.o
LOAD ./device/system_MK64F12.o
LOAD ./component/uart/fsl_adapter_uart.o
LOAD ./component/serial_manager/fsl_component_serial_manager.o
LOAD ./component/serial_manager/fsl_component_serial_port_uart.o
LOAD ./component/lists/fsl_component_generic_list.o
LOAD ./board/board.o
LOAD ./board/clock_config.o
LOAD ./board/pin_mux.o
START GROUP
LOAD c:/nxp/mcuxpressoide_11.6.0_8187/ide/plugins/com.nxp.mcuxpresso.tools.win32_11.6.0.202112161359/tools/bin/../lib/gcc/arm-none-eabi/10.3.1/../../../../arm-none-eabi/lib/thumb/v7e-m+fp/hard\libcr_nohost_nf.a
LOAD c:/nxp/mcuxpressoide_11.6.0_8187/ide/plugins/com.nxp.mcuxpresso.tools.win32_11.6.0.202112161359/tools/bin/../lib/gcc/arm-none-eabi/10.3.1/../../../../arm-none-eabi/lib/thumb/v7e-m+fp/hard\libcr_c.a
LOAD c:/nxp/mcuxpressoide_11.6.0_8187/ide/plugins/com.nxp.mcuxpresso.tools.win32_11.6.0.202112161359/tools/bin/../lib/gcc/arm-none-eabi/10.3.1/thumb/v7e-m+fp/hard\libcr_eabihelpers.a
LOAD c:/nxp/mcuxpressoide_11.6.0_8187/ide/plugins/com.nxp.mcuxpresso.tools.win32_11.6.0.202112161359/tools/bin/../lib/gcc/arm-none-eabi/10.3.1/thumb/v7e-m+fp/hard\libgcc.a
END GROUP
                0x00000000                __base_PROGRAM_FLASH = 0x0
                0x00000000                __base_Flash = 0x0
                0x00100000                __top_PROGRAM_FLASH = 0x100000
                0x00100000                __top_Flash = 0x100000
                0x20000000                __base_SRAM_UPPER = 0x20000000
                0x20000000                __base_RAM = 0x20000000
                0x20030000                __top_SRAM_UPPER = 0x20030000
                0x20030000                __top_RAM = 0x20030000
                0x1fff0000                __base_SRAM_LOWER = 0x1fff0000
                0x1fff0000                __base_RAM2 = 0x1fff0000
                0x20000000                __top_SRAM_LOWER = 0x20000000
                0x20000000                __top_RAM2 = 0x20000000
                0x14000000                __base_FLEX_RAM = 0x14000000
                0x14000000                __base_RAM3 = 0x14000000
                0x14001000                __top_FLEX_RAM = 0x14001000
                0x14001000                __top_RAM3 = 0x14001000

.text           0x00000000     0xa220
 FILL mask 0xff
                0x00000000                __vectors_start__ = ABSOLUTE (.)
 *(SORT_BY_ALIGNMENT(.isr_vector))
 .isr_vector    0x00000000      0x198 ./startup/startup_mk64f12.o
                0x00000000                g_pfnVectors
                0x00000000                __Vectors
                0x00000198                . = ALIGN (0x4)
                0x00000198                __section_table_start = .
                0x00000198                __data_section_table = .
                0x00000198        0x4 LONG 0xa220 LOADADDR (.data)
                0x0000019c        0x4 LONG 0x20000000 ADDR (.data)
                0x000001a0        0x4 LONG 0x30 SIZEOF (.data)
                0x000001a4        0x4 LONG 0xa220 LOADADDR (.data_RAM2)
                0x000001a8        0x4 LONG 0x1fff0000 ADDR (.data_RAM2)
                0x000001ac        0x4 LONG 0x0 SIZEOF (.data_RAM2)
                0x000001b0        0x4 LONG 0xa220 LOADADDR (.data_RAM3)
                0x000001b4        0x4 LONG 0x14000000 ADDR (.data_RAM3)
                0x000001b8        0x4 LONG 0x0 SIZEOF (.data_RAM3)
                0x000001bc                __data_section_table_end = .
                0x000001bc                __bss_section_table = .
                0x000001bc        0x4 LONG 0x20000030 ADDR (.bss)
                0x000001c0        0x4 LONG 0x2b78 SIZEOF (.bss)
                0x000001c4        0x4 LONG 0x1fff0000 ADDR (.bss_RAM2)
                0x000001c8        0x4 LONG 0x0 SIZEOF (.bss_RAM2)
                0x000001cc        0x4 LONG 0x14000000 ADDR (.bss_RAM3)
                0x000001d0        0x4 LONG 0x0 SIZEOF (.bss_RAM3)
                0x000001d4                __bss_section_table_end = .
                0x000001d4                __section_table_end = .
 *(SORT_BY_ALIGNMENT(.after_vectors*))
 .after_vectors.reset
                0x000001d4       0x4c ./startup/startup_mk64f12.o
                0x000001d4                ResetISR
 .after_vectors.init_data
                0x00000220       0x1e ./startup/startup_mk64f12.o
                0x00000220                data_init
 .after_vectors.init_bss
                0x0000023e       0x12 ./startup/startup_mk64f12.o
                0x0000023e                bss_init
 .after_vectors
                0x00000250       0x14 ./startup/startup_mk64f12.o
                0x00000250                NMI_Handler
                0x00000254                MemManage_Handler
                0x00000256                BusFault_Handler
                0x00000258                UsageFault_Handler
                0x0000025c                DebugMon_Handler
                0x00000262                LPTMR0_DriverIRQHandler
                0x00000262                DMA_Error_DriverIRQHandler
                0x00000262                SPI1_DriverIRQHandler
                0x00000262                FTM1_DriverIRQHandler
                0x00000262                FTM2_DriverIRQHandler
                0x00000262                PIT2_DriverIRQHandler
                0x00000262                SDHC_DriverIRQHandler
                0x00000262                I2S0_Tx_DriverIRQHandler
                0x00000262                RTC_Seconds_DriverIRQHandler
                0x00000262                DMA6_DriverIRQHandler
                0x00000262                LLWU_DriverIRQHandler
                0x00000262                MCM_DriverIRQHandler
                0x00000262                MCG_DriverIRQHandler
                0x00000262                ENET_1588_Timer_DriverIRQHandler
                0x00000262                I2C2_DriverIRQHandler
                0x00000262                DAC1_DriverIRQHandler
                0x00000262                DMA12_DriverIRQHandler
                0x00000262                CMP1_DriverIRQHandler
                0x00000262                FTM0_DriverIRQHandler
                0x00000262                IntDefaultHandler
                0x00000262                USB0_DriverIRQHandler
                0x00000262                UART5_ERR_DriverIRQHandler
                0x00000262                PORTC_DriverIRQHandler
                0x00000262                DMA11_DriverIRQHandler
                0x00000262                DAC0_DriverIRQHandler
                0x00000262                DMA10_DriverIRQHandler
                0x00000262                CMP2_DriverIRQHandler
                0x00000262                UART2_ERR_DriverIRQHandler
                0x00000262                SPI2_DriverIRQHandler
                0x00000262                LVD_LVW_DriverIRQHandler
                0x00000262                PIT0_DriverIRQHandler
                0x00000262                PORTB_DriverIRQHandler
                0x00000262                DMA5_DriverIRQHandler
                0x00000262                DMA4_DriverIRQHandler
                0x00000262                USBDCD_DriverIRQHandler
                0x00000262                UART3_ERR_DriverIRQHandler
                0x00000262                DMA3_DriverIRQHandler
                0x00000262                DMA8_DriverIRQHandler
                0x00000262                DMA9_DriverIRQHandler
                0x00000262                UART0_ERR_DriverIRQHandler
                0x00000262                CMT_DriverIRQHandler
                0x00000262                Reserved71_DriverIRQHandler
                0x00000262                ADC1_DriverIRQHandler
                0x00000262                PORTA_DriverIRQHandler
                0x00000262                DMA14_DriverIRQHandler
                0x00000262                PIT3_DriverIRQHandler
                0x00000262                PIT1_DriverIRQHandler
                0x00000262                WDOG_EWM_DriverIRQHandler
                0x00000262                PDB0_DriverIRQHandler
                0x00000262                RTC_DriverIRQHandler
                0x00000262                I2S0_Rx_DriverIRQHandler
                0x00000262                Read_Collision_DriverIRQHandler
                0x00000262                SWI_DriverIRQHandler
                0x00000262                UART4_ERR_DriverIRQHandler
                0x00000262                DMA0_DriverIRQHandler
                0x00000262                UART0_LON_DriverIRQHandler
                0x00000262                DMA1_DriverIRQHandler
                0x00000262                I2C1_DriverIRQHandler
                0x00000262                ENET_Receive_DriverIRQHandler
                0x00000262                DMA13_DriverIRQHandler
                0x00000262                ENET_Error_DriverIRQHandler
                0x00000262                DMA15_DriverIRQHandler
                0x00000262                SPI0_DriverIRQHandler
                0x00000262                ADC0_DriverIRQHandler
                0x00000262                CMP0_DriverIRQHandler
                0x00000262                CAN0_DriverIRQHandler
                0x00000262                FTM3_DriverIRQHandler
                0x00000262                RNG_DriverIRQHandler
                0x00000262                UART1_ERR_DriverIRQHandler
                0x00000262                DMA2_DriverIRQHandler
                0x00000262                ENET_Transmit_DriverIRQHandler
                0x00000262                PORTD_DriverIRQHandler
                0x00000262                PORTE_DriverIRQHandler
                0x00000262                FTFE_DriverIRQHandler
                0x00000262                I2C0_DriverIRQHandler
                0x00000262                DMA7_DriverIRQHandler
                0x00000400                . = 0x400
 *fill*         0x00000264      0x19c ff
                0x00000400                PROVIDE (__FLASH_CONFIG_START__ = .)
 *(SORT_BY_ALIGNMENT(.FlashConfig))
 .FlashConfig   0x00000400       0x10 ./startup/startup_mk64f12.o
                0x00000400                Flash_Config
                0x00000410                PROVIDE (__FLASH_CONFIG_END__ = .)
                0x00000001                ASSERT (! ((__FLASH_CONFIG_START__ == __FLASH_CONFIG_END__)), Linker Flash Config Support Enabled, but no .FlashConfig section provided within application)
 *(SORT_BY_ALIGNMENT(.text*))
 .text.SVC_Handler
                0x00000410       0x28 ./freertos/freertos_kernel/portable/GCC/ARM_CM4F/port.o
                0x00000410                SVC_Handler
 *fill*         0x00000438        0x8 ff
 .text.PendSV_Handler
                0x00000440       0x68 ./freertos/freertos_kernel/portable/GCC/ARM_CM4F/port.o
                0x00000440                PendSV_Handler
 .text.fp_display
                0x000004a8      0x964 c:/nxp/mcuxpressoide_11.6.0_8187/ide/plugins/com.nxp.mcuxpresso.tools.win32_11.6.0.202112161359/tools/bin/../lib/gcc/arm-none-eabi/10.3.1/../../../../arm-none-eabi/lib/thumb/v7e-m+fp/hard\libcr_c.a(fpprintf.o)
 *fill*         0x00000e0c        0x4 ff
 .text._frexpl  0x00000e10       0x68 c:/nxp/mcuxpressoide_11.6.0_8187/ide/plugins/com.nxp.mcuxpresso.tools.win32_11.6.0.202112161359/tools/bin/../lib/gcc/arm-none-eabi/10.3.1/../../../../arm-none-eabi/lib/thumb/v7e-m+fp/hard\libcr_c.a(_frexpl.o)
                0x00000e10                _frexpl
 .text._ldexpl  0x00000e78       0x5c c:/nxp/mcuxpressoide_11.6.0_8187/ide/plugins/com.nxp.mcuxpresso.tools.win32_11.6.0.202112161359/tools/bin/../lib/gcc/arm-none-eabi/10.3.1/../../../../arm-none-eabi/lib/thumb/v7e-m+fp/hard\libcr_c.a(_ldexpl.o)
                0x00000e78                _ldexpl
 .text.__assertion_failed
                0x00000ed4       0x18 ./utilities/fsl_assert.o
                0x00000ed4                __assertion_failed
 .text.DbgConsole_SendDataReliable
                0x00000eec       0x54 ./utilities/fsl_debug_console.o
                0x00000eec                DbgConsole_SendDataReliable
 .text.DbgConsole_Init
                0x00000f40      0x118 ./utilities/fsl_debug_console.o
                0x00000f40                DbgConsole_Init
 .text.DbgConsole_Vprintf
                0x00001058       0x6c ./utilities/fsl_debug_console.o
                0x00001058                DbgConsole_Vprintf
 .text.__NVIC_SetPriority
                0x000010c4       0x54 ./source/freertos_uart.o
 .text.main     0x00001118       0x78 ./source/freertos_uart.o
                0x00001118                main
 .text.modem_task
                0x00001190       0x90 ./source/freertos_uart.o
 .text.modem_uart_init
                0x00001220       0x68 ./source/freertos_uart.o
                0x00001220                modem_uart_init
 .text.send_at_commands
                0x00001288      0x1a0 ./source/freertos_uart.o
                0x00001288                send_at_commands
 .text.readByteToBuffer
                0x00001428      0x130 ./source/freertos_uart.o
                0x00001428                readByteToBuffer
 .text.clear_modem_buffer
                0x00001558       0x18 ./source/freertos_uart.o
                0x00001558                clear_modem_buffer
 .text.check_modem_result
                0x00001570       0x40 ./source/freertos_uart.o
                0x00001570                check_modem_result
 .text.get_modem_response_uart
                0x000015b0       0x58 ./source/freertos_uart.o
                0x000015b0                get_modem_response_uart
 .text.pvPortMalloc
                0x00001608      0x1c0 ./freertos/freertos_kernel/portable/MemMang/heap_4.o
                0x00001608                pvPortMalloc
 .text.vPortFree
                0x000017c8       0xc4 ./freertos/freertos_kernel/portable/MemMang/heap_4.o
                0x000017c8                vPortFree
 .text.prvHeapInit
                0x0000188c       0xc4 ./freertos/freertos_kernel/portable/MemMang/heap_4.o
 .text.prvInsertBlockIntoFreeList
                0x00001950       0xb4 ./freertos/freertos_kernel/portable/MemMang/heap_4.o
 .text.pxPortInitialiseStack
                0x00001a04       0x68 ./freertos/freertos_kernel/portable/GCC/ARM_CM4F/port.o
                0x00001a04                pxPortInitialiseStack
 .text.prvTaskExitError
                0x00001a6c       0x58 ./freertos/freertos_kernel/portable/GCC/ARM_CM4F/port.o
 .text.prvPortStartFirstTask
                0x00001ac4       0x2c ./freertos/freertos_kernel/portable/GCC/ARM_CM4F/port.o
 .text.xPortStartScheduler
                0x00001af0      0x144 ./freertos/freertos_kernel/portable/GCC/ARM_CM4F/port.o
                0x00001af0                xPortStartScheduler
 .text.vPortEnterCritical
                0x00001c34       0x60 ./freertos/freertos_kernel/portable/GCC/ARM_CM4F/port.o
                0x00001c34                vPortEnterCritical
 .text.vPortExitCritical
                0x00001c94       0x54 ./freertos/freertos_kernel/portable/GCC/ARM_CM4F/port.o
                0x00001c94                vPortExitCritical
 .text.SysTick_Handler
                0x00001ce8       0x44 ./freertos/freertos_kernel/portable/GCC/ARM_CM4F/port.o
                0x00001ce8                SysTick_Handler
 .text.vPortSetupTimerInterrupt
                0x00001d2c       0x48 ./freertos/freertos_kernel/portable/GCC/ARM_CM4F/port.o
                0x00001d2c                vPortSetupTimerInterrupt
 .text.vPortEnableVFP
                0x00001d74       0x18 ./freertos/freertos_kernel/portable/GCC/ARM_CM4F/port.o
 .text.vPortValidateInterruptPriority
                0x00001d8c       0x80 ./freertos/freertos_kernel/portable/GCC/ARM_CM4F/port.o
                0x00001d8c                vPortValidateInterruptPriority
 .text.xEventGroupWaitBits
                0x00001e0c      0x19c ./freertos/freertos_kernel/event_groups.o
                0x00001e0c                xEventGroupWaitBits
 .text.xEventGroupSetBitsFromISR
                0x00001fa8       0x28 ./freertos/freertos_kernel/event_groups.o
                0x00001fa8                xEventGroupSetBitsFromISR
 .text.xQueueGenericReset
                0x00001fd0       0xd0 ./freertos/freertos_kernel/queue.o
                0x00001fd0                xQueueGenericReset
 .text.xQueueGenericSend
                0x000020a0      0x1fc ./freertos/freertos_kernel/queue.o
                0x000020a0                xQueueGenericSend
 .text.xQueueReceive
                0x0000229c      0x1c0 ./freertos/freertos_kernel/queue.o
                0x0000229c                xQueueReceive
 .text.xQueueSemaphoreTake
                0x0000245c      0x21c ./freertos/freertos_kernel/queue.o
                0x0000245c                xQueueSemaphoreTake
 .text.vQueueAddToRegistry
                0x00002678       0x54 ./freertos/freertos_kernel/queue.o
                0x00002678                vQueueAddToRegistry
 .text.vQueueUnregisterQueue
                0x000026cc       0x54 ./freertos/freertos_kernel/queue.o
                0x000026cc                vQueueUnregisterQueue
 .text.prvAddNewTaskToReadyList
                0x00002720       0xdc ./freertos/freertos_kernel/tasks.o
 .text.vTaskSuspend
                0x000027fc      0x140 ./freertos/freertos_kernel/tasks.o
                0x000027fc                vTaskSuspend
 .text.vTaskStartScheduler
                0x0000293c       0xa4 ./freertos/freertos_kernel/tasks.o
                0x0000293c                vTaskStartScheduler
 .text.vTaskSuspendAll
                0x000029e0       0x1c ./freertos/freertos_kernel/tasks.o
                0x000029e0                vTaskSuspendAll
 .text.xTaskResumeAll
                0x000029fc      0x138 ./freertos/freertos_kernel/tasks.o
                0x000029fc                xTaskResumeAll
 .text.xTaskGetTickCount
                0x00002b34       0x20 ./freertos/freertos_kernel/tasks.o
                0x00002b34                xTaskGetTickCount
 .text.xTaskIncrementTick
                0x00002b54      0x154 ./freertos/freertos_kernel/tasks.o
                0x00002b54                xTaskIncrementTick
 .text.vTaskSwitchContext
                0x00002ca8       0xb8 ./freertos/freertos_kernel/tasks.o
                0x00002ca8                vTaskSwitchContext
 .text.vTaskPlaceOnEventList
                0x00002d60       0x48 ./freertos/freertos_kernel/tasks.o
                0x00002d60                vTaskPlaceOnEventList
 .text.vTaskPlaceOnUnorderedEventList
                0x00002da8       0x78 ./freertos/freertos_kernel/tasks.o
                0x00002da8                vTaskPlaceOnUnorderedEventList
 .text.vTaskPlaceOnEventListRestricted
                0x00002e20       0x58 ./freertos/freertos_kernel/tasks.o
                0x00002e20                vTaskPlaceOnEventListRestricted
 .text.xTaskRemoveFromEventList
                0x00002e78       0xc4 ./freertos/freertos_kernel/tasks.o
                0x00002e78                xTaskRemoveFromEventList
 .text.vTaskRemoveFromUnorderedEventList
                0x00002f3c       0xc4 ./freertos/freertos_kernel/tasks.o
                0x00002f3c                vTaskRemoveFromUnorderedEventList
 .text.vTaskInternalSetTimeOutState
                0x00003000       0x2c ./freertos/freertos_kernel/tasks.o
                0x00003000                vTaskInternalSetTimeOutState
 .text.xTaskCheckForTimeOut
                0x0000302c       0xcc ./freertos/freertos_kernel/tasks.o
                0x0000302c                xTaskCheckForTimeOut
 .text.vTaskMissedYield
                0x000030f8       0x18 ./freertos/freertos_kernel/tasks.o
                0x000030f8                vTaskMissedYield
 .text.prvIdleTask
                0x00003110       0x30 ./freertos/freertos_kernel/tasks.o
 .text.prvInitialiseTaskLists
                0x00003140       0x80 ./freertos/freertos_kernel/tasks.o
 .text.prvCheckTasksWaitingTermination
                0x000031c0       0x5c ./freertos/freertos_kernel/tasks.o
 .text.prvResetNextTaskUnblockTime
                0x0000321c       0x38 ./freertos/freertos_kernel/tasks.o
 .text.xTaskGetSchedulerState
                0x00003254       0x3c ./freertos/freertos_kernel/tasks.o
                0x00003254                xTaskGetSchedulerState
 .text.xTaskPriorityInherit
                0x00003290       0xec ./freertos/freertos_kernel/tasks.o
                0x00003290                xTaskPriorityInherit
 .text.xTaskPriorityDisinherit
                0x0000337c       0xf4 ./freertos/freertos_kernel/tasks.o
                0x0000337c                xTaskPriorityDisinherit
 .text.vTaskPriorityDisinheritAfterTimeout
                0x00003470      0x11c ./freertos/freertos_kernel/tasks.o
                0x00003470                vTaskPriorityDisinheritAfterTimeout
 .text.uxTaskResetEventItemValue
                0x0000358c       0x30 ./freertos/freertos_kernel/tasks.o
                0x0000358c                uxTaskResetEventItemValue
 .text.pvTaskIncrementMutexHeldCount
                0x000035bc       0x28 ./freertos/freertos_kernel/tasks.o
                0x000035bc                pvTaskIncrementMutexHeldCount
 .text.prvAddCurrentTaskToDelayedList
                0x000035e4       0xcc ./freertos/freertos_kernel/tasks.o
 .text.xTimerCreateTimerTask
                0x000036b0       0x64 ./freertos/freertos_kernel/timers.o
                0x000036b0                xTimerCreateTimerTask
 .text.xTimerGenericCommand
                0x00003714       0x9c ./freertos/freertos_kernel/timers.o
                0x00003714                xTimerGenericCommand
 .text.prvProcessExpiredTimer
                0x000037b0       0x98 ./freertos/freertos_kernel/timers.o
 .text.prvProcessTimerOrBlockTask
                0x00003848       0x9c ./freertos/freertos_kernel/timers.o
 .text.prvGetNextExpireTime
                0x000038e4       0x48 ./freertos/freertos_kernel/timers.o
 .text.prvSampleTimeNow
                0x0000392c       0x40 ./freertos/freertos_kernel/timers.o
 .text.prvInsertTimerInActiveList
                0x0000396c       0x84 ./freertos/freertos_kernel/timers.o
 .text.prvProcessReceivedCommands
                0x000039f0      0x1c4 ./freertos/freertos_kernel/timers.o
 .text.prvSwitchTimerLists
                0x00003bb4       0xc8 ./freertos/freertos_kernel/timers.o
 .text.prvCheckForValidListAndQueue
                0x00003c7c       0x6c ./freertos/freertos_kernel/timers.o
 .text.xTimerPendFunctionCallFromISR
                0x00003ce8       0x40 ./freertos/freertos_kernel/timers.o
                0x00003ce8                xTimerPendFunctionCallFromISR
 .text.UART_RTOS_Callback
                0x00003d28       0xc0 ./drivers/freertos/fsl_uart_freertos.o
 .text.UART_RTOS_Init
                0x00003de8      0x1a0 ./drivers/freertos/fsl_uart_freertos.o
                0x00003de8                UART_RTOS_Init
 .text.CLOCK_SetEr32kClock
                0x00003f88       0x30 ./drivers/fsl_clock.o
 .text.CLOCK_SetPllFllSelClock
                0x00003fb8       0x38 ./drivers/fsl_clock.o
 .text.CLOCK_GetMcgExtClkFreq
                0x00003ff0       0x7c ./drivers/fsl_clock.o
 .text.CLOCK_GetFllExtRefClkFreq
                0x0000406c       0xb0 ./drivers/fsl_clock.o
 .text.CLOCK_GetInternalRefClkSelectFreq
                0x0000411c       0x4c ./drivers/fsl_clock.o
 .text.CLOCK_GetFllRefClkFreq
                0x00004168       0x34 ./drivers/fsl_clock.o
 .text.CLOCK_GetOscRangeFromFreq
                0x0000419c       0x3c ./drivers/fsl_clock.o
 .text.CLOCK_GetOsc0ErClkFreq
                0x000041d8       0x44 ./drivers/fsl_clock.o
                0x000041d8                CLOCK_GetOsc0ErClkFreq
 .text.CLOCK_GetEr32kClkFreq
                0x0000421c       0x74 ./drivers/fsl_clock.o
                0x0000421c                CLOCK_GetEr32kClkFreq
 .text.CLOCK_GetPllFllSelClkFreq
                0x00004290       0x54 ./drivers/fsl_clock.o
                0x00004290                CLOCK_GetPllFllSelClkFreq
 .text.CLOCK_GetCoreSysClkFreq
                0x000042e4       0x28 ./drivers/fsl_clock.o
                0x000042e4                CLOCK_GetCoreSysClkFreq
 .text.CLOCK_GetFreq
                0x0000430c      0x140 ./drivers/fsl_clock.o
                0x0000430c                CLOCK_GetFreq
 .text.CLOCK_SetSimConfig
                0x0000444c       0x34 ./drivers/fsl_clock.o
                0x0000444c                CLOCK_SetSimConfig
 .text.CLOCK_GetOutClkFreq
                0x00004480       0x64 ./drivers/fsl_clock.o
                0x00004480                CLOCK_GetOutClkFreq
 .text.CLOCK_GetFllFreq
                0x000044e4       0x84 ./drivers/fsl_clock.o
                0x000044e4                CLOCK_GetFllFreq
 .text.CLOCK_GetInternalRefClkFreq
                0x00004568       0x30 ./drivers/fsl_clock.o
                0x00004568                CLOCK_GetInternalRefClkFreq
 .text.CLOCK_GetPll0Freq
                0x00004598       0x78 ./drivers/fsl_clock.o
                0x00004598                CLOCK_GetPll0Freq
 .text.CLOCK_SetExternalRefClkConfig
                0x00004610       0x6c ./drivers/fsl_clock.o
                0x00004610                CLOCK_SetExternalRefClkConfig
 .text.CLOCK_SetInternalRefClkConfig
                0x0000467c      0x104 ./drivers/fsl_clock.o
                0x0000467c                CLOCK_SetInternalRefClkConfig
 .text.CLOCK_EnablePll0
                0x00004780       0x88 ./drivers/fsl_clock.o
                0x00004780                CLOCK_EnablePll0
 .text.CLOCK_InitOsc0
                0x00004808       0x8c ./drivers/fsl_clock.o
                0x00004808                CLOCK_InitOsc0
 .text.CLOCK_SetPbeMode
                0x00004894       0xa8 ./drivers/fsl_clock.o
                0x00004894                CLOCK_SetPbeMode
 .text.CLOCK_BootToPeeMode
                0x0000493c       0x64 ./drivers/fsl_clock.o
                0x0000493c                CLOCK_BootToPeeMode
 .text.__NVIC_EnableIRQ
                0x000049a0       0x3c ./drivers/fsl_uart.o
 .text.UART_GetInstance
                0x000049dc       0x54 ./drivers/fsl_uart.o
                0x000049dc                UART_GetInstance
 .text.UART_TransferGetRxRingBufferLength
                0x00004a30       0x50 ./drivers/fsl_uart.o
                0x00004a30                UART_TransferGetRxRingBufferLength
 .text.UART_TransferIsRxRingBufferFull
                0x00004a80       0x40 ./drivers/fsl_uart.o
 .text.UART_Init
                0x00004ac0      0x2f4 ./drivers/fsl_uart.o
                0x00004ac0                UART_Init
 .text.UART_Deinit
                0x00004db4       0x4c ./drivers/fsl_uart.o
                0x00004db4                UART_Deinit
 .text.UART_GetDefaultConfig
                0x00004e00       0x68 ./drivers/fsl_uart.o
                0x00004e00                UART_GetDefaultConfig
 .text.UART_WriteNonBlocking
                0x00004e68       0x48 ./drivers/fsl_uart.o
 .text.UART_ReadNonBlocking
                0x00004eb0       0x48 ./drivers/fsl_uart.o
 .text.UART_TransferCreateHandle
                0x00004ef8       0x84 ./drivers/fsl_uart.o
                0x00004ef8                UART_TransferCreateHandle
 .text.UART_TransferStartRingBuffer
                0x00004f7c       0x9c ./drivers/fsl_uart.o
                0x00004f7c                UART_TransferStartRingBuffer
 .text.UART_TransferSendNonBlocking
                0x00005018       0xb0 ./drivers/fsl_uart.o
                0x00005018                UART_TransferSendNonBlocking
 .text.UART_TransferReceiveNonBlocking
                0x000050c8      0x1fc ./drivers/fsl_uart.o
                0x000050c8                UART_TransferReceiveNonBlocking
 .text.UART_TransferAbortReceive
                0x000052c4       0x84 ./drivers/fsl_uart.o
                0x000052c4                UART_TransferAbortReceive
 .text.UART_TransferHandleIRQ
                0x00005348      0x5d4 ./drivers/fsl_uart.o
                0x00005348                UART_TransferHandleIRQ
 .text.UART0_DriverIRQHandler
                0x0000591c       0x28 ./drivers/fsl_uart.o
                0x0000591c                UART0_DriverIRQHandler
 .text.UART1_DriverIRQHandler
                0x00005944       0x28 ./drivers/fsl_uart.o
                0x00005944                UART1_DriverIRQHandler
 .text.UART2_DriverIRQHandler
                0x0000596c       0x28 ./drivers/fsl_uart.o
                0x0000596c                UART2_DriverIRQHandler
 .text.UART3_DriverIRQHandler
                0x00005994       0x28 ./drivers/fsl_uart.o
                0x00005994                UART3_DriverIRQHandler
 .text.UART4_DriverIRQHandler
                0x000059bc       0x28 ./drivers/fsl_uart.o
                0x000059bc                UART4_DriverIRQHandler
 .text.UART5_DriverIRQHandler
                0x000059e4       0x28 ./drivers/fsl_uart.o
                0x000059e4                UART5_DriverIRQHandler
 .text.SystemInit
                0x00005a0c       0x3c ./device/system_MK64F12.o
                0x00005a0c                SystemInit
 .text.HAL_UartInit
                0x00005a48      0x128 ./component/uart/fsl_adapter_uart.o
                0x00005a48                HAL_UartInit
 .text.HAL_UartSendBlocking
                0x00005b70       0x64 ./component/uart/fsl_adapter_uart.o
                0x00005b70                HAL_UartSendBlocking
 .text.CLOCK_SetSimSafeDivs
                0x00005bd4       0x20 ./board/clock_config.o
 .text.CLOCK_SetXtal0Freq
                0x00005bf4       0x20 ./board/clock_config.o
 .text.CLOCK_CONFIG_SetFllExtRefDiv
                0x00005c14       0x3c ./board/clock_config.o
 .text.BOARD_BootClockRUN
                0x00005c50       0x60 ./board/clock_config.o
                0x00005c50                BOARD_BootClockRUN
 .text.BOARD_InitPins
                0x00005cb0       0x78 ./board/pin_mux.o
                0x00005cb0                BOARD_InitPins
 .text.malloc   0x00005d28       0xc8 c:/nxp/mcuxpressoide_11.6.0_8187/ide/plugins/com.nxp.mcuxpresso.tools.win32_11.6.0.202112161359/tools/bin/../lib/gcc/arm-none-eabi/10.3.1/../../../../arm-none-eabi/lib/thumb/v7e-m+fp/hard\libcr_c.a(alloc.o)
                0x00005d28                malloc
 .text._Csys_alloc
                0x00005df0       0x20 c:/nxp/mcuxpressoide_11.6.0_8187/ide/plugins/com.nxp.mcuxpresso.tools.win32_11.6.0.202112161359/tools/bin/../lib/gcc/arm-none-eabi/10.3.1/../../../../arm-none-eabi/lib/thumb/v7e-m+fp/hard\libcr_c.a(alloc.o)
                0x00005df0                _Csys_alloc
 .text.sprintf  0x00005e10       0x6c c:/nxp/mcuxpressoide_11.6.0_8187/ide/plugins/com.nxp.mcuxpresso.tools.win32_11.6.0.202112161359/tools/bin/../lib/gcc/arm-none-eabi/10.3.1/../../../../arm-none-eabi/lib/thumb/v7e-m+fp/hard\libcr_c.a(fpprintf.o)
                0x00005e10                sprintf
 .text._initio  0x00005e7c       0x78 c:/nxp/mcuxpressoide_11.6.0_8187/ide/plugins/com.nxp.mcuxpresso.tools.win32_11.6.0.202112161359/tools/bin/../lib/gcc/arm-none-eabi/10.3.1/../../../../arm-none-eabi/lib/thumb/v7e-m+fp/hard\libcr_c.a(initio.o)
                0x00005e7c                _initio
 .text.__vfprintf
                0x00005ef4      0xbf8 c:/nxp/mcuxpressoide_11.6.0_8187/ide/plugins/com.nxp.mcuxpresso.tools.win32_11.6.0.202112161359/tools/bin/../lib/gcc/arm-none-eabi/10.3.1/../../../../arm-none-eabi/lib/thumb/v7e-m+fp/hard\libcr_c.a(printf.o)
                0x00005ef4                __vfprintf
 .text._sbrk    0x00006aec       0x3c c:/nxp/mcuxpressoide_11.6.0_8187/ide/plugins/com.nxp.mcuxpresso.tools.win32_11.6.0.202112161359/tools/bin/../lib/gcc/arm-none-eabi/10.3.1/../../../../arm-none-eabi/lib/thumb/v7e-m+fp/hard\libcr_c.a(_cr_sbrk.o)
                0x00006aec                _sbrk
 .text._Cwritebuf
                0x00006b28       0x6c c:/nxp/mcuxpressoide_11.6.0_8187/ide/plugins/com.nxp.mcuxpresso.tools.win32_11.6.0.202112161359/tools/bin/../lib/gcc/arm-none-eabi/10.3.1/../../../../arm-none-eabi/lib/thumb/v7e-m+fp/hard\libcr_c.a(_writebuf.o)
                0x00006b28                _Cwritebuf
 .text.fflush   0x00006b94       0x3c c:/nxp/mcuxpressoide_11.6.0_8187/ide/plugins/com.nxp.mcuxpresso.tools.win32_11.6.0.202112161359/tools/bin/../lib/gcc/arm-none-eabi/10.3.1/../../../../arm-none-eabi/lib/thumb/v7e-m+fp/hard\libcr_c.a(fflush.o)
                0x00006b94                fflush
 .text.fseek    0x00006bd0       0xfc c:/nxp/mcuxpressoide_11.6.0_8187/ide/plugins/com.nxp.mcuxpresso.tools.win32_11.6.0.202112161359/tools/bin/../lib/gcc/arm-none-eabi/10.3.1/../../../../arm-none-eabi/lib/thumb/v7e-m+fp/hard\libcr_c.a(fseek.o)
                0x00006bd0                fseek
 .text.ftell    0x00006ccc       0x44 c:/nxp/mcuxpressoide_11.6.0_8187/ide/plugins/com.nxp.mcuxpresso.tools.win32_11.6.0.202112161359/tools/bin/../lib/gcc/arm-none-eabi/10.3.1/../../../../arm-none-eabi/lib/thumb/v7e-m+fp/hard\libcr_c.a(ftell.o)
                0x00006ccc                ftell
 .text.__check_heap_overflow
                0x00006d10       0x18 c:/nxp/mcuxpressoide_11.6.0_8187/ide/plugins/com.nxp.mcuxpresso.tools.win32_11.6.0.202112161359/tools/bin/../lib/gcc/arm-none-eabi/10.3.1/../../../../arm-none-eabi/lib/thumb/v7e-m+fp/hard\libcr_c.a(_cr_check_heap.o)
                0x00006d10                __check_heap_overflow
 .text.__aeabi_dmul
                0x00006d28       0xfc c:/nxp/mcuxpressoide_11.6.0_8187/ide/plugins/com.nxp.mcuxpresso.tools.win32_11.6.0.202112161359/tools/bin/../lib/gcc/arm-none-eabi/10.3.1/thumb/v7e-m+fp/hard\libcr_eabihelpers.a(double.o)
                0x00006d28                __aeabi_dmul
 .text.__aeabi_ddiv
                0x00006e24      0x138 c:/nxp/mcuxpressoide_11.6.0_8187/ide/plugins/com.nxp.mcuxpresso.tools.win32_11.6.0.202112161359/tools/bin/../lib/gcc/arm-none-eabi/10.3.1/thumb/v7e-m+fp/hard\libcr_eabihelpers.a(double.o)
                0x00006e24                __aeabi_ddiv
 .text.__aeabi_dsub
                0x00006f5c      0x1ac c:/nxp/mcuxpressoide_11.6.0_8187/ide/plugins/com.nxp.mcuxpresso.tools.win32_11.6.0.202112161359/tools/bin/../lib/gcc/arm-none-eabi/10.3.1/thumb/v7e-m+fp/hard\libcr_eabihelpers.a(double.o)
                0x00006f5c                __aeabi_dsub
 .text.__aeabi_dadd
                0x00007108      0x114 c:/nxp/mcuxpressoide_11.6.0_8187/ide/plugins/com.nxp.mcuxpresso.tools.win32_11.6.0.202112161359/tools/bin/../lib/gcc/arm-none-eabi/10.3.1/thumb/v7e-m+fp/hard\libcr_eabihelpers.a(double.o)
                0x00007108                __aeabi_dadd
 .text.DbgConsole_PrintCallback
                0x0000721c       0x66 ./utilities/fsl_debug_console.o
 .text.DbgConsole_Printf
                0x00007282       0x2c ./utilities/fsl_debug_console.o
                0x00007282                DbgConsole_Printf
 .text.PrintGetWidth
                0x000072ae       0x6a ./utilities/fsl_str.o
 .text.PrintGetPrecision
                0x00007318       0x8c ./utilities/fsl_str.o
 .text.PrintIsobpu
                0x000073a4       0x38 ./utilities/fsl_str.o
 .text.PrintIsdi
                0x000073dc       0x2c ./utilities/fsl_str.o
 .text.PrintOutputdifFobpu
                0x00007408       0x44 ./utilities/fsl_str.o
 .text.PrintOutputxX
                0x0000744c       0x44 ./utilities/fsl_str.o
 .text.PrintIsfF
                0x00007490       0x2c ./utilities/fsl_str.o
 .text.PrintIsxX
                0x000074bc       0x2c ./utilities/fsl_str.o
 .text.PrintFilterLengthFlag
                0x000074e8       0x3e ./utilities/fsl_str.o
 .text.PrintGetRadixFromobpu
                0x00007526       0x40 ./utilities/fsl_str.o
 .text.ConvertRadixNumToString
                0x00007566       0xc2 ./utilities/fsl_str.o
 .text.StrFormatPrintf
                0x00007628      0x2ac ./utilities/fsl_str.o
                0x00007628                StrFormatPrintf
 .text.DMA0_IRQHandler
                0x000078d4        0x8 ./startup/startup_mk64f12.o
                0x000078d4                DMA0_IRQHandler
 .text.DMA1_IRQHandler
                0x000078dc        0x8 ./startup/startup_mk64f12.o
                0x000078dc                DMA1_IRQHandler
 .text.DMA2_IRQHandler
                0x000078e4        0x8 ./startup/startup_mk64f12.o
                0x000078e4                DMA2_IRQHandler
 .text.DMA3_IRQHandler
                0x000078ec        0x8 ./startup/startup_mk64f12.o
                0x000078ec                DMA3_IRQHandler
 .text.DMA4_IRQHandler
                0x000078f4        0x8 ./startup/startup_mk64f12.o
                0x000078f4                DMA4_IRQHandler
 .text.DMA5_IRQHandler
                0x000078fc        0x8 ./startup/startup_mk64f12.o
                0x000078fc                DMA5_IRQHandler
 .text.DMA6_IRQHandler
                0x00007904        0x8 ./startup/startup_mk64f12.o
                0x00007904                DMA6_IRQHandler
 .text.DMA7_IRQHandler
                0x0000790c        0x8 ./startup/startup_mk64f12.o
                0x0000790c                DMA7_IRQHandler
 .text.DMA8_IRQHandler
                0x00007914        0x8 ./startup/startup_mk64f12.o
                0x00007914                DMA8_IRQHandler
 .text.DMA9_IRQHandler
                0x0000791c        0x8 ./startup/startup_mk64f12.o
                0x0000791c                DMA9_IRQHandler
 .text.DMA10_IRQHandler
                0x00007924        0x8 ./startup/startup_mk64f12.o
                0x00007924                DMA10_IRQHandler
 .text.DMA11_IRQHandler
                0x0000792c        0x8 ./startup/startup_mk64f12.o
                0x0000792c                DMA11_IRQHandler
 .text.DMA12_IRQHandler
                0x00007934        0x8 ./startup/startup_mk64f12.o
                0x00007934                DMA12_IRQHandler
 .text.DMA13_IRQHandler
                0x0000793c        0x8 ./startup/startup_mk64f12.o
                0x0000793c                DMA13_IRQHandler
 .text.DMA14_IRQHandler
                0x00007944        0x8 ./startup/startup_mk64f12.o
                0x00007944                DMA14_IRQHandler
 .text.DMA15_IRQHandler
                0x0000794c        0x8 ./startup/startup_mk64f12.o
                0x0000794c                DMA15_IRQHandler
 .text.DMA_Error_IRQHandler
                0x00007954        0x8 ./startup/startup_mk64f12.o
                0x00007954                DMA_Error_IRQHandler
 .text.MCM_IRQHandler
                0x0000795c        0x8 ./startup/startup_mk64f12.o
                0x0000795c                MCM_IRQHandler
 .text.FTFE_IRQHandler
                0x00007964        0x8 ./startup/startup_mk64f12.o
                0x00007964                FTFE_IRQHandler
 .text.Read_Collision_IRQHandler
                0x0000796c        0x8 ./startup/startup_mk64f12.o
                0x0000796c                Read_Collision_IRQHandler
 .text.LVD_LVW_IRQHandler
                0x00007974        0x8 ./startup/startup_mk64f12.o
                0x00007974                LVD_LVW_IRQHandler
 .text.LLWU_IRQHandler
                0x0000797c        0x8 ./startup/startup_mk64f12.o
                0x0000797c                LLWU_IRQHandler
 .text.WDOG_EWM_IRQHandler
                0x00007984        0x8 ./startup/startup_mk64f12.o
                0x00007984                WDOG_EWM_IRQHandler
 .text.RNG_IRQHandler
                0x0000798c        0x8 ./startup/startup_mk64f12.o
                0x0000798c                RNG_IRQHandler
 .text.I2C0_IRQHandler
                0x00007994        0x8 ./startup/startup_mk64f12.o
                0x00007994                I2C0_IRQHandler
 .text.I2C1_IRQHandler
                0x0000799c        0x8 ./startup/startup_mk64f12.o
                0x0000799c                I2C1_IRQHandler
 .text.SPI0_IRQHandler
                0x000079a4        0x8 ./startup/startup_mk64f12.o
                0x000079a4                SPI0_IRQHandler
 .text.SPI1_IRQHandler
                0x000079ac        0x8 ./startup/startup_mk64f12.o
                0x000079ac                SPI1_IRQHandler
 .text.I2S0_Tx_IRQHandler
                0x000079b4        0x8 ./startup/startup_mk64f12.o
                0x000079b4                I2S0_Tx_IRQHandler
 .text.I2S0_Rx_IRQHandler
                0x000079bc        0x8 ./startup/startup_mk64f12.o
                0x000079bc                I2S0_Rx_IRQHandler
 .text.UART0_LON_IRQHandler
                0x000079c4        0x8 ./startup/startup_mk64f12.o
                0x000079c4                UART0_LON_IRQHandler
 .text.UART0_RX_TX_IRQHandler
                0x000079cc        0x8 ./startup/startup_mk64f12.o
                0x000079cc                UART0_RX_TX_IRQHandler
 .text.UART0_ERR_IRQHandler
                0x000079d4        0x8 ./startup/startup_mk64f12.o
                0x000079d4                UART0_ERR_IRQHandler
 .text.UART1_RX_TX_IRQHandler
                0x000079dc        0x8 ./startup/startup_mk64f12.o
                0x000079dc                UART1_RX_TX_IRQHandler
 .text.UART1_ERR_IRQHandler
                0x000079e4        0x8 ./startup/startup_mk64f12.o
                0x000079e4                UART1_ERR_IRQHandler
 .text.UART2_RX_TX_IRQHandler
                0x000079ec        0x8 ./startup/startup_mk64f12.o
                0x000079ec                UART2_RX_TX_IRQHandler
 .text.UART2_ERR_IRQHandler
                0x000079f4        0x8 ./startup/startup_mk64f12.o
                0x000079f4                UART2_ERR_IRQHandler
 .text.UART3_RX_TX_IRQHandler
                0x000079fc        0x8 ./startup/startup_mk64f12.o
                0x000079fc                UART3_RX_TX_IRQHandler
 .text.UART3_ERR_IRQHandler
                0x00007a04        0x8 ./startup/startup_mk64f12.o
                0x00007a04                UART3_ERR_IRQHandler
 .text.ADC0_IRQHandler
                0x00007a0c        0x8 ./startup/startup_mk64f12.o
                0x00007a0c                ADC0_IRQHandler
 .text.CMP0_IRQHandler
                0x00007a14        0x8 ./startup/startup_mk64f12.o
                0x00007a14                CMP0_IRQHandler
 .text.CMP1_IRQHandler
                0x00007a1c        0x8 ./startup/startup_mk64f12.o
                0x00007a1c                CMP1_IRQHandler
 .text.FTM0_IRQHandler
                0x00007a24        0x8 ./startup/startup_mk64f12.o
                0x00007a24                FTM0_IRQHandler
 .text.FTM1_IRQHandler
                0x00007a2c        0x8 ./startup/startup_mk64f12.o
                0x00007a2c                FTM1_IRQHandler
 .text.FTM2_IRQHandler
                0x00007a34        0x8 ./startup/startup_mk64f12.o
                0x00007a34                FTM2_IRQHandler
 .text.CMT_IRQHandler
                0x00007a3c        0x8 ./startup/startup_mk64f12.o
                0x00007a3c                CMT_IRQHandler
 .text.RTC_IRQHandler
                0x00007a44        0x8 ./startup/startup_mk64f12.o
                0x00007a44                RTC_IRQHandler
 .text.RTC_Seconds_IRQHandler
                0x00007a4c        0x8 ./startup/startup_mk64f12.o
                0x00007a4c                RTC_Seconds_IRQHandler
 .text.PIT0_IRQHandler
                0x00007a54        0x8 ./startup/startup_mk64f12.o
                0x00007a54                PIT0_IRQHandler
 .text.PIT1_IRQHandler
                0x00007a5c        0x8 ./startup/startup_mk64f12.o
                0x00007a5c                PIT1_IRQHandler
 .text.PIT2_IRQHandler
                0x00007a64        0x8 ./startup/startup_mk64f12.o
                0x00007a64                PIT2_IRQHandler
 .text.PIT3_IRQHandler
                0x00007a6c        0x8 ./startup/startup_mk64f12.o
                0x00007a6c                PIT3_IRQHandler
 .text.PDB0_IRQHandler
                0x00007a74        0x8 ./startup/startup_mk64f12.o
                0x00007a74                PDB0_IRQHandler
 .text.USB0_IRQHandler
                0x00007a7c        0x8 ./startup/startup_mk64f12.o
                0x00007a7c                USB0_IRQHandler
 .text.USBDCD_IRQHandler
                0x00007a84        0x8 ./startup/startup_mk64f12.o
                0x00007a84                USBDCD_IRQHandler
 .text.Reserved71_IRQHandler
                0x00007a8c        0x8 ./startup/startup_mk64f12.o
                0x00007a8c                Reserved71_IRQHandler
 .text.DAC0_IRQHandler
                0x00007a94        0x8 ./startup/startup_mk64f12.o
                0x00007a94                DAC0_IRQHandler
 .text.MCG_IRQHandler
                0x00007a9c        0x8 ./startup/startup_mk64f12.o
                0x00007a9c                MCG_IRQHandler
 .text.LPTMR0_IRQHandler
                0x00007aa4        0x8 ./startup/startup_mk64f12.o
                0x00007aa4                LPTMR0_IRQHandler
 .text.PORTA_IRQHandler
                0x00007aac        0x8 ./startup/startup_mk64f12.o
                0x00007aac                PORTA_IRQHandler
 .text.PORTB_IRQHandler
                0x00007ab4        0x8 ./startup/startup_mk64f12.o
                0x00007ab4                PORTB_IRQHandler
 .text.PORTC_IRQHandler
                0x00007abc        0x8 ./startup/startup_mk64f12.o
                0x00007abc                PORTC_IRQHandler
 .text.PORTD_IRQHandler
                0x00007ac4        0x8 ./startup/startup_mk64f12.o
                0x00007ac4                PORTD_IRQHandler
 .text.PORTE_IRQHandler
                0x00007acc        0x8 ./startup/startup_mk64f12.o
                0x00007acc                PORTE_IRQHandler
 .text.SWI_IRQHandler
                0x00007ad4        0x8 ./startup/startup_mk64f12.o
                0x00007ad4                SWI_IRQHandler
 .text.SPI2_IRQHandler
                0x00007adc        0x8 ./startup/startup_mk64f12.o
                0x00007adc                SPI2_IRQHandler
 .text.UART4_RX_TX_IRQHandler
                0x00007ae4        0x8 ./startup/startup_mk64f12.o
                0x00007ae4                UART4_RX_TX_IRQHandler
 .text.UART4_ERR_IRQHandler
                0x00007aec        0x8 ./startup/startup_mk64f12.o
                0x00007aec                UART4_ERR_IRQHandler
 .text.UART5_RX_TX_IRQHandler
                0x00007af4        0x8 ./startup/startup_mk64f12.o
                0x00007af4                UART5_RX_TX_IRQHandler
 .text.UART5_ERR_IRQHandler
                0x00007afc        0x8 ./startup/startup_mk64f12.o
                0x00007afc                UART5_ERR_IRQHandler
 .text.CMP2_IRQHandler
                0x00007b04        0x8 ./startup/startup_mk64f12.o
                0x00007b04                CMP2_IRQHandler
 .text.FTM3_IRQHandler
                0x00007b0c        0x8 ./startup/startup_mk64f12.o
                0x00007b0c                FTM3_IRQHandler
 .text.DAC1_IRQHandler
                0x00007b14        0x8 ./startup/startup_mk64f12.o
                0x00007b14                DAC1_IRQHandler
 .text.ADC1_IRQHandler
                0x00007b1c        0x8 ./startup/startup_mk64f12.o
                0x00007b1c                ADC1_IRQHandler
 .text.I2C2_IRQHandler
                0x00007b24        0x8 ./startup/startup_mk64f12.o
                0x00007b24                I2C2_IRQHandler
 .text.CAN0_ORed_Message_buffer_IRQHandler
                0x00007b2c        0x8 ./startup/startup_mk64f12.o
                0x00007b2c                CAN0_ORed_Message_buffer_IRQHandler
 .text.CAN0_Bus_Off_IRQHandler
                0x00007b34        0x8 ./startup/startup_mk64f12.o
                0x00007b34                CAN0_Bus_Off_IRQHandler
 .text.CAN0_Error_IRQHandler
                0x00007b3c        0x8 ./startup/startup_mk64f12.o
                0x00007b3c                CAN0_Error_IRQHandler
 .text.CAN0_Tx_Warning_IRQHandler
                0x00007b44        0x8 ./startup/startup_mk64f12.o
                0x00007b44                CAN0_Tx_Warning_IRQHandler
 .text.CAN0_Rx_Warning_IRQHandler
                0x00007b4c        0x8 ./startup/startup_mk64f12.o
                0x00007b4c                CAN0_Rx_Warning_IRQHandler
 .text.CAN0_Wake_Up_IRQHandler
                0x00007b54        0x8 ./startup/startup_mk64f12.o
                0x00007b54                CAN0_Wake_Up_IRQHandler
 .text.SDHC_IRQHandler
                0x00007b5c        0x8 ./startup/startup_mk64f12.o
                0x00007b5c                SDHC_IRQHandler
 .text.ENET_1588_Timer_IRQHandler
                0x00007b64        0x8 ./startup/startup_mk64f12.o
                0x00007b64                ENET_1588_Timer_IRQHandler
 .text.ENET_Transmit_IRQHandler
                0x00007b6c        0x8 ./startup/startup_mk64f12.o
                0x00007b6c                ENET_Transmit_IRQHandler
 .text.ENET_Receive_IRQHandler
                0x00007b74        0x8 ./startup/startup_mk64f12.o
                0x00007b74                ENET_Receive_IRQHandler
 .text.ENET_Error_IRQHandler
                0x00007b7c        0x8 ./startup/startup_mk64f12.o
                0x00007b7c                ENET_Error_IRQHandler
 .text.HardFault_Handler
                0x00007b84       0x2c ./source/semihost_hardfault.o
                0x00007b84                HardFault_Handler
 .text.xEventGroupCreate
                0x00007bb0       0x2e ./freertos/freertos_kernel/event_groups.o
                0x00007bb0                xEventGroupCreate
 .text.xEventGroupClearBits
                0x00007bde       0x70 ./freertos/freertos_kernel/event_groups.o
                0x00007bde                xEventGroupClearBits
 .text.xEventGroupSetBits
                0x00007c4e      0x116 ./freertos/freertos_kernel/event_groups.o
                0x00007c4e                xEventGroupSetBits
 .text.vEventGroupDelete
                0x00007d64       0x62 ./freertos/freertos_kernel/event_groups.o
                0x00007d64                vEventGroupDelete
 .text.vEventGroupSetBitsCallback
                0x00007dc6       0x1a ./freertos/freertos_kernel/event_groups.o
                0x00007dc6                vEventGroupSetBitsCallback
 .text.prvTestWaitCondition
                0x00007de0       0x44 ./freertos/freertos_kernel/event_groups.o
 .text.vListInitialise
                0x00007e24       0x40 ./freertos/freertos_kernel/list.o
                0x00007e24                vListInitialise
 .text.vListInitialiseItem
                0x00007e64       0x1a ./freertos/freertos_kernel/list.o
                0x00007e64                vListInitialiseItem
 .text.vListInsertEnd
                0x00007e7e       0x48 ./freertos/freertos_kernel/list.o
                0x00007e7e                vListInsertEnd
 .text.vListInsert
                0x00007ec6       0x72 ./freertos/freertos_kernel/list.o
                0x00007ec6                vListInsert
 .text.uxListRemove
                0x00007f38       0x54 ./freertos/freertos_kernel/list.o
                0x00007f38                uxListRemove
 .text.xQueueGenericCreate
                0x00007f8c       0xbe ./freertos/freertos_kernel/queue.o
                0x00007f8c                xQueueGenericCreate
 .text.prvInitialiseNewQueue
                0x0000804a       0x46 ./freertos/freertos_kernel/queue.o
 .text.prvInitialiseMutex
                0x00008090       0x34 ./freertos/freertos_kernel/queue.o
 .text.xQueueCreateMutex
                0x000080c4       0x30 ./freertos/freertos_kernel/queue.o
                0x000080c4                xQueueCreateMutex
 .text.xQueueGenericSendFromISR
                0x000080f4      0x154 ./freertos/freertos_kernel/queue.o
                0x000080f4                xQueueGenericSendFromISR
 .text.vQueueDelete
                0x00008248       0x3c ./freertos/freertos_kernel/queue.o
                0x00008248                vQueueDelete
 .text.prvGetDisinheritPriorityAfterTimeout
                0x00008284       0x30 ./freertos/freertos_kernel/queue.o
 .text.prvCopyDataToQueue
                0x000082b4       0xd4 ./freertos/freertos_kernel/queue.o
 .text.prvCopyDataFromQueue
                0x00008388       0x4c ./freertos/freertos_kernel/queue.o
 .text.prvUnlockQueue
                0x000083d4       0xa4 ./freertos/freertos_kernel/queue.o
 .text.prvIsQueueEmpty
                0x00008478       0x2c ./freertos/freertos_kernel/queue.o
 .text.prvIsQueueFull
                0x000084a4       0x30 ./freertos/freertos_kernel/queue.o
 .text.vQueueWaitForMessageRestricted
                0x000084d4       0x68 ./freertos/freertos_kernel/queue.o
                0x000084d4                vQueueWaitForMessageRestricted
 .text.xTaskCreate
                0x0000853c       0x82 ./freertos/freertos_kernel/tasks.o
                0x0000853c                xTaskCreate
 .text.prvInitialiseNewTask
                0x000085be      0x140 ./freertos/freertos_kernel/tasks.o
 .text.prvDeleteTCB
                0x000086fe       0x20 ./freertos/freertos_kernel/tasks.o
 .text.prvTimerTask
                0x0000871e       0x24 ./freertos/freertos_kernel/timers.o
 .text.UART_EnableTx
                0x00008742       0x40 ./drivers/freertos/fsl_uart_freertos.o
 .text.UART_EnableRx
                0x00008782       0x40 ./drivers/freertos/fsl_uart_freertos.o
 .text.UART_RTOS_Deinit
                0x000087c2       0x6c ./drivers/freertos/fsl_uart_freertos.o
                0x000087c2                UART_RTOS_Deinit
 .text.UART_RTOS_Send
                0x0000882e       0xc4 ./drivers/freertos/fsl_uart_freertos.o
                0x0000882e                UART_RTOS_Send
 .text.UART_RTOS_Receive
                0x000088f2      0x160 ./drivers/freertos/fsl_uart_freertos.o
                0x000088f2                UART_RTOS_Receive
 .text.OSC_SetExtRefClkConfig
                0x00008a52       0x34 ./drivers/fsl_clock.o
 .text.OSC_SetCapLoad
                0x00008a86       0x34 ./drivers/fsl_clock.o
 .text.CLOCK_GetPll0RefFreq
                0x00008aba        0xe ./drivers/fsl_clock.o
 .text.CLOCK_GetFixedFreqClkFreq
                0x00008ac8       0x34 ./drivers/fsl_clock.o
                0x00008ac8                CLOCK_GetFixedFreqClkFreq
 .text.CLOCK_EnableClock
                0x00008afc       0x34 ./drivers/fsl_uart.o
 .text.CLOCK_DisableClock
                0x00008b30       0x38 ./drivers/fsl_uart.o
 .text.EnableIRQ
                0x00008b68       0x32 ./drivers/fsl_uart.o
 .text.DisableGlobalIRQ
                0x00008b9a       0x22 ./drivers/fsl_uart.o
 .text.EnableGlobalIRQ
                0x00008bbc       0x20 ./drivers/fsl_uart.o
 .text.UART_GetStatusFlags
                0x00008bdc       0x48 ./drivers/fsl_uart.o
                0x00008bdc                UART_GetStatusFlags
 .text.UART_ClearStatusFlags
                0x00008c24       0x80 ./drivers/fsl_uart.o
                0x00008c24                UART_ClearStatusFlags
 .text.UART_WriteBlocking
                0x00008ca4       0x50 ./drivers/fsl_uart.o
                0x00008ca4                UART_WriteBlocking
 .text.UART0_RX_TX_DriverIRQHandler
                0x00008cf4       0x12 ./drivers/fsl_uart.o
                0x00008cf4                UART0_RX_TX_DriverIRQHandler
 .text.UART1_RX_TX_DriverIRQHandler
                0x00008d06       0x12 ./drivers/fsl_uart.o
                0x00008d06                UART1_RX_TX_DriverIRQHandler
 .text.UART2_RX_TX_DriverIRQHandler
                0x00008d18       0x12 ./drivers/fsl_uart.o
                0x00008d18                UART2_RX_TX_DriverIRQHandler
 .text.UART3_RX_TX_DriverIRQHandler
                0x00008d2a       0x12 ./drivers/fsl_uart.o
                0x00008d2a                UART3_RX_TX_DriverIRQHandler
 .text.UART4_RX_TX_DriverIRQHandler
                0x00008d3c       0x12 ./drivers/fsl_uart.o
                0x00008d3c                UART4_RX_TX_DriverIRQHandler
 .text.UART5_RX_TX_DriverIRQHandler
                0x00008d4e       0x12 ./drivers/fsl_uart.o
                0x00008d4e                UART5_RX_TX_DriverIRQHandler
 .text.SystemInitHook
                0x00008d60        0xe ./device/system_MK64F12.o
                0x00008d60                SystemInitHook
 .text.HAL_UartGetStatus
                0x00008d6e       0x22 ./component/uart/fsl_adapter_uart.o
 .text.DisableGlobalIRQ
                0x00008d90       0x22 ./component/serial_manager/fsl_component_serial_manager.o
 .text.EnableGlobalIRQ
                0x00008db2       0x20 ./component/serial_manager/fsl_component_serial_manager.o
 .text.SerialManager_StartWriting
                0x00008dd2       0x38 ./component/serial_manager/fsl_component_serial_manager.o
 .text.SerialManager_Write
                0x00008e0a       0x44 ./component/serial_manager/fsl_component_serial_manager.o
 .text.SerialManager_Init
                0x00008e4e       0x60 ./component/serial_manager/fsl_component_serial_manager.o
                0x00008e4e                SerialManager_Init
 .text.SerialManager_OpenWriteHandle
                0x00008eae       0x50 ./component/serial_manager/fsl_component_serial_manager.o
                0x00008eae                SerialManager_OpenWriteHandle
 .text.SerialManager_OpenReadHandle
                0x00008efe       0x60 ./component/serial_manager/fsl_component_serial_manager.o
                0x00008efe                SerialManager_OpenReadHandle
 .text.SerialManager_WriteBlocking
                0x00008f5e       0x20 ./component/serial_manager/fsl_component_serial_manager.o
                0x00008f5e                SerialManager_WriteBlocking
 .text.Serial_UartInit
                0x00008f7e       0x3e ./component/serial_manager/fsl_component_serial_port_uart.o
                0x00008f7e                Serial_UartInit
 .text.Serial_UartWrite
                0x00008fbc       0x38 ./component/serial_manager/fsl_component_serial_port_uart.o
                0x00008fbc                Serial_UartWrite
 .text.BOARD_InitDebugConsole
                0x00008ff4       0x22 ./board/board.o
                0x00008ff4                BOARD_InitDebugConsole
 .text.BOARD_InitBootClocks
                0x00009016        0xc ./board/clock_config.o
                0x00009016                BOARD_InitBootClocks
 .text.CLOCK_EnableClock
                0x00009022       0x34 ./board/pin_mux.o
 .text.PORT_SetPinMux
                0x00009056       0x3a ./board/pin_mux.o
 .text.BOARD_InitBootPins
                0x00009090        0xc ./board/pin_mux.o
                0x00009090                BOARD_InitBootPins
 .text.__main   0x0000909c        0xe c:/nxp/mcuxpressoide_11.6.0_8187/ide/plugins/com.nxp.mcuxpresso.tools.win32_11.6.0.202112161359/tools/bin/../lib/gcc/arm-none-eabi/10.3.1/../../../../arm-none-eabi/lib/thumb/v7e-m+fp/hard\libcr_nohost_nf.a(_cr__main.o)
                0x0000909c                __main
 .text.memcpy   0x000090aa        0x4 c:/nxp/mcuxpressoide_11.6.0_8187/ide/plugins/com.nxp.mcuxpresso.tools.win32_11.6.0.202112161359/tools/bin/../lib/gcc/arm-none-eabi/10.3.1/../../../../arm-none-eabi/lib/thumb/v7e-m+fp/hard\libcr_c.a(memcpy.o)
                0x000090aa                memcpy
 .text.memset   0x000090ae        0x4 c:/nxp/mcuxpressoide_11.6.0_8187/ide/plugins/com.nxp.mcuxpresso.tools.win32_11.6.0.202112161359/tools/bin/../lib/gcc/arm-none-eabi/10.3.1/../../../../arm-none-eabi/lib/thumb/v7e-m+fp/hard\libcr_c.a(memset.o)
                0x000090ae                memset
 .text.free     0x000090b2       0x30 c:/nxp/mcuxpressoide_11.6.0_8187/ide/plugins/com.nxp.mcuxpresso.tools.win32_11.6.0.202112161359/tools/bin/../lib/gcc/arm-none-eabi/10.3.1/../../../../arm-none-eabi/lib/thumb/v7e-m+fp/hard\libcr_c.a(alloc.o)
                0x000090b2                free
 .text.fp_round
                0x000090e2       0x4e c:/nxp/mcuxpressoide_11.6.0_8187/ide/plugins/com.nxp.mcuxpresso.tools.win32_11.6.0.202112161359/tools/bin/../lib/gcc/arm-none-eabi/10.3.1/../../../../arm-none-eabi/lib/thumb/v7e-m+fp/hard\libcr_c.a(fpprintf.o)
 .text.pr_dec.constprop.0
                0x00009130       0x26 c:/nxp/mcuxpressoide_11.6.0_8187/ide/plugins/com.nxp.mcuxpresso.tools.win32_11.6.0.202112161359/tools/bin/../lib/gcc/arm-none-eabi/10.3.1/../../../../arm-none-eabi/lib/thumb/v7e-m+fp/hard\libcr_c.a(fpprintf.o)
 .text.setvbuf  0x00009156       0x3e c:/nxp/mcuxpressoide_11.6.0_8187/ide/plugins/com.nxp.mcuxpresso.tools.win32_11.6.0.202112161359/tools/bin/../lib/gcc/arm-none-eabi/10.3.1/../../../../arm-none-eabi/lib/thumb/v7e-m+fp/hard\libcr_c.a(setvbuf.o)
                0x00009156                setvbuf
 .text.strlen   0x00009194       0x48 c:/nxp/mcuxpressoide_11.6.0_8187/ide/plugins/com.nxp.mcuxpresso.tools.win32_11.6.0.202112161359/tools/bin/../lib/gcc/arm-none-eabi/10.3.1/../../../../arm-none-eabi/lib/thumb/v7e-m+fp/hard\libcr_c.a(strlen.o)
                0x00009194                strlen
 .text.strstr   0x000091dc       0x20 c:/nxp/mcuxpressoide_11.6.0_8187/ide/plugins/com.nxp.mcuxpresso.tools.win32_11.6.0.202112161359/tools/bin/../lib/gcc/arm-none-eabi/10.3.1/../../../../arm-none-eabi/lib/thumb/v7e-m+fp/hard\libcr_c.a(strstr.o)
                0x000091dc                strstr
 .text._deferredlazyseek
                0x000091fc       0x40 c:/nxp/mcuxpressoide_11.6.0_8187/ide/plugins/com.nxp.mcuxpresso.tools.win32_11.6.0.202112161359/tools/bin/../lib/gcc/arm-none-eabi/10.3.1/../../../../arm-none-eabi/lib/thumb/v7e-m+fp/hard\libcr_c.a(_deferredlazyseek.o)
                0x000091fc                _deferredlazyseek
 .text.__flsbuf
                0x0000923c      0x140 c:/nxp/mcuxpressoide_11.6.0_8187/ide/plugins/com.nxp.mcuxpresso.tools.win32_11.6.0.202112161359/tools/bin/../lib/gcc/arm-none-eabi/10.3.1/../../../../arm-none-eabi/lib/thumb/v7e-m+fp/hard\libcr_c.a(_deferredlazyseek.o)
                0x0000923c                __flsbuf
 .text._fdopen  0x0000937c       0x68 c:/nxp/mcuxpressoide_11.6.0_8187/ide/plugins/com.nxp.mcuxpresso.tools.win32_11.6.0.202112161359/tools/bin/../lib/gcc/arm-none-eabi/10.3.1/../../../../arm-none-eabi/lib/thumb/v7e-m+fp/hard\libcr_c.a(_fdopen.o)
                0x0000937c                _fdopen
 .text._fflush  0x000093e4       0x52 c:/nxp/mcuxpressoide_11.6.0_8187/ide/plugins/com.nxp.mcuxpresso.tools.win32_11.6.0.202112161359/tools/bin/../lib/gcc/arm-none-eabi/10.3.1/../../../../arm-none-eabi/lib/thumb/v7e-m+fp/hard\libcr_c.a(_fflush.o)
                0x000093e4                _fflush
 .text.fclose   0x00009436       0x58 c:/nxp/mcuxpressoide_11.6.0_8187/ide/plugins/com.nxp.mcuxpresso.tools.win32_11.6.0.202112161359/tools/bin/../lib/gcc/arm-none-eabi/10.3.1/../../../../arm-none-eabi/lib/thumb/v7e-m+fp/hard\libcr_c.a(fclose.o)
                0x00009436                fclose
 .text.remove   0x0000948e       0x14 c:/nxp/mcuxpressoide_11.6.0_8187/ide/plugins/com.nxp.mcuxpresso.tools.win32_11.6.0.202112161359/tools/bin/../lib/gcc/arm-none-eabi/10.3.1/../../../../arm-none-eabi/lib/thumb/v7e-m+fp/hard\libcr_c.a(remove.o)
                0x0000948e                remove
 .text._do_fflush
                0x000094a2       0x40 c:/nxp/mcuxpressoide_11.6.0_8187/ide/plugins/com.nxp.mcuxpresso.tools.win32_11.6.0.202112161359/tools/bin/../lib/gcc/arm-none-eabi/10.3.1/../../../../arm-none-eabi/lib/thumb/v7e-m+fp/hard\libcr_c.a(_do_fflush.o)
                0x000094a2                _do_fflush
 .text.__aeabi_d2iz
                0x000094e2       0x40 c:/nxp/mcuxpressoide_11.6.0_8187/ide/plugins/com.nxp.mcuxpresso.tools.win32_11.6.0.202112161359/tools/bin/../lib/gcc/arm-none-eabi/10.3.1/thumb/v7e-m+fp/hard\libcr_eabihelpers.a(double.o)
                0x000094e2                __aeabi_d2iz
 .text.__bhs_ui2d
                0x00009522       0x46 c:/nxp/mcuxpressoide_11.6.0_8187/ide/plugins/com.nxp.mcuxpresso.tools.win32_11.6.0.202112161359/tools/bin/../lib/gcc/arm-none-eabi/10.3.1/thumb/v7e-m+fp/hard\libcr_eabihelpers.a(double.o)
                0x00009522                __bhs_ui2d
 .text.__aeabi_i2d
                0x00009568       0x12 c:/nxp/mcuxpressoide_11.6.0_8187/ide/plugins/com.nxp.mcuxpresso.tools.win32_11.6.0.202112161359/tools/bin/../lib/gcc/arm-none-eabi/10.3.1/thumb/v7e-m+fp/hard\libcr_eabihelpers.a(double.o)
                0x00009568                __aeabi_i2d
 .text.__aeabi_dcmpeq
                0x0000957a       0x30 c:/nxp/mcuxpressoide_11.6.0_8187/ide/plugins/com.nxp.mcuxpresso.tools.win32_11.6.0.202112161359/tools/bin/../lib/gcc/arm-none-eabi/10.3.1/thumb/v7e-m+fp/hard\libcr_eabihelpers.a(double.o)
                0x0000957a                __aeabi_dcmpeq
 .text.__aeabi_dcmplt
                0x000095aa       0x56 c:/nxp/mcuxpressoide_11.6.0_8187/ide/plugins/com.nxp.mcuxpresso.tools.win32_11.6.0.202112161359/tools/bin/../lib/gcc/arm-none-eabi/10.3.1/thumb/v7e-m+fp/hard\libcr_eabihelpers.a(double.o)
                0x000095aa                __aeabi_dcmplt
 .text.__aeabi_dcmple
                0x00009600       0x56 c:/nxp/mcuxpressoide_11.6.0_8187/ide/plugins/com.nxp.mcuxpresso.tools.win32_11.6.0.202112161359/tools/bin/../lib/gcc/arm-none-eabi/10.3.1/thumb/v7e-m+fp/hard\libcr_eabihelpers.a(double.o)
                0x00009600                __aeabi_dcmple
 .text.__aeabi_dcmpge
                0x00009656       0x56 c:/nxp/mcuxpressoide_11.6.0_8187/ide/plugins/com.nxp.mcuxpresso.tools.win32_11.6.0.202112161359/tools/bin/../lib/gcc/arm-none-eabi/10.3.1/thumb/v7e-m+fp/hard\libcr_eabihelpers.a(double.o)
                0x00009656                __aeabi_dcmpge
 .text.__aeabi_memcpy
                0x000096ac       0x34 c:/nxp/mcuxpressoide_11.6.0_8187/ide/plugins/com.nxp.mcuxpresso.tools.win32_11.6.0.202112161359/tools/bin/../lib/gcc/arm-none-eabi/10.3.1/thumb/v7e-m+fp/hard\libcr_eabihelpers.a(memcpy.o)
                0x000096ac                __aeabi_memcpy
                0x000096b6                __aeabi_memcpy8
                0x000096b6                __aeabi_memcpy4
 .text.__aeabi_memset_lowlevel
                0x000096e0       0x32 c:/nxp/mcuxpressoide_11.6.0_8187/ide/plugins/com.nxp.mcuxpresso.tools.win32_11.6.0.202112161359/tools/bin/../lib/gcc/arm-none-eabi/10.3.1/thumb/v7e-m+fp/hard\libcr_eabihelpers.a(memcpy.o)
                0x000096e0                __aeabi_lowlevel_memset
 .text.__sys_appexit
                0x00009712        0x2 c:/nxp/mcuxpressoide_11.6.0_8187/ide/plugins/com.nxp.mcuxpresso.tools.win32_11.6.0.202112161359/tools/bin/../lib/gcc/arm-none-eabi/10.3.1/../../../../arm-none-eabi/lib/thumb/v7e-m+fp/hard\libcr_nohost_nf.a(__sys_appexit.o)
                0x00009712                __sys_appexit
                0x00009712                __exit
 .text.__sys_close
                0x00009714        0x6 c:/nxp/mcuxpressoide_11.6.0_8187/ide/plugins/com.nxp.mcuxpresso.tools.win32_11.6.0.202112161359/tools/bin/../lib/gcc/arm-none-eabi/10.3.1/../../../../arm-none-eabi/lib/thumb/v7e-m+fp/hard\libcr_nohost_nf.a(__sys_close.o)
                0x00009714                __sys_close
 .text.__sys_flen
                0x0000971a        0x6 c:/nxp/mcuxpressoide_11.6.0_8187/ide/plugins/com.nxp.mcuxpresso.tools.win32_11.6.0.202112161359/tools/bin/../lib/gcc/arm-none-eabi/10.3.1/../../../../arm-none-eabi/lib/thumb/v7e-m+fp/hard\libcr_nohost_nf.a(__sys_flen.o)
                0x0000971a                __sys_flen
 .text.__sys_istty
                0x00009720        0x6 c:/nxp/mcuxpressoide_11.6.0_8187/ide/plugins/com.nxp.mcuxpresso.tools.win32_11.6.0.202112161359/tools/bin/../lib/gcc/arm-none-eabi/10.3.1/../../../../arm-none-eabi/lib/thumb/v7e-m+fp/hard\libcr_nohost_nf.a(__sys_istty.o)
                0x00009720                __sys_istty
 .text.__sys_remove
                0x00009726        0x6 c:/nxp/mcuxpressoide_11.6.0_8187/ide/plugins/com.nxp.mcuxpresso.tools.win32_11.6.0.202112161359/tools/bin/../lib/gcc/arm-none-eabi/10.3.1/../../../../arm-none-eabi/lib/thumb/v7e-m+fp/hard\libcr_nohost_nf.a(__sys_remove.o)
                0x00009726                __sys_remove
 .text.__sys_seek
                0x0000972c        0x6 c:/nxp/mcuxpressoide_11.6.0_8187/ide/plugins/com.nxp.mcuxpresso.tools.win32_11.6.0.202112161359/tools/bin/../lib/gcc/arm-none-eabi/10.3.1/../../../../arm-none-eabi/lib/thumb/v7e-m+fp/hard\libcr_nohost_nf.a(__sys_seek.o)
                0x0000972c                __sys_seek
 .text.__sys_tmpnam
                0x00009732        0x6 c:/nxp/mcuxpressoide_11.6.0_8187/ide/plugins/com.nxp.mcuxpresso.tools.win32_11.6.0.202112161359/tools/bin/../lib/gcc/arm-none-eabi/10.3.1/../../../../arm-none-eabi/lib/thumb/v7e-m+fp/hard\libcr_nohost_nf.a(__sys_tmpnam.o)
                0x00009732                __sys_tmpnam
 .text.__sys_write
                0x00009738        0x4 c:/nxp/mcuxpressoide_11.6.0_8187/ide/plugins/com.nxp.mcuxpresso.tools.win32_11.6.0.202112161359/tools/bin/../lib/gcc/arm-none-eabi/10.3.1/../../../../arm-none-eabi/lib/thumb/v7e-m+fp/hard\libcr_nohost_nf.a(__sys_write.o)
                0x00009738                __sys_write
 *freertos*/tasks.o(SORT_BY_ALIGNMENT(.rodata*))
 .rodata.vTaskStartScheduler.str1.4
                0x0000973c        0x5 ./freertos/freertos_kernel/tasks.o
 *fill*         0x00009741        0x3 ff
 .rodata        0x00009744       0x1c ./freertos/freertos_kernel/tasks.o
                0x00009744                portArch_Name
                0x00009748                FreeRTOSDebugConfig
 *(SORT_BY_ALIGNMENT(.rodata) SORT_BY_ALIGNMENT(.rodata.*) SORT_BY_ALIGNMENT(.constdata) SORT_BY_ALIGNMENT(.constdata.*))
 .rodata.__assertion_failed.str1.4
                0x00009760       0x14 ./utilities/fsl_assert.o
 .rodata.R_OK   0x00009774        0x5 ./source/freertos_uart.o
                0x00009774                R_OK
 *fill*         0x00009779        0x3 ff
 .rodata.R_ERROR
                0x0000977c        0x8 ./source/freertos_uart.o
                0x0000977c                R_ERROR
 .rodata.R_READY
                0x00009784        0x6 ./source/freertos_uart.o
                0x00009784                R_READY
 *fill*         0x0000978a        0x2 ff
 .rodata.MODEM_ECHO_DISABLED
                0x0000978c        0x5 ./source/freertos_uart.o
                0x0000978c                MODEM_ECHO_DISABLED
 *fill*         0x00009791        0x3 ff
 .rodata.MODEM_SIM_STATUS
                0x00009794        0x8 ./source/freertos_uart.o
                0x00009794                MODEM_SIM_STATUS
 .rodata.MODEM_GET_PLMN
                0x0000979c        0x8 ./source/freertos_uart.o
                0x0000979c                MODEM_GET_PLMN
 .rodata.MODEM_OPERATING_MODE
                0x000097a4        0x8 ./source/freertos_uart.o
                0x000097a4                MODEM_OPERATING_MODE
 .rodata.MODEM_PARAM_EMPTY
                0x000097ac        0x1 ./source/freertos_uart.o
                0x000097ac                MODEM_PARAM_EMPTY
 *fill*         0x000097ad        0x3 ff
 .rodata.main.str1.4
                0x000097b0       0xb9 ./source/freertos_uart.o
 *fill*         0x00009869        0x3 ff
 .rodata.modem_uart_init.str1.4
                0x0000986c       0x77 ./source/freertos_uart.o
 *fill*         0x000098e3        0x1 ff
 .rodata.send_at_commands.str1.4
                0x000098e4      0x176 ./source/freertos_uart.o
                                0x17a (size before relaxing)
 *fill*         0x00009a5a        0x2 ff
 .rodata.readByteToBuffer.str1.4
                0x00009a5c       0xac ./source/freertos_uart.o
 .rodata.get_modem_response_uart.str1.4
                0x00009b08       0x27 ./source/freertos_uart.o
 *fill*         0x00009b2f        0x1 ff
 .rodata.xTimerCreateTimerTask.str1.4
                0x00009b30        0x8 ./freertos/freertos_kernel/timers.o
 .rodata.prvCheckForValidListAndQueue.str1.4
                0x00009b38        0x5 ./freertos/freertos_kernel/timers.o
 *fill*         0x00009b3d        0x3 ff
 .rodata.CLOCK_GetMcgExtClkFreq.str1.4
                0x00009b40       0x49 ./drivers/fsl_clock.o
 *fill*         0x00009b89        0x3 ff
 .rodata.CLOCK_GetOsc0ErClkFreq.str1.4
                0x00009b8c       0x1e ./drivers/fsl_clock.o
 *fill*         0x00009baa        0x2 ff
 .rodata.CLOCK_GetEr32kClkFreq.str1.4
                0x00009bac       0x1f ./drivers/fsl_clock.o
 *fill*         0x00009bcb        0x1 ff
 .rodata.CLOCK_GetPll0Freq.str1.4
                0x00009bcc       0x1d ./drivers/fsl_clock.o
 *fill*         0x00009be9        0x3 ff
 .rodata.CLOCK_EnablePll0.str1.4
                0x00009bec       0x1a ./drivers/fsl_clock.o
 *fill*         0x00009c06        0x2 ff
 .rodata.CLOCK_SetPbeMode.str1.4
                0x00009c08       0x1a ./drivers/fsl_clock.o
 *fill*         0x00009c22        0x2 ff
 .rodata.CLOCK_BootToPeeMode.str1.4
                0x00009c24       0x1a ./drivers/fsl_clock.o
 *fill*         0x00009c3e        0x2 ff
 .rodata.fllFactorTable.1
                0x00009c40       0x10 ./drivers/fsl_clock.o
 .rodata.s_uartBases
                0x00009c50       0x18 ./drivers/fsl_uart.o
 .rodata.s_uartIRQ
                0x00009c68        0x6 ./drivers/fsl_uart.o
                0x00009c68                s_uartIRQ
 *fill*         0x00009c6e        0x2 ff
 .rodata.s_uartClock
                0x00009c70       0x18 ./drivers/fsl_uart.o
 .rodata.UART_GetInstance.str1.4
                0x00009c88       0x2b ./drivers/fsl_uart.o
 *fill*         0x00009cb3        0x1 ff
 .rodata.UART_TransferGetRxRingBufferLength.str1.4
                0x00009cb4       0x20 ./drivers/fsl_uart.o
 .rodata.UART_TransferIsRxRingBufferFull.str1.4
                0x00009cd4       0x20 ./drivers/fsl_uart.o
 .rodata.UART_Init.str1.4
                0x00009cf4       0xfb ./drivers/fsl_uart.o
 *fill*         0x00009def        0x1 ff
 .rodata.UART_GetDefaultConfig.str1.4
                0x00009df0       0x20 ./drivers/fsl_uart.o
 .rodata.UART_WriteNonBlocking.str1.4
                0x00009e10       0x1e ./drivers/fsl_uart.o
 *fill*         0x00009e2e        0x2 ff
 .rodata.UART_ReadNonBlocking.str1.4
                0x00009e30       0x1e ./drivers/fsl_uart.o
 *fill*         0x00009e4e        0x2 ff
 .rodata.UART_TransferCreateHandle.str1.4
                0x00009e50       0x20 ./drivers/fsl_uart.o
 .rodata.UART_TransferStartRingBuffer.str1.4
                0x00009e70       0x44 ./drivers/fsl_uart.o
 .rodata.UART_TransferSendNonBlocking.str1.4
                0x00009eb4       0x93 ./drivers/fsl_uart.o
 *fill*         0x00009f47        0x1 ff
 .rodata.UART_TransferReceiveNonBlocking.str1.4
                0x00009f48       0x93 ./drivers/fsl_uart.o
 *fill*         0x00009fdb        0x1 ff
 .rodata.UART_TransferAbortReceive.str1.4
                0x00009fdc       0x21 ./drivers/fsl_uart.o
 *fill*         0x00009ffd        0x3 ff
 .rodata.UART_TransferHandleIRQ.str1.4
                0x0000a000       0x24 ./drivers/fsl_uart.o
 .rodata.s_UartAdapterBase
                0x0000a024       0x18 ./component/uart/fsl_adapter_uart.o
 .rodata.HAL_UartInit.str1.4
                0x0000a03c       0xdd ./component/uart/fsl_adapter_uart.o
 *fill*         0x0000a119        0x3 ff
 .rodata.HAL_UartSendBlocking.str1.4
                0x0000a11c       0x60 ./component/uart/fsl_adapter_uart.o
 .rodata.mcgConfig_BOARD_BootClockRUN
                0x0000a17c        0xb ./board/clock_config.o
                0x0000a17c                mcgConfig_BOARD_BootClockRUN
 *fill*         0x0000a187        0x1 ff
 .rodata.simConfig_BOARD_BootClockRUN
                0x0000a188        0x8 ./board/clock_config.o
                0x0000a188                simConfig_BOARD_BootClockRUN
 .rodata.oscConfig_BOARD_BootClockRUN
                0x0000a190        0x8 ./board/clock_config.o
                0x0000a190                oscConfig_BOARD_BootClockRUN
 .rodata.__num_Ciob_streams
                0x0000a198        0x4 c:/nxp/mcuxpressoide_11.6.0_8187/ide/plugins/com.nxp.mcuxpresso.tools.win32_11.6.0.202112161359/tools/bin/../lib/gcc/arm-none-eabi/10.3.1/../../../../arm-none-eabi/lib/thumb/v7e-m+fp/hard\libcr_nohost_nf.a(__ciob.o)
                0x0000a198                __num_Ciob_streams
 .rodata._Csys_alloc.str1.1
                0x0000a19c       0x18 c:/nxp/mcuxpressoide_11.6.0_8187/ide/plugins/com.nxp.mcuxpresso.tools.win32_11.6.0.202112161359/tools/bin/../lib/gcc/arm-none-eabi/10.3.1/../../../../arm-none-eabi/lib/thumb/v7e-m+fp/hard\libcr_c.a(alloc.o)
 .rodata.fp_display.str1.1
                0x0000a1b4       0x34 c:/nxp/mcuxpressoide_11.6.0_8187/ide/plugins/com.nxp.mcuxpresso.tools.win32_11.6.0.202112161359/tools/bin/../lib/gcc/arm-none-eabi/10.3.1/../../../../arm-none-eabi/lib/thumb/v7e-m+fp/hard\libcr_c.a(fpprintf.o)
                                 0x35 (size before relaxing)
 .rodata._initio.str1.1
                0x0000a1e8        0x4 c:/nxp/mcuxpressoide_11.6.0_8187/ide/plugins/com.nxp.mcuxpresso.tools.win32_11.6.0.202112161359/tools/bin/../lib/gcc/arm-none-eabi/10.3.1/../../../../arm-none-eabi/lib/thumb/v7e-m+fp/hard\libcr_c.a(initio.o)
 .rodata.__vfprintf.str1.1
                0x0000a1ec       0x31 c:/nxp/mcuxpressoide_11.6.0_8187/ide/plugins/com.nxp.mcuxpresso.tools.win32_11.6.0.202112161359/tools/bin/../lib/gcc/arm-none-eabi/10.3.1/../../../../arm-none-eabi/lib/thumb/v7e-m+fp/hard\libcr_c.a(printf.o)
                                 0x38 (size before relaxing)
                0x0000a220                . = ALIGN (0x8)
 *fill*         0x0000a21d        0x3 ff
                0x0000a220                _etext = .

.glue_7         0x0000a220        0x0
 .glue_7        0x0000a220        0x0 linker stubs

.glue_7t        0x0000a220        0x0
 .glue_7t       0x0000a220        0x0 linker stubs

.vfp11_veneer   0x0000a220        0x0
 .vfp11_veneer  0x0000a220        0x0 linker stubs

.v4_bx          0x0000a220        0x0
 .v4_bx         0x0000a220        0x0 linker stubs

.iplt           0x0000a220        0x0
 .iplt          0x0000a220        0x0 ./utilities/fsl_assert.o

.rel.dyn        0x0000a220        0x0
 .rel.iplt      0x0000a220        0x0 ./utilities/fsl_assert.o

.m_usb_data
 *(SORT_BY_ALIGNMENT(m_usb_bdt))

.data_RAM2      0x1fff0000        0x0 load address 0x0000a220
 FILL mask 0xff
                [!provide]                PROVIDE (__start_data_RAM2 = .)
                [!provide]                PROVIDE (__start_data_SRAM_LOWER = .)
 *(SORT_BY_ALIGNMENT(.ramfunc.$RAM2))
 *(SORT_BY_ALIGNMENT(.ramfunc.$SRAM_LOWER))
 *(SORT_BY_ALIGNMENT(.data.$RAM2))
 *(SORT_BY_ALIGNMENT(.data.$SRAM_LOWER))
 *(SORT_BY_ALIGNMENT(.data.$RAM2.*))
 *(SORT_BY_ALIGNMENT(.data.$SRAM_LOWER.*))
                0x1fff0000                . = ALIGN (0x8)
                [!provide]                PROVIDE (__end_data_RAM2 = .)
                [!provide]                PROVIDE (__end_data_SRAM_LOWER = .)

.data_RAM3      0x14000000        0x0 load address 0x0000a220
 FILL mask 0xff
                [!provide]                PROVIDE (__start_data_RAM3 = .)
                [!provide]                PROVIDE (__start_data_FLEX_RAM = .)
 *(SORT_BY_ALIGNMENT(.ramfunc.$RAM3))
 *(SORT_BY_ALIGNMENT(.ramfunc.$FLEX_RAM))
 *(SORT_BY_ALIGNMENT(.data.$RAM3))
 *(SORT_BY_ALIGNMENT(.data.$FLEX_RAM))
 *(SORT_BY_ALIGNMENT(.data.$RAM3.*))
 *(SORT_BY_ALIGNMENT(.data.$FLEX_RAM.*))
                0x14000000                . = ALIGN (0x8)
                [!provide]                PROVIDE (__end_data_RAM3 = .)
                [!provide]                PROVIDE (__end_data_FLEX_RAM = .)

.uninit_RESERVED
                0x20000000        0x0
                0x20000000                _start_uninit_RESERVED = .
 *(SORT_BY_ALIGNMENT(.bss.$RESERVED*))
                0x20000000                . = ALIGN (0x8)
                0x20000000                _end_uninit_RESERVED = .

.data           0x20000000       0x30 load address 0x0000a220
 FILL mask 0xff
                0x20000000                _data = .
                [!provide]                PROVIDE (__start_data_RAM = .)
                [!provide]                PROVIDE (__start_data_SRAM_UPPER = .)
 *(SORT_BY_ALIGNMENT(vtable))
 *(SORT_BY_ALIGNMENT(.ramfunc*))
 *(SORT_BY_ALIGNMENT(CodeQuickAccess))
 *(SORT_BY_ALIGNMENT(DataQuickAccess))
 *(SORT_BY_ALIGNMENT(RamFunction))
 *(SORT_BY_ALIGNMENT(.data*))
 .data.uart_modem_config
                0x20000000       0x18 ./source/freertos_uart.o
                0x20000000                uart_modem_config
 .data.uxCriticalNesting
                0x20000018        0x4 ./freertos/freertos_kernel/portable/GCC/ARM_CM4F/port.o
 .data.uxTopUsedPriority
                0x2000001c        0x4 ./freertos/freertos_kernel/tasks.o
                0x2000001c                uxTopUsedPriority
 .data.s_slowIrcFreq
                0x20000020        0x4 ./drivers/fsl_clock.o
 .data.s_fastIrcFreq
                0x20000024        0x4 ./drivers/fsl_clock.o
 .data.SystemCoreClock
                0x20000028        0x4 ./device/system_MK64F12.o
                0x20000028                SystemCoreClock
                0x20000030                . = ALIGN (0x8)
 *fill*         0x2000002c        0x4 ff
                0x20000030                _edata = .
                [!provide]                PROVIDE (__end_data_RAM = .)
                [!provide]                PROVIDE (__end_data_SRAM_UPPER = .)

.igot.plt       0x20000030        0x0 load address 0x0000a250
 .igot.plt      0x20000030        0x0 ./utilities/fsl_assert.o

.bss_RAM2       0x1fff0000        0x0
                [!provide]                PROVIDE (__start_bss_RAM2 = .)
                [!provide]                PROVIDE (__start_bss_SRAM_LOWER = .)
 *(SORT_BY_ALIGNMENT(.bss.$RAM2))
 *(SORT_BY_ALIGNMENT(.bss.$SRAM_LOWER))
 *(SORT_BY_ALIGNMENT(.bss.$RAM2.*))
 *(SORT_BY_ALIGNMENT(.bss.$SRAM_LOWER.*))
                0x1fff0000                . = ALIGN ((. != 0x0)?0x8:0x1)
                [!provide]                PROVIDE (__end_bss_RAM2 = .)
                [!provide]                PROVIDE (__end_bss_SRAM_LOWER = .)

.bss_RAM3       0x14000000        0x0
                [!provide]                PROVIDE (__start_bss_RAM3 = .)
                [!provide]                PROVIDE (__start_bss_FLEX_RAM = .)
 *(SORT_BY_ALIGNMENT(.bss.$RAM3))
 *(SORT_BY_ALIGNMENT(.bss.$FLEX_RAM))
 *(SORT_BY_ALIGNMENT(.bss.$RAM3.*))
 *(SORT_BY_ALIGNMENT(.bss.$FLEX_RAM.*))
                0x14000000                . = ALIGN ((. != 0x0)?0x8:0x1)
                [!provide]                PROVIDE (__end_bss_RAM3 = .)
                [!provide]                PROVIDE (__end_bss_FLEX_RAM = .)

.bss            0x20000030     0x2b78
                0x20000030                _bss = .
                [!provide]                PROVIDE (__start_bss_RAM = .)
                [!provide]                PROVIDE (__start_bss_SRAM_UPPER = .)
 *(SORT_BY_ALIGNMENT(.bss*))
 .bss.s_debugConsoleState
                0x20000030       0x20 ./utilities/fsl_debug_console.o
 .bss.g_serialHandle
                0x20000050        0x4 ./utilities/fsl_debug_console.o
                0x20000050                g_serialHandle
 .bss.modem_handle
                0x20000054       0x28 ./source/freertos_uart.o
                0x20000054                modem_handle
 .bss.t_modem_handle
                0x2000007c       0x30 ./source/freertos_uart.o
                0x2000007c                t_modem_handle
 .bss.background_buffer
                0x200000ac       0x64 ./source/freertos_uart.o
                0x200000ac                background_buffer
 .bss.bufferHead
                0x20000110        0x4 ./source/freertos_uart.o
                0x20000110                bufferHead
 .bss.ucHeap    0x20000114     0x2800 ./freertos/freertos_kernel/portable/MemMang/heap_4.o
 .bss.xStart    0x20002914        0x8 ./freertos/freertos_kernel/portable/MemMang/heap_4.o
 .bss.pxEnd     0x2000291c        0x4 ./freertos/freertos_kernel/portable/MemMang/heap_4.o
 .bss.xFreeBytesRemaining
                0x20002920        0x4 ./freertos/freertos_kernel/portable/MemMang/heap_4.o
 .bss.xMinimumEverFreeBytesRemaining
                0x20002924        0x4 ./freertos/freertos_kernel/portable/MemMang/heap_4.o
 .bss.xNumberOfSuccessfulAllocations
                0x20002928        0x4 ./freertos/freertos_kernel/portable/MemMang/heap_4.o
 .bss.xNumberOfSuccessfulFrees
                0x2000292c        0x4 ./freertos/freertos_kernel/portable/MemMang/heap_4.o
 .bss.xBlockAllocatedBit
                0x20002930        0x4 ./freertos/freertos_kernel/portable/MemMang/heap_4.o
 .bss.ulMaxPRIGROUPValue
                0x20002934        0x4 ./freertos/freertos_kernel/portable/GCC/ARM_CM4F/port.o
 .bss.xQueueRegistry
                0x20002938       0x40 ./freertos/freertos_kernel/queue.o
                0x20002938                xQueueRegistry
 .bss.pxCurrentTCB
                0x20002978        0x4 ./freertos/freertos_kernel/tasks.o
                0x20002978                pxCurrentTCB
 .bss.pxReadyTasksLists
                0x2000297c       0x64 ./freertos/freertos_kernel/tasks.o
 .bss.xDelayedTaskList1
                0x200029e0       0x14 ./freertos/freertos_kernel/tasks.o
 .bss.xDelayedTaskList2
                0x200029f4       0x14 ./freertos/freertos_kernel/tasks.o
 .bss.pxDelayedTaskList
                0x20002a08        0x4 ./freertos/freertos_kernel/tasks.o
 .bss.pxOverflowDelayedTaskList
                0x20002a0c        0x4 ./freertos/freertos_kernel/tasks.o
 .bss.xPendingReadyList
                0x20002a10       0x14 ./freertos/freertos_kernel/tasks.o
 .bss.xTasksWaitingTermination
                0x20002a24       0x14 ./freertos/freertos_kernel/tasks.o
 .bss.uxDeletedTasksWaitingCleanUp
                0x20002a38        0x4 ./freertos/freertos_kernel/tasks.o
 .bss.xSuspendedTaskList
                0x20002a3c       0x14 ./freertos/freertos_kernel/tasks.o
 .bss.uxCurrentNumberOfTasks
                0x20002a50        0x4 ./freertos/freertos_kernel/tasks.o
 .bss.xTickCount
                0x20002a54        0x4 ./freertos/freertos_kernel/tasks.o
 .bss.uxTopReadyPriority
                0x20002a58        0x4 ./freertos/freertos_kernel/tasks.o
 .bss.xSchedulerRunning
                0x20002a5c        0x4 ./freertos/freertos_kernel/tasks.o
 .bss.xPendedTicks
                0x20002a60        0x4 ./freertos/freertos_kernel/tasks.o
 .bss.xYieldPending
                0x20002a64        0x4 ./freertos/freertos_kernel/tasks.o
 .bss.xNumOfOverflows
                0x20002a68        0x4 ./freertos/freertos_kernel/tasks.o
 .bss.uxTaskNumber
                0x20002a6c        0x4 ./freertos/freertos_kernel/tasks.o
 .bss.xNextTaskUnblockTime
                0x20002a70        0x4 ./freertos/freertos_kernel/tasks.o
 .bss.xIdleTaskHandle
                0x20002a74        0x4 ./freertos/freertos_kernel/tasks.o
 .bss.uxSchedulerSuspended
                0x20002a78        0x4 ./freertos/freertos_kernel/tasks.o
 .bss.xActiveTimerList1
                0x20002a7c       0x14 ./freertos/freertos_kernel/timers.o
 .bss.xActiveTimerList2
                0x20002a90       0x14 ./freertos/freertos_kernel/timers.o
 .bss.pxCurrentTimerList
                0x20002aa4        0x4 ./freertos/freertos_kernel/timers.o
 .bss.pxOverflowTimerList
                0x20002aa8        0x4 ./freertos/freertos_kernel/timers.o
 .bss.xTimerQueue
                0x20002aac        0x4 ./freertos/freertos_kernel/timers.o
 .bss.xTimerTaskHandle
                0x20002ab0        0x4 ./freertos/freertos_kernel/timers.o
 .bss.xLastTime.0
                0x20002ab4        0x4 ./freertos/freertos_kernel/timers.o
 .bss.g_xtal0Freq
                0x20002ab8        0x4 ./drivers/fsl_clock.o
                0x20002ab8                g_xtal0Freq
 .bss.g_xtal32Freq
                0x20002abc        0x4 ./drivers/fsl_clock.o
                0x20002abc                g_xtal32Freq
 .bss.s_uartHandle
                0x20002ac0       0x18 ./drivers/fsl_uart.o
                0x20002ac0                s_uartHandle
 .bss.s_uartIsr
                0x20002ad8        0x4 ./drivers/fsl_uart.o
                0x20002ad8                s_uartIsr
 .bss.errno     0x20002adc        0x4 c:/nxp/mcuxpressoide_11.6.0_8187/ide/plugins/com.nxp.mcuxpresso.tools.win32_11.6.0.202112161359/tools/bin/../lib/gcc/arm-none-eabi/10.3.1/../../../../arm-none-eabi/lib/thumb/v7e-m+fp/hard\libcr_c.a(errno.o)
                0x20002adc                errno
 .bss.__end_of_heap
                0x20002ae0        0x4 c:/nxp/mcuxpressoide_11.6.0_8187/ide/plugins/com.nxp.mcuxpresso.tools.win32_11.6.0.202112161359/tools/bin/../lib/gcc/arm-none-eabi/10.3.1/../../../../arm-none-eabi/lib/thumb/v7e-m+fp/hard\libcr_c.a(__init_alloc.o)
                0x20002ae0                __end_of_heap
 .bss.__heaps   0x20002ae4        0x4 c:/nxp/mcuxpressoide_11.6.0_8187/ide/plugins/com.nxp.mcuxpresso.tools.win32_11.6.0.202112161359/tools/bin/../lib/gcc/arm-none-eabi/10.3.1/../../../../arm-none-eabi/lib/thumb/v7e-m+fp/hard\libcr_c.a(__init_alloc.o)
                0x20002ae4                __heaps
 .bss.__Ciob    0x20002ae8       0xb4 c:/nxp/mcuxpressoide_11.6.0_8187/ide/plugins/com.nxp.mcuxpresso.tools.win32_11.6.0.202112161359/tools/bin/../lib/gcc/arm-none-eabi/10.3.1/../../../../arm-none-eabi/lib/thumb/v7e-m+fp/hard\libcr_nohost_nf.a(__ciob.o)
                0x20002ae8                __Ciob
 .bss.s_debugConsoleReadWaitSemaphore
                0x20002b9c        0x1 ./utilities/fsl_debug_console.o
 .bss.attempts_until_failed
                0x20002b9d        0x1 ./source/freertos_uart.o
                0x20002b9d                attempts_until_failed
 .bss.ok_received
                0x20002b9e        0x1 ./source/freertos_uart.o
                0x20002b9e                ok_received
 .bss.error_received
                0x20002b9f        0x1 ./source/freertos_uart.o
                0x20002b9f                error_received
 .bss.ready_received
                0x20002ba0        0x1 ./source/freertos_uart.o
                0x20002ba0                ready_received
 .bss.ucMaxSysCallPriority
                0x20002ba1        0x1 ./freertos/freertos_kernel/portable/GCC/ARM_CM4F/port.o
 *(SORT_BY_ALIGNMENT(COMMON))
                0x20002ba8                . = ALIGN (0x8)
 *fill*         0x20002ba2        0x6 
                0x20002ba8                _ebss = .
                [!provide]                PROVIDE (__end_bss_RAM = .)
                [!provide]                PROVIDE (__end_bss_SRAM_UPPER = .)
                [!provide]                PROVIDE (end = .)

.noinit_RAM2    0x1fff0000        0x0
                [!provide]                PROVIDE (__start_noinit_RAM2 = .)
                [!provide]                PROVIDE (__start_noinit_SRAM_LOWER = .)
 *(SORT_BY_ALIGNMENT(.noinit.$RAM2))
 *(SORT_BY_ALIGNMENT(.noinit.$SRAM_LOWER))
 *(SORT_BY_ALIGNMENT(.noinit.$RAM2.*))
 *(SORT_BY_ALIGNMENT(.noinit.$SRAM_LOWER.*))
                0x1fff0000                . = ALIGN (0x8)
                [!provide]                PROVIDE (__end_noinit_RAM2 = .)
                [!provide]                PROVIDE (__end_noinit_SRAM_LOWER = .)

.noinit_RAM3    0x14000000        0x0
                [!provide]                PROVIDE (__start_noinit_RAM3 = .)
                [!provide]                PROVIDE (__start_noinit_FLEX_RAM = .)
 *(SORT_BY_ALIGNMENT(.noinit.$RAM3))
 *(SORT_BY_ALIGNMENT(.noinit.$FLEX_RAM))
 *(SORT_BY_ALIGNMENT(.noinit.$RAM3.*))
 *(SORT_BY_ALIGNMENT(.noinit.$FLEX_RAM.*))
                0x14000000                . = ALIGN (0x8)
                [!provide]                PROVIDE (__end_noinit_RAM3 = .)
                [!provide]                PROVIDE (__end_noinit_FLEX_RAM = .)

.noinit         0x20002ba8        0x0
                0x20002ba8                _noinit = .
                [!provide]                PROVIDE (__start_noinit_RAM = .)
                [!provide]                PROVIDE (__start_noinit_SRAM_UPPER = .)
 *(SORT_BY_ALIGNMENT(.noinit*))
                0x20002ba8                . = ALIGN (0x8)
                0x20002ba8                _end_noinit = .
                [!provide]                PROVIDE (__end_noinit_RAM = .)
                [!provide]                PROVIDE (__end_noinit_SRAM_UPPER = .)

.ARM.extab
 *(SORT_BY_ALIGNMENT(.ARM.extab*) SORT_BY_ALIGNMENT(.gnu.linkonce.armextab.*))

.ARM.exidx      0x0000a250        0x0
                0x0000a250                __exidx_start = .
 *(SORT_BY_ALIGNMENT(.ARM.exidx*) SORT_BY_ALIGNMENT(.gnu.linkonce.armexidx.*))
                0x0000a250                __exidx_end = .
                0x00001000                _HeapSize = 0x1000

.heap           0x20002ba8     0x1000
                0x20002ba8                _pvHeapStart = .
                0x20003ba8                . = (. + _HeapSize)
 *fill*         0x20002ba8     0x1000 
                0x20003ba8                . = ALIGN (0x8)
                0x20003ba8                _pvHeapLimit = .
                0x00001000                _StackSize = 0x1000

.heap2stackfill
                0x20003ba8     0x1000
                0x20004ba8                . = (. + _StackSize)
 *fill*         0x20003ba8     0x1000 

.stack          0x2002f000        0x0
                0x2002f000                _vStackBase = .
                0x2002f000                . = ALIGN (0x8)
                0x20030000                _vStackTop = (. + _StackSize)
                0x00000000                _image_start = LOADADDR (.text)
                0x0000a250                _image_end = (LOADADDR (.data) + SIZEOF (.data))
                0x0000a250                _image_size = (_image_end - _image_start)
OUTPUT(frdmk64f_freertos_uart.axf elf32-littlearm)
LOAD linker stubs

.debug_info     0x00000000    0x110c7
 .debug_info    0x00000000       0xaa ./utilities/fsl_assert.o
 .debug_info    0x000000aa      0xc2b ./utilities/fsl_debug_console.o
 .debug_info    0x00000cd5      0xafc ./utilities/fsl_str.o
 .debug_info    0x000017d1      0x93a ./startup/startup_mk64f12.o
 .debug_info    0x0000210b     0x147b ./source/freertos_uart.o
 .debug_info    0x00003586       0x3c ./source/semihost_hardfault.o