../source/A7_modem.c:55:5:main	16	static
../source/A7_modem.c:90:6:modem_uart_init	24	static
../source/A7_modem.c:124:5:check_modem_result	24	static
../source/A7_modem.c:155:6:readByteToBuffer	24	static
../source/A7_modem.c:219:6:send_at_commands	56	static
../source/A7_modem.c:294:6:send_at_command_sms	104	static
../source/A7_modem.c:379:6:clear_modem_buffer	8	static
../source/A7_modem.c:393:6:get_modem_response_uart	16	static
../source/A7_modem.c:416:12:check_modem_state	16	static
../source/A7_modem.c:479:12:get_network_state	16	static
../source/A7_modem.c:520:8:ddm_to_dd	40	static
../source/A7_modem.c:538:12:get_gps_info	80	static
../source/A7_modem.c:625:12:network_scan	16	static
../source/A7_modem.c:659:13:modem_task	32	static
