../source/freertos_uart.c:47:5:main	16	static
../source/freertos_uart.c:75:13:modem_task	24	static
../source/freertos_uart.c:178:6:modem_uart_init	24	static
../source/freertos_uart.c:202:6:send_at_commands	56	static
../source/freertos_uart.c:268:6:send_at_command_sms	96	static
../source/freertos_uart.c:345:6:readByteToBuffer	24	static
../source/freertos_uart.c:392:6:clear_modem_buffer	8	static
../source/freertos_uart.c:401:5:check_modem_result	24	static
../source/freertos_uart.c:418:6:get_modem_response_uart	16	static
